 AcpiModeEnable

 Timestamp is 6448e7ee (Wed Apr 26 16:59:26 2023)

 Preferred load address is 0000000000000000

 Start         Length     Name                   Class
 0001:00000000 00000b10H .text                   CODE
 0002:00000000 000005f8H .data                   DATA
 0002:00000600 00000004H .rdata                  DATA
 0002:00000610 000001c9H .bss                    DATA
 0003:00000000 000000a8H .pdata                  DATA
 0004:00000000 00000040H .xdata                  DATA

  Address         Publics by Value              Rva+Base               Lib:Object

 0001:00000000       _ModuleEntryPoint          00000000000002a0 f   UefiDriverEntryPoint:DriverEntryPoint.obj
 0001:000000c4       AddLink                    0000000000000364 f   AcpiModeEnable:AcpiModeEnable.obj
 0001:0000012c       RemoveLink                 00000000000003cc f   AcpiModeEnable:AcpiModeEnable.obj
 0001:00000188       EfiAcpiEnRegister          0000000000000428 f   AcpiModeEnable:AcpiModeEnable.obj
 0001:000001d8       EfiAcpiEnUnregister        0000000000000478 f   AcpiModeEnable:AcpiModeEnable.obj
 0001:0000020c       EfiAcpiDisRegister         00000000000004ac f   AcpiModeEnable:AcpiModeEnable.obj
 0001:0000025c       EfiAcpiDisUnregister       00000000000004fc f   AcpiModeEnable:AcpiModeEnable.obj
 0001:00000290       EnableAcpiMode             0000000000000530 f   AcpiModeEnable:AcpiModeEnable.obj
 0001:00000328       DisableAcpiMode            00000000000005c8 f   AcpiModeEnable:AcpiModeEnable.obj
 0001:0000039c       AcpiModeEnableInSmmFunction 000000000000063c f   AcpiModeEnable:AcpiModeEnable.obj
 0001:00000568       AcpiModeEnableInit         0000000000000808 f   AcpiModeEnable:AcpiModeEnable.obj
 0001:000006a0       InternalAssertJumpBuffer   0000000000000940 f   BaseLib:SetJump.obj
 0001:000006a4       LibInitStatusCodePtr       0000000000000944 f   AmiDxeLib:EfiLib.obj
 0001:000006e8       TraceGetAmiDebugServicesProtocolInstance 0000000000000988 f   AmiDxeLib:EfiLib.obj
 0001:000007cc       GetSmstConfigurationTable  0000000000000a6c f   AmiDxeLib:EfiLib.obj
 0001:00000824       MemCmp                     0000000000000ac4 f   AmiDxeLib:Memory.obj
 0001:000008a0       SetJump                    0000000000000b40     BaseLib:SetJump.obj
 0001:00000930       InternalLongJump           0000000000000bd0     BaseLib:LongJump.obj
 0001:000009b0       GetCpuTimer                0000000000000c50 f   AmiDxeLib:GetCpuTimer.obj
 0001:000009c0       CPULib_CpuID               0000000000000c60 f   AmiDxeLib:CpuLib_CpuId.obj
 0001:00000a00       memset                     0000000000000ca0     AmiDxeLib:MemSet.obj
 0001:00000a0e       MemSetAsm                  0000000000000cae f   AmiDxeLib:MemSet.obj
 0001:00000a60       MemCpyAsm                  0000000000000d00 f   AmiDxeLib:MemCpy.obj
 0001:00000a60       memcpy                     0000000000000d00     AmiDxeLib:MemCpy.obj
 0002:00000000       gEfiSmmSwDispatch2ProtocolGuid 0000000000000dc0     AcpiModeEnable:AutoGen.obj
 0002:00000010       gEfiAcpiEnDispatchProtocolGuid 0000000000000dd0     AcpiModeEnable:AutoGen.obj
 0002:00000020       gEfiAcpiDisDispatchProtocolGuid 0000000000000de0     AcpiModeEnable:AutoGen.obj
 0002:00000030       gEfiSmmBase2ProtocolGuid   0000000000000df0     AcpiModeEnable:AutoGen.obj
 0002:00000040       gAmiSmmDebugServiceProtocolGuid 0000000000000e00     AcpiModeEnable:AutoGen.obj
 0002:00000050       gAmiDebugServiceProtocolGuid 0000000000000e10     AcpiModeEnable:AutoGen.obj
 0002:00000060       EfiErrorStatus             0000000000000e20     AmiDxeLib:StdLibC.obj
 0002:000003a0       PiErrorStatus              0000000000001160     AmiDxeLib:StdLibC.obj
 0002:000003f0       AmiErrorStatus             00000000000011b0     AmiDxeLib:StdLibC.obj
 0002:00000430       EfiWarningStatus           00000000000011f0     AmiDxeLib:StdLibC.obj
 0002:000004a0       PiWarningStatus            0000000000001260     AmiDxeLib:StdLibC.obj
 0002:000004e8       EfiUnknown                 00000000000012a8     AmiDxeLib:StdLibC.obj
 0002:000005c8       gEfiAcpiEnDispatchProtocol 0000000000001388     AcpiModeEnable:AcpiModeEnable.obj
 0002:000005d8       gEfiAcpiDisDispatchProtocol 0000000000001398     AcpiModeEnable:AcpiModeEnable.obj
 0002:000005e8       SmmRsTableGuid             00000000000013a8     AmiDxeLib:EfiLib.obj
 0002:00000600       _gUefiDriverRevision       00000000000013c0     AcpiModeEnable:AutoGen.obj
 0002:00000710       gAcpiEnDispatchHead        00000000000014d0     AcpiModeEnable:AcpiModeEnable.obj
 0002:00000718       gAcpiEnDispatchTail        00000000000014d8     AcpiModeEnable:AcpiModeEnable.obj
 0002:00000720       gAcpiDisDispatchHead       00000000000014e0     AcpiModeEnable:AcpiModeEnable.obj
 0002:00000728       gAcpiDisDispatchTail       00000000000014e8     AcpiModeEnable:AcpiModeEnable.obj
 0002:00000730       AcpiEnableCallbackList     00000000000014f0     AcpiModeEnable:AcpiModeEnable.obj
 0002:00000738       AcpiDisableCallbackList    00000000000014f8     AcpiModeEnable:AcpiModeEnable.obj
 0002:00000740       gImageHandle               0000000000001500     UefiBootServicesTableLib:UefiBootServicesTableLib.obj
 0002:00000748       gST                        0000000000001508     UefiBootServicesTableLib:UefiBootServicesTableLib.obj
 0002:00000750       gBS                        0000000000001510     UefiBootServicesTableLib:UefiBootServicesTableLib.obj
 0002:00000758       gSmst                      0000000000001518     SmmServicesTableLib:SmmServicesTableLib.obj
 0002:000007a8       pST                        0000000000001568     AmiDxeLib:EfiLib.obj
 0002:000007b0       pBS                        0000000000001570     AmiDxeLib:EfiLib.obj
 0002:000007b8       pRS                        0000000000001578     AmiDxeLib:EfiLib.obj
 0002:000007c0       pSmmBase                   0000000000001580     AmiDxeLib:EfiLib.obj
 0002:000007c8       pSmst                      0000000000001588     AmiDxeLib:EfiLib.obj
 0002:000007d0       TheImageHandle             0000000000001590     AmiDxeLib:EfiLib.obj
 0002:000007d8       mPerformanceMeasurementEnabled 0000000000001598     <common>

 entry point at        0001:00000000

 Static symbols

