 CrbDxe

 Timestamp is 6448e7fa (Wed Apr 26 16:59:38 2023)

 Preferred load address is 0000000000000000

 Start         Length     Name                   Class
 0001:00000000 000008ddH .text                   CODE
 0002:00000000 00000108H .data                   DATA
 0002:00000108 0000005aH .rdata                  DATA
 0002:00000168 00000040H .bss                    DATA
 0003:00000000 00000090H .pdata                  DATA
 0004:00000000 00000070H .xdata                  DATA

  Address         Publics by Value              Rva+Base               Lib:Object

 0000:00000000       __ImageBase                0000000000000000     <linker-defined>
 0001:00000000       _ModuleEntryPoint          00000000000002a0 f   UefiDriverEntryPoint:DriverEntryPoint.obj
 0001:00000064       ProcessModuleEntryPointList 0000000000000304 f   CrbDxe:AutoGen.obj
 0001:00000128       CrbDxeGetChipsetVendorNo   00000000000003c8 f   CrbDxe:CrbDxe.obj
 0001:000001f4       CrbDxeGetCpuId             0000000000000494 f   CrbDxe:CrbDxe.obj
 0001:00000220       CrbDxeGetNorthBridgePciId  00000000000004c0 f   CrbDxe:CrbDxe.obj
 0001:00000254       CrbDxeGetSouthBridgePciId  00000000000004f4 f   CrbDxe:CrbDxe.obj
 0001:00000290       CrbDxeGetProjectId         0000000000000530 f   CrbDxe:CrbDxe.obj
 0001:00000298       CrbDxeGetBiosRevision      0000000000000538 f   CrbDxe:CrbDxe.obj
 0001:000002a0       DisableIrq7                0000000000000540 f   CrbDxe:CrbDxe.obj
 0001:0000031c       UpdateType41TableData      00000000000005bc f   CrbDxe:UpdateSmbiosTable.obj
 0001:00000494       UpdateSmbiosType41Table    0000000000000734 f   CrbDxe:UpdateSmbiosTable.obj
 0001:000005dc       UpdateSmbiosType9Table     000000000000087c f   CrbDxe:UpdateSmbiosTable.obj
 0001:000007a4       UpdateSmbiosTables         0000000000000a44 f   CrbDxe:UpdateSmbiosTable.obj
 0001:000007f4       InternalAllocatePool       0000000000000a94 f   UefiMemoryAllocationLib:MemoryAllocationLib.obj
 0001:00000830       InternalMemCompareMem      0000000000000ad0     BaseMemoryLibRepStr:CompareMem.obj
 0001:00000850       AsmCpuid                   0000000000000af0     BaseLib:CpuId.obj
 0001:00000880       InternalMemCopyMem         0000000000000b20     BaseMemoryLibRepStr:CopyMem.obj
 0001:000008c0       InternalMemZeroMem         0000000000000b60     BaseMemoryLibRepStr:ZeroMem.obj
 0002:00000000       gEfiEventLegacyBootGuid    0000000000000b80     CrbDxe:AutoGen.obj
 0002:00000010       gEfiPciIoProtocolGuid      0000000000000b90     CrbDxe:AutoGen.obj
 0002:00000020       gEfiS3SaveStateProtocolGuid 0000000000000ba0     CrbDxe:AutoGen.obj
 0002:00000030       gAmiEfiCrbInfoProtocolGuid 0000000000000bb0     CrbDxe:AutoGen.obj
 0002:00000040       gEfiSmbiosProtocolGuid     0000000000000bc0     CrbDxe:AutoGen.obj
 0002:00000050       gEfiLegacy8259ProtocolGuid 0000000000000bd0     CrbDxe:AutoGen.obj
 0002:00000060       DeviceEnable               0000000000000be0     CrbDxe:UpdateSmbiosTable.obj
 0002:00000070       gSlotInfo                  0000000000000bf0     CrbDxe:UpdateSmbiosTable.obj
 0002:000000b8       onBoardDevicesDesignator   0000000000000c38     CrbDxe:UpdateSmbiosTable.obj
 0002:000000d8       gAmiCrbInforProtocol       0000000000000c58     CrbDxe:CrbDxe.obj
 0002:00000108       ProjectTag                 0000000000000c88     CrbDxe:CrbDxe.obj
 0002:00000110       _gUefiDriverRevision       0000000000000c90     CrbDxe:AutoGen.obj
 0002:00000114       ??_C@_04MOGBOKAO@letnI@    0000000000000c94     CrbDxe:CrbDxe.obj
 0002:0000011c       ??_C@_02DDCBEDLP@DMA@      0000000000000c9c     CrbDxe:CrbDxe.obj
 0002:00000120       ??_C@_0O@OHJNHAFJ@Onboard?5Video?$AA@ 0000000000000ca0     CrbDxe:UpdateSmbiosTable.obj
 0002:00000130       ??_C@_0N@IALFCOFA@Onboard?5SATA?$AA@ 0000000000000cb0     CrbDxe:UpdateSmbiosTable.obj
 0002:00000140       ??_C@_0M@GJMFFHIB@Onboard?5LAN?$AA@ 0000000000000cc0     CrbDxe:UpdateSmbiosTable.obj
 0002:0000014c       ??_C@_05FMDDPMKA@Slot3?$AA@ 0000000000000ccc     CrbDxe:UpdateSmbiosTable.obj
 0002:00000154       ??_C@_05EFCIMNOB@Slot2?$AA@ 0000000000000cd4     CrbDxe:UpdateSmbiosTable.obj
 0002:0000015c       ??_C@_05GOAFJOCC@Slot1?$AA@ 0000000000000cdc     CrbDxe:UpdateSmbiosTable.obj
 0002:00000170       dev                        0000000000000cf0     CrbDxe:UpdateSmbiosTable.obj
 0002:00000178       gImageHandle               0000000000000cf8     UefiBootServicesTableLib:UefiBootServicesTableLib.obj
 0002:00000180       gST                        0000000000000d00     UefiBootServicesTableLib:UefiBootServicesTableLib.obj
 0002:00000188       gBS                        0000000000000d08     UefiBootServicesTableLib:UefiBootServicesTableLib.obj
 0002:00000190       gRT                        0000000000000d10     UefiRuntimeServicesTableLib:UefiRuntimeServicesTableLib.obj
 0002:00000198       S3SaveState                0000000000000d18     DxeS3BootScriptLibS3SaveStateProtocol:S3BootScriptLibS3SaveStateProtocol.obj
 0002:000001a0       gEfiSmbiosProtocol         0000000000000d20     <common>

 entry point at        0001:00000000

 Static symbols

