 SataController

 Timestamp is 6448e7f0 (Wed Apr 26 16:59:28 2023)

 Preferred load address is 0000000000000000

 Start         Length     Name                   Class
 0001:00000000 00000d0dH .text                   CODE
 0002:00000000 00000114H .data                   DATA
 0002:00000120 000000e4H .rdata                  DATA
 0002:00000208 00000020H .bss                    DATA
 0003:00000000 00000090H .pdata                  DATA
 0004:00000000 0000009cH .xdata                  DATA

  Address         Publics by Value              Rva+Base               Lib:Object

 0001:00000000       _ModuleEntryPoint          00000000000002a0 f   UefiDriverEntryPoint:DriverEntryPoint.obj
 0001:00000088       SataControllerSupported    0000000000000328 f   SataController:SataController.obj
 0001:00000258       SataControllerStart        00000000000004f8 f   SataController:SataController.obj
 0001:00000454       SataControllerStop         00000000000006f4 f   SataController:SataController.obj
 0001:00000508       IdeInitGetChannelInfo      00000000000007a8 f   SataController:SataController.obj
 0001:00000528       IdeInitNotifyPhase         00000000000007c8 f   SataController:SataController.obj
 0001:00000550       IdeInitSubmitData          00000000000007f0 f   SataController:SataController.obj
 0001:000005c0       IdeInitDisqualifyMode      0000000000000860 f   SataController:SataController.obj
 0001:00000608       IdeInitCalculateMode       00000000000008a8 f   SataController:SataController.obj
 0001:00000778       IdeInitSetTiming           0000000000000a18 f   SataController:SataController.obj
 0001:0000077c       CalculateBestPioMode       0000000000000a1c f   SataController:SataController.obj
 0001:000008b0       SataControllerGetDriverName 0000000000000b50 f   SataController:SataControllerName.obj
 0001:000008f4       SataControllerGetControllerName 0000000000000b94 f   SataController:SataControllerName.obj
 0001:000009dc       GetPchSeries               0000000000000c7c f   PeiDxeSmmPchInfoLib:PchInfoLib.obj
 0001:00000af8       InternalAllocatePool       0000000000000d98 f   UefiMemoryAllocationLib:MemoryAllocationLib.obj
 0001:00000b28       LookupUnicodeString2       0000000000000dc8 f   UefiLib:UefiLib.obj
 0001:00000cb0       InternalMemCopyMem         0000000000000f50     BaseMemoryLibRepStr:CopyMem.obj
 0001:00000cf0       InternalMemZeroMem         0000000000000f90     BaseMemoryLibRepStr:ZeroMem.obj
 0002:00000000       gSataControllerDriverGuid  0000000000000fc0     SataController:AutoGen.obj
 0002:00000010       gEfiDevicePathProtocolGuid 0000000000000fd0     SataController:AutoGen.obj
 0002:00000020       gEfiPciIoProtocolGuid      0000000000000fe0     SataController:AutoGen.obj
 0002:00000030       gEfiIdeControllerInitProtocolGuid 0000000000000ff0     SataController:AutoGen.obj
 0002:00000040       gEfiDriverBindingProtocolGuid 0000000000001000     SataController:AutoGen.obj
 0002:00000050       gEfiComponentNameProtocolGuid 0000000000001010     SataController:AutoGen.obj
 0002:00000060       gEfiComponentName2ProtocolGuid 0000000000001020     SataController:AutoGen.obj
 0002:00000070       mSataControllerDriverBinding 0000000000001030     SataController:SataController.obj
 0002:000000a0       mSataControllerName        0000000000001060     SataController:SataControllerName.obj
 0002:000000b8       mSataControllerName2       0000000000001078     SataController:SataControllerName.obj
 0002:00000110       mPchSeries                 00000000000010d0     PeiDxeSmmPchInfoLib:PchInfoLib.obj
 0002:00000120       _gUefiDriverRevision       00000000000010e0     SataController:AutoGen.obj
 0002:00000130       ??_C@_1EG@EOBHKMPF@?$AAI?$AAn?$AAt?$AAe?$AAl?$AA?$CI?$AAR?$AA?$CJ?$AA?5?$AAP?$AAC?$AAH?$AA?5?$AAS?$AAe?$AAr?$AAi?$AAa?$AAl?$AA?5?$AAA?$AAT?$AAA?$AA?5?$AAC?$AAo?$AAn?$AAt?$AAr?$AAo?$AAl?$AAl@ 00000000000010f0     SataController:SataControllerName.obj
 0002:00000180       ??_C@_1HC@MGLEAGCP@?$AAI?$AAn?$AAt?$AAe?$AAl?$AA?$CI?$AAR?$AA?$CJ?$AA?5?$AAP?$AAC?$AAH?$AA?5?$AAS?$AAe?$AAr?$AAi?$AAa?$AAl?$AA?5?$AAA?$AAT?$AAA?$AA?5?$AAC?$AAo?$AAn?$AAt?$AAr?$AAo?$AAl?$AAl@ 0000000000001140     SataController:SataControllerName.obj
 0002:000001f4       ??_C@_06DALJLGPG@eng?$DLen?$AA@ 00000000000011b4     SataController:SataControllerName.obj
 0002:000001fc       ??_C@_02LFNMGJAP@en?$AA@   00000000000011bc     SataController:SataControllerName.obj
 0002:00000200       ??_C@_03LKLGDMJI@eng?$AA@  00000000000011c0     SataController:SataControllerName.obj
 0002:00000208       gImageHandle               00000000000011c8     UefiBootServicesTableLib:UefiBootServicesTableLib.obj
 0002:00000210       gST                        00000000000011d0     UefiBootServicesTableLib:UefiBootServicesTableLib.obj
 0002:00000218       gBS                        00000000000011d8     UefiBootServicesTableLib:UefiBootServicesTableLib.obj
 0002:00000220       gRT                        00000000000011e0     UefiRuntimeServicesTableLib:UefiRuntimeServicesTableLib.obj

 entry point at        0001:00000000

 Static symbols

