 WheaPlatform

 Timestamp is 6448e7f8 (Wed Apr 26 16:59:36 2023)

 Preferred load address is 0000000000000000

 Start         Length     Name                   Class
 0001:00000000 0000237cH .text                   CODE
 0002:00000000 000001d0H .data                   DATA
 0002:000001d0 00000004H .rdata                  DATA
 0002:000001e0 00000178H .bss                    DATA
 0003:00000000 00000114H .pdata                  DATA
 0004:00000000 00000090H .xdata                  DATA

  Address         Publics by Value              Rva+Base               Lib:Object

 0001:00000000       _ModuleEntryPoint          00000000000002a0 f   UefiDriverEntryPoint:DriverEntryPoint.obj
 0001:000000bc       InstallWheaPlatform        000000000000035c f   WheaPlatform:WheaPlatform.obj
 0001:00000638       WheaPlatformEnable         00000000000008d8 f   WheaPlatform:WheaPlatform.obj
 0001:00000660       WheaPlatformDisable        0000000000000900 f   WheaPlatform:WheaPlatform.obj
 0001:00000688       WheaPlatformRuntimeInit    0000000000000928 f   WheaPlatform:WheaPlatform.obj
 0001:0000079c       InternalAssertJumpBuffer   0000000000000a3c f   BaseLib:SetJump.obj
 0001:000007a0       ZeroMem                    0000000000000a40 f   BaseMemoryLibRepStr:ZeroMemWrapper.obj
 0001:000007a8       WheaGenElogMemory          0000000000000a48 f   WheaErrorLib:WheaErrorLib.obj
 0001:00000b88       WheaGenElogPcieRootDevBridge 0000000000000e28 f   WheaErrorLib:WheaErrorLib.obj
 0001:0000149c       WheaGenElogPciDev          000000000000173c f   WheaErrorLib:WheaErrorLib.obj
 0001:0000180c       WheaGenElogIohDev          0000000000001aac f   WheaErrorLib:WheaErrorLib.obj
 0001:00001d58       WheaGenElogNonStandardDev  0000000000001ff8 f   WheaErrorLib:WheaErrorLib.obj
 0001:00001f60       WheaGetMemoryFruInfo       0000000000002200 f   WheaPlatformHooksLib:WheaPlatformHooksLib.obj
 0001:00002028       TriggerWheaSci             00000000000022c8 f   WheaPlatformHooksLib:WheaPlatformHooksLib.obj
 0001:0000212c       ProgramWheaSignalsHook     00000000000023cc f   WheaPlatformHooksLib:WheaPlatformHooksLib.obj
 0001:000021b0       CopyMem                    0000000000002450 f   BaseMemoryLibRepStr:CopyMemWrapper.obj
 0001:000021d0       CompareGuid                0000000000002470 f   BaseMemoryLibRepStr:MemLibGuid.obj
 0001:000021e8       PciExpressRead8            0000000000002488 f   BasePciExpressLib:PciExpressLib.obj
 0001:000021f4       PciExpressRead16           0000000000002494 f   BasePciExpressLib:PciExpressLib.obj
 0001:00002200       PciExpressRead32           00000000000024a0 f   BasePciExpressLib:PciExpressLib.obj
 0001:00002210       SetJump                    00000000000024b0     BaseLib:SetJump.obj
 0001:000022a0       InternalLongJump           0000000000002540     BaseLib:LongJump.obj
 0001:00002320       InternalMemZeroMem         00000000000025c0     BaseMemoryLibRepStr:ZeroMem.obj
 0001:00002340       InternalMemCopyMem         00000000000025e0     BaseMemoryLibRepStr:CopyMem.obj
 0002:00000000       gEfiWheaPcieErrorSectionGuid 0000000000002620     WheaPlatform:AutoGen.obj
 0002:00000010       gEfiWheaPlatformMemoryErrorSectionGuid 0000000000002630     WheaPlatform:AutoGen.obj
 0002:00000020       gEfiWheaPciDevErrorSectionGuid 0000000000002640     WheaPlatform:AutoGen.obj
 0002:00000030       gEfiWheaPlatformNonStandardErrorSectionGuid 0000000000002650     WheaPlatform:AutoGen.obj
 0002:00000040       gEfiWheaSupportProtocolGuid 0000000000002660     WheaPlatform:AutoGen.obj
 0002:00000050       gEfiSmmBase2ProtocolGuid   0000000000002670     WheaPlatform:AutoGen.obj
 0002:00000060       gEfiSmmSwDispatch2ProtocolGuid 0000000000002680     WheaPlatform:AutoGen.obj
 0002:00000070       gEfiWheaPlatformSupportProtocolGuid 0000000000002690     WheaPlatform:AutoGen.obj
 0002:000000a0       PchLpRprDidTable           00000000000026c0     PeiDxeSmmPchCycleDecodingLib:PchCycleDecodingLib.obj
 0002:000000b8       PchHRprDidTable            00000000000026d8     PeiDxeSmmPchCycleDecodingLib:PchCycleDecodingLib.obj
 0002:000000e0       PlatformCeSrc              0000000000002700     WheaPlatformHooksLib:WheaPlatformHooksLib.obj
 0002:00000118       PlatformUeSrc              0000000000002738     WheaPlatformHooksLib:WheaPlatformHooksLib.obj
 0002:00000150       SysGenErrSources           0000000000002770     WheaPlatformHooksLib:WheaPlatformHooksLib.obj
 0002:00000180       NumSysGenericErrorSources  00000000000027a0     WheaPlatformHooksLib:WheaPlatformHooksLib.obj
 0002:00000190       mPlatformWheaInst          00000000000027b0     WheaPlatform:WheaPlatform.obj
 0002:000001d0       _gUefiDriverRevision       00000000000027f0     WheaPlatform:AutoGen.obj
 0002:000002e0       IsWheaEnableOS             0000000000002900     WheaPlatform:WheaPlatform.obj
 0002:000002e1       IsCeLogged                 0000000000002901     WheaPlatform:WheaPlatform.obj
 0002:000002e2       IsUeFatalLogged            0000000000002902     WheaPlatform:WheaPlatform.obj
 0002:000002e8       mSmmBase                   0000000000002908     WheaPlatform:WheaPlatform.obj
 0002:000002f0       mSmmRT                     0000000000002910     WheaPlatform:WheaPlatform.obj
 0002:000002f8       mSmst                      0000000000002918     WheaPlatform:WheaPlatform.obj
 0002:00000300       gImageHandle               0000000000002920     UefiBootServicesTableLib:UefiBootServicesTableLib.obj
 0002:00000308       gST                        0000000000002928     UefiBootServicesTableLib:UefiBootServicesTableLib.obj
 0002:00000310       gBS                        0000000000002930     UefiBootServicesTableLib:UefiBootServicesTableLib.obj
 0002:00000318       gSmst                      0000000000002938     SmmServicesTableLib:SmmServicesTableLib.obj
 0002:00000320       ZeroGuid                   0000000000002940     WheaErrorLib:WheaErrorLib.obj
 0002:00000330       SysNativeErrSources        0000000000002950     WheaPlatformHooksLib:WheaPlatformHooksLib.obj
 0002:00000350       NumNativeErrorSources      0000000000002970     WheaPlatformHooksLib:WheaPlatformHooksLib.obj

 entry point at        0001:00000000

 Static symbols

 0001:00000200       FindSysGenErrorSource      00000000000004a0 f    CIL library: CIL module
 0001:00000240       RestartAllWheaElog         00000000000004e0 f    CIL library: CIL module
 0001:000002a0       RestartWheaElog            0000000000000540 f    CIL library: CIL module
 0001:0000032c       EndWheaElog                00000000000005cc f    CIL library: CIL module
 0001:00000368       PlatformElogMemory         0000000000000608 f    CIL library: CIL module
 0001:000003f0       PlatformElogPcieRootDevBridge 0000000000000690 f    CIL library: CIL module
 0001:00000480       PlatformElogPciDev         0000000000000720 f    CIL library: CIL module
 0001:00000510       PlatformElogIohDev         00000000000007b0 f    CIL library: CIL module
 0001:000005a8       PlatformElogNonStandardDev 0000000000000848 f    CIL library: CIL module
 0001:00001144       PcieGetCapabilities        00000000000013e4 f    CIL library: CIL module
 0001:00001270       PcieGetAer                 0000000000001510 f    CIL library: CIL module
