 RomLayoutDxe

 Timestamp is 6448e7ec (Wed Apr 26 16:59:24 2023)

 Preferred load address is 0000000000000000

 Start         Length     Name                   Class
 0001:00000000 0000079dH .text                   CODE
 0002:00000000 00000068H .data                   DATA
 0002:00000068 00000004H .rdata                  DATA
 0002:00000070 00000060H .bss                    DATA
 0003:00000000 00000084H .pdata                  DATA
 0004:00000000 0000007cH .xdata                  DATA

  Address         Publics by Value              Rva+Base               Lib:Object

 0001:00000000       _ModuleEntryPoint          00000000000002a0 f   UefiDriverEntryPoint:DriverEntryPoint.obj
 0001:0000002c       ProcessLibraryConstructorList 00000000000002cc f   RomLayoutDxe:AutoGen.obj
 0001:000001cc       ProcessModuleEntryPointList 000000000000046c f   RomLayoutDxe:AutoGen.obj
 0001:000002b8       DxeGetRomLayout            0000000000000558 f   RomLayoutDxe:RomLayoutDxe.obj
 0001:00000378       DxePublishFv               0000000000000618 f   RomLayoutDxe:RomLayoutDxe.obj
 0001:00000448       DxePublishFvArea           00000000000006e8 f   RomLayoutDxe:RomLayoutDxe.obj
 0001:000004a0       ProcessFvBeforePublishingHook 0000000000000740 f   RomLayoutDxe:RomLayoutDxe.obj
 0001:000004f0       ReportFvBdsCallback        0000000000000790 f   RomLayoutDxe:RomLayoutDxe.obj
 0001:000005cc       EfiGetSystemConfigurationTable 000000000000086c f   UefiLib:UefiLib.obj
 0001:00000630       GetFirstGuidHob            00000000000008d0 f   DxeHobLib:HobLib.obj
 0001:00000674       AmiPublishFvArea           0000000000000914 f   DxeAmiRomLayoutLib:DxeAmiRomLayoutLib.obj
 0001:000006c0       AmiGetNextRomArea          0000000000000960 f   DxeAmiRomLayoutLib:AmiRomLayoutLibCommon.obj
 0001:000006f0       InternalAllocateZeroPool   0000000000000990 f   UefiMemoryAllocationLib:MemoryAllocationLib.obj
 0001:00000740       InternalMemCopyMem         00000000000009e0     BaseMemoryLibRepStr:CopyMem.obj
 0001:00000780       InternalMemZeroMem         0000000000000a20     BaseMemoryLibRepStr:ZeroMem.obj
 0002:00000000       gEfiHobListGuid            0000000000000a40     RomLayoutDxe:AutoGen.obj
 0002:00000010       gEfiDxeServicesTableGuid   0000000000000a50     RomLayoutDxe:AutoGen.obj
 0002:00000020       gAmiRomLayoutGuid          0000000000000a60     RomLayoutDxe:AutoGen.obj
 0002:00000030       AmiRomLayoutProtocolGuid   0000000000000a70     RomLayoutDxe:AutoGen.obj
 0002:00000040       AmiRomLayoutProtocol       0000000000000a80     RomLayoutDxe:RomLayoutDxe.obj
 0002:00000068       _gUefiDriverRevision       0000000000000aa8     RomLayoutDxe:AutoGen.obj
 0002:00000070       DxeProcessFvBeforePublishingList 0000000000000ab0     RomLayoutDxe:RomLayoutDxe.obj
 0002:00000080       gImageHandle               0000000000000ac0     UefiBootServicesTableLib:UefiBootServicesTableLib.obj
 0002:00000088       gST                        0000000000000ac8     UefiBootServicesTableLib:UefiBootServicesTableLib.obj
 0002:00000090       gBS                        0000000000000ad0     UefiBootServicesTableLib:UefiBootServicesTableLib.obj
 0002:00000098       gRT                        0000000000000ad8     UefiRuntimeServicesTableLib:UefiRuntimeServicesTableLib.obj
 0002:000000a0       mHobList                   0000000000000ae0     DxeHobLib:HobLib.obj
 0002:000000a8       gDS                        0000000000000ae8     DxeServicesTableLib:DxeServicesTableLib.obj
 0002:000000b0       gAmiRomLayout              0000000000000af0     DxeAmiRomLayoutLib:AmiRomLayoutLibCommon.obj
 0002:000000b8       gAmiRomLayoutVersion       0000000000000af8     DxeAmiRomLayoutLib:AmiRomLayoutLibCommon.obj
 0002:000000bc       gAmiRomAreaSize            0000000000000afc     DxeAmiRomLayoutLib:AmiRomLayoutLibCommon.obj
 0002:000000c0       gAmiRomLayoutSize          0000000000000b00     DxeAmiRomLayoutLib:AmiRomLayoutLibCommon.obj
 0002:000000c8       gAmiRomLayoutEnd           0000000000000b08     DxeAmiRomLayoutLib:AmiRomLayoutLibCommon.obj

 entry point at        0001:00000000

 Static symbols

