 Tpm20Acpi

 Timestamp is 6448e7f9 (Wed Apr 26 16:59:37 2023)

 Preferred load address is 0000000000000000

 Start         Length     Name                   Class
 0001:00000000 00000c13H .text                   CODE
 0002:00000000 000000c4H .data                   DATA
 0002:000000c8 00000059H .rdata                  DATA
 0002:00000128 00000070H .bss                    DATA
 0003:00000000 00000090H .pdata                  DATA
 0004:00000000 0000006cH .xdata                  DATA

  Address         Publics by Value              Rva+Base               Lib:Object

 0001:00000000       _ModuleEntryPoint          0000000000000280 f   UefiDriverEntryPoint:DriverEntryPoint.obj
 0001:000000c0       ProcessModuleEntryPointList 0000000000000340 f   Tpm20Acpi:AutoGen.obj
 0001:0000020c       AcpiOnVariableLockProtocolGuid 000000000000048c f   Tpm20Acpi:Tpm20Acpi.obj
 0001:00000260       Tpm20PublishAcpiTable      00000000000004e0 f   Tpm20Acpi:Tpm20Acpi.obj
 0001:0000069c       GetPcdProtocol             000000000000091c f   DxePcdLib:DxePcdLib.obj
 0001:000006d8       TcgLibGetDsdt              0000000000000958 f   TcgAslLib:TcgAslLib.obj
 0001:00000878       UpdateAslNameBuffer        0000000000000af8 f   TcgAslLib:TcgAslLib.obj
 0001:00000990       TcgUpdateAslNameObject     0000000000000c10 f   TcgAslLib:TcgAslLib.obj
 0001:000009c8       TcgSetVariableWithNewAttributes 0000000000000c48 f   AmiTcgLibDxe:AmiTcgPlatformDxeLib.obj
 0001:00000ab8       PttHciPresenceCheck        0000000000000d38 f   PttHciDeviceNullLib:PttHciLibNull.obj
 0001:00000ac0       InternalMemCompareMem      0000000000000d40     BaseMemoryLibRepStr:CompareMem.obj
 0001:00000ae0       InternalMemCopyMem         0000000000000d60     BaseMemoryLibRepStr:CopyMem.obj
 0001:00000b20       InternalMemZeroMem         0000000000000da0     BaseMemoryLibRepStr:ZeroMem.obj
 0001:00000b40       IsPTP                      0000000000000dc0 f   CrbLibDxe:Tpm20CRBLib.obj
 0001:00000b74       GetCurrentInterfaceType    0000000000000df4 f   CrbLibDxe:Tpm20CRBLib.obj
 0001:00000bcc       isTpm20CrbPresent          0000000000000e4c f   CrbLibDxe:Tpm20CRBLib.obj
 0001:00000c10       CpuPause                   0000000000000e90     BaseLib:CpuPause.obj
 0002:00000000       gEfiHobListGuid            0000000000000ea0     Tpm20Acpi:AutoGen.obj
 0002:00000010       FlagsStatusguid            0000000000000eb0     Tpm20Acpi:AutoGen.obj
 0002:00000020       gEfiAcpiTableGuid          0000000000000ec0     Tpm20Acpi:AutoGen.obj
 0002:00000030       gEfiAcpiTableProtocolGuid  0000000000000ed0     Tpm20Acpi:AutoGen.obj
 0002:00000040       gEfiAcpiSupportGuid        0000000000000ee0     Tpm20Acpi:AutoGen.obj
 0002:00000050       gEfiTrEEProtocolGuid       0000000000000ef0     Tpm20Acpi:AutoGen.obj
 0002:00000060       gEdkiiVariableLockProtocolGuid 0000000000000f00     Tpm20Acpi:AutoGen.obj
 0002:00000070       gBdsAllDriversConnectedProtocolGuid 0000000000000f10     Tpm20Acpi:AutoGen.obj
 0002:00000080       gPcdProtocolGuid           0000000000000f20     Tpm20Acpi:AutoGen.obj
 0002:00000090       mTpm2AcpiTemplate          0000000000000f30     Tpm20Acpi:Tpm20Acpi.obj
 0002:000000c8       _gUefiDriverRevision       0000000000000f68     Tpm20Acpi:AutoGen.obj
 0002:000000d0       ??_C@_1BK@FEAHBHOC@?$AAT?$AAp?$AAm?$AAS?$AAe?$AAr?$AAv?$AAF?$AAl?$AAa?$AAg?$AAs?$AA?$AA@ 0000000000000f70     Tpm20Acpi:Tpm20Acpi.obj
 0002:000000ec       ??_C@_04OBCCJIFL@TPMF?$AA@ 0000000000000f8c     Tpm20Acpi:Tpm20Acpi.obj
 0002:000000f4       ??_C@_04CNGEBJA@TPMM?$AA@  0000000000000f94     Tpm20Acpi:Tpm20Acpi.obj
 0002:000000fc       ??_C@_04JMHEEELH@AMDT?$AA@ 0000000000000f9c     Tpm20Acpi:Tpm20Acpi.obj
 0002:00000104       ??_C@_04GCKKNIHO@DTPT?$AA@ 0000000000000fa4     Tpm20Acpi:Tpm20Acpi.obj
 0002:0000010c       ??_C@_04IDGKCCAG@FTPM?$AA@ 0000000000000fac     Tpm20Acpi:Tpm20Acpi.obj
 0002:00000114       ??_C@_04PAFPEPIM@PPIM?$AA@ 0000000000000fb4     Tpm20Acpi:Tpm20Acpi.obj
 0002:0000011c       ??_C@_04OJEEHOMN@PPIL?$AA@ 0000000000000fbc     Tpm20Acpi:Tpm20Acpi.obj
 0002:00000138       MemoryAddress              0000000000000fd8     Tpm20Acpi:Tpm20Acpi.obj
 0002:00000140       gImageHandle               0000000000000fe0     UefiBootServicesTableLib:UefiBootServicesTableLib.obj
 0002:00000148       gST                        0000000000000fe8     UefiBootServicesTableLib:UefiBootServicesTableLib.obj
 0002:00000150       gBS                        0000000000000ff0     UefiBootServicesTableLib:UefiBootServicesTableLib.obj
 0002:00000158       gRT                        0000000000000ff8     UefiRuntimeServicesTableLib:UefiRuntimeServicesTableLib.obj
 0002:00000160       mPcd                       0000000000001000     DxePcdLib:DxePcdLib.obj
 0002:00000168       mPiPcd                     0000000000001008     DxePcdLib:DxePcdLib.obj
 0002:00000170       mPcdInfo                   0000000000001010     DxePcdLib:DxePcdLib.obj
 0002:00000178       mPiPcdInfo                 0000000000001018     DxePcdLib:DxePcdLib.obj
 0002:00000180       mHobList                   0000000000001020     DxeHobLib:HobLib.obj

 entry point at        0001:00000000

 Static symbols

