 AcpiS3SaveDxe

 Timestamp is 6448e7f2 (Wed Apr 26 16:59:30 2023)

 Preferred load address is 0000000000000000

 Start         Length     Name                   Class
 0001:00000000 000002dcH .text                   CODE
 0002:00000000 00000040H .data                   DATA
 0002:00000040 0000002eH .rdata                  DATA
 0002:00000070 00000040H .bss                    DATA
 0003:00000000 00000030H .pdata                  DATA
 0004:00000000 0000001cH .xdata                  DATA

  Address         Publics by Value              Rva+Base               Lib:Object

 0001:00000000       _ModuleEntryPoint          00000000000002a0 f   UefiDriverEntryPoint:DriverEntryPoint.obj
 0001:0000011c       AllocateMemoryBelow4G      00000000000003bc f   AcpiS3SaveDxe:AcpiS3Save.obj
 0001:00000184       LegacyGetS3MemorySize      0000000000000424 f   AcpiS3SaveDxe:AcpiS3Save.obj
 0001:000001a4       S3Ready                    0000000000000444 f   AcpiS3SaveDxe:AcpiS3Save.obj
 0001:000001c4       S3ReadyThunkPlatform       0000000000000464 f   AcpiS3SaveDxe:AcpiVariableThunkPlatform.obj
 0001:00000280       InternalMemZeroMem         0000000000000520     BaseMemoryLibRepStr:ZeroMem.obj
 0001:000002a0       InternalMemCopyMem         0000000000000540     BaseMemoryLibRepStr:CopyMem.obj
 0002:00000000       gEfiAcpiVariableCompatiblityGuid 0000000000000580     AcpiS3SaveDxe:AutoGen.obj
 0002:00000010       gEfiHobListGuid            0000000000000590     AcpiS3SaveDxe:AutoGen.obj
 0002:00000020       gEfiAcpiS3SaveProtocolGuid 00000000000005a0     AcpiS3SaveDxe:AutoGen.obj
 0002:00000030       mS3Save                    00000000000005b0     AcpiS3SaveDxe:AcpiS3Save.obj
 0002:00000040       _gUefiDriverRevision       00000000000005c0     AcpiS3SaveDxe:AutoGen.obj
 0002:00000048       ??_C@_1CG@EFNJCCDI@?$AAA?$AAc?$AAp?$AAi?$AAG?$AAl?$AAo?$AAb?$AAa?$AAl?$AAV?$AAa?$AAr?$AAi?$AAa?$AAb?$AAl?$AAe?$AA?$AA@ 00000000000005c8     AcpiS3SaveDxe:AcpiVariableThunkPlatform.obj
 0002:00000078       mAcpiVariableSetCompatibility 00000000000005f8     AcpiS3SaveDxe:AcpiVariableThunkPlatform.obj
 0002:00000080       gImageHandle               0000000000000600     UefiBootServicesTableLib:UefiBootServicesTableLib.obj
 0002:00000088       gST                        0000000000000608     UefiBootServicesTableLib:UefiBootServicesTableLib.obj
 0002:00000090       gBS                        0000000000000610     UefiBootServicesTableLib:UefiBootServicesTableLib.obj
 0002:00000098       gRT                        0000000000000618     UefiRuntimeServicesTableLib:UefiRuntimeServicesTableLib.obj
 0002:000000a0       mHobList                   0000000000000620     DxeHobLib:HobLib.obj
 0002:000000a8       mLegacyRegionSize          0000000000000628     <common>

 entry point at        0001:00000000

 Static symbols

