 TcgLegacy

 Timestamp is 6448e7f9 (Wed Apr 26 16:59:37 2023)

 Preferred load address is 0000000000000000

 Start         Length     Name                   Class
 0001:00000000 00000d1cH .text                   CODE
 0002:00000000 000000dcH .data                   DATA
 0002:000000e0 00000004H .rdata                  DATA
 0002:000000e8 00000050H .bss                    DATA
 0003:00000000 0000006cH .pdata                  DATA
 0004:00000000 00000070H .xdata                  DATA

  Address         Publics by Value              Rva+Base               Lib:Object

 0001:00000000       _ModuleEntryPoint          0000000000000280 f   UefiDriverEntryPoint:DriverEntryPoint.obj
 0001:00000088       TcgLogEventProxy           0000000000000308 f   TcgLegacy:TcgLegacy.obj
 0001:000000ac       TreeLogEventProxy          000000000000032c f   TcgLegacy:TcgLegacy.obj
 0001:000000ac       DummyFunction              000000000000032c f   TcgLegacy:TcgLegacy.obj
 0001:000000b0       linkTPMDriver              0000000000000330 f   TcgLegacy:TcgLegacy.obj
 0001:00000174       UnlinkTPM32fromEFI         00000000000003f4 f   TcgLegacy:TcgLegacy.obj
 0001:00000278       TcmGetRawImage             00000000000004f8 f   TcgLegacy:TcgLegacy.obj
 0001:000003bc       GetRawImage                000000000000063c f   TcgLegacy:TcgLegacy.obj
 0001:00000514       AllocateMemoryBelow4G      0000000000000794 f   TcgLegacy:TcgLegacy.obj
 0001:00000580       TcgLegacyLocateHob         0000000000000800 f   TcgLegacy:TcgLegacy.obj
 0001:0000068c       InitTCGLegacyInterface     000000000000090c f   TcgLegacy:TcgLegacy.obj
 0001:00000c60       IsTcmSupportType           0000000000000ee0 f   AmiTcmlib:AmiTcmlib.obj
 0001:00000ca0       InternalMemCompareMem      0000000000000f20     BaseMemoryLibRepStr:CompareMem.obj
 0001:00000cc0       InternalMemZeroMem         0000000000000f40     BaseMemoryLibRepStr:ZeroMem.obj
 0001:00000ce0       InternalMemCopyMem         0000000000000f60     BaseMemoryLibRepStr:CopyMem.obj
 0002:00000000       gTcgLegX16FileGuid         0000000000000fa0     TcgLegacy:AutoGen.obj
 0002:00000010       gTpm32FileGuid             0000000000000fb0     TcgLegacy:AutoGen.obj
 0002:00000020       gMpTpmFileGuid             0000000000000fc0     TcgLegacy:AutoGen.obj
 0002:00000030       gTcmLegX16FileGuid         0000000000000fd0     TcgLegacy:AutoGen.obj
 0002:00000040       gTcm32FileGuid             0000000000000fe0     TcgLegacy:AutoGen.obj
 0002:00000050       gEfiTcgMpDriverHobGuid     0000000000000ff0     TcgLegacy:AutoGen.obj
 0002:00000060       gEfiHobListGuid            0000000000001000     TcgLegacy:AutoGen.obj
 0002:00000070       gEfiEventLegacyBootGuid    0000000000001010     TcgLegacy:AutoGen.obj
 0002:00000080       gEfiTcgProtocolGuid        0000000000001020     TcgLegacy:AutoGen.obj
 0002:00000090       gEfiLegacyBiosProtocolGuid 0000000000001030     TcgLegacy:AutoGen.obj
 0002:000000a0       gEfiFirmwareVolume2ProtocolGuid 0000000000001040     TcgLegacy:AutoGen.obj
 0002:000000b0       gEfiLegacyRegion2ProtocolGuid 0000000000001050     TcgLegacy:AutoGen.obj
 0002:000000c0       gEfiTrEEProtocolGuid       0000000000001060     TcgLegacy:AutoGen.obj
 0002:000000d0       TCMSupportedArray          0000000000001070     AmiTcmlib:AmiTcmlib.obj
 0002:000000e0       _gUefiDriverRevision       0000000000001080     TcgLegacy:AutoGen.obj
 0002:000000f2       Tpm20Support               0000000000001092     TcgLegacy:TcgLegacy.obj
 0002:00000108       TrEEProtocolInstance       00000000000010a8     TcgLegacy:TcgLegacy.obj
 0002:00000110       gImageHandle               00000000000010b0     UefiBootServicesTableLib:UefiBootServicesTableLib.obj
 0002:00000118       gST                        00000000000010b8     UefiBootServicesTableLib:UefiBootServicesTableLib.obj
 0002:00000120       gBS                        00000000000010c0     UefiBootServicesTableLib:UefiBootServicesTableLib.obj
 0002:00000128       gRT                        00000000000010c8     UefiRuntimeServicesTableLib:UefiRuntimeServicesTableLib.obj
 0002:00000130       mHobList                   00000000000010d0     DxeHobLib:HobLib.obj

 entry point at        0001:00000000

 Static symbols

