 ConSplitter

 Timestamp is 6448e7ec (Wed Apr 26 16:59:24 2023)

 Preferred load address is 0000000000000000

 Start         Length     Name                   Class
 0001:00000000 000049edH .text                   CODE
 0002:00000000 000008faH .data                   DATA
 0002:00000900 0000020aH .rdata                  DATA
 0002:00000b20 000001d8H .bss                    DATA
 0003:00000000 00000360H .pdata                  DATA
 0004:00000000 0000025cH .xdata                  DATA

  Address         Publics by Value              Rva+Base               Lib:Object

 0001:00000000       _ModuleEntryPoint          00000000000002a0 f   UefiDriverEntryPoint:DriverEntryPoint.obj
 0001:00000128       GetMode                    00000000000003c8 f   ConSplitter:ConSplit.obj
 0001:00000150       SetMode                    00000000000003f0 f   ConSplitter:ConSplit.obj
 0001:000002d0       LockStdIn                  0000000000000570 f   ConSplitter:ConSplit.obj
 0001:000003dc       ReportNoConOutError        000000000000067c f   ConSplitter:ConSplit.obj
 0001:000004a4       HandleCtrlAltDel           0000000000000744 f   ConSplitter:ConSplit.obj
 0001:000004d0       UpdateSystemTableConIn     0000000000000770 f   ConSplitter:ConSplit.obj
 0001:00000754       CSEntryPoint               00000000000009f4 f   ConSplitter:ConSplit.obj
 0001:00000af8       CheckHandle                0000000000000d98 f   ConSplitter:ConSplit.obj
 0001:00000b68       CSSimpleTextOutSupported   0000000000000e08 f   ConSplitter:ConSplit.obj
 0001:00000bf4       CSSimpleTextOutStart       0000000000000e94 f   ConSplitter:ConSplit.obj
 0001:00000cd4       CSSimpleTextOutStop        0000000000000f74 f   ConSplitter:ConSplit.obj
 0001:00000e74       CSSimpleTextInSupported    0000000000001114 f   ConSplitter:ConSplit.obj
 0001:00000fd4       CSSimpleTextInStart        0000000000001274 f   ConSplitter:ConSplit.obj
 0001:0000123c       CSSimpleTextInStop         00000000000014dc f   ConSplitter:ConSplit.obj
 0001:00001390       CSPointerSupported         0000000000001630 f   ConSplitter:ConSplit.obj
 0001:00001498       CSPointerStart             0000000000001738 f   ConSplitter:ConSplit.obj
 0001:0000161c       CSPointerStop              00000000000018bc f   ConSplitter:ConSplit.obj
 0001:000017a0       UpdateConVar               0000000000001a40 f   ConSplitter:ConSplit.obj
 0001:00001930       InstallSimplePointerDevice 0000000000001bd0 f   ConSplitter:ConSplit.obj
 0001:00001a18       InstallAbsolutePointerDevice 0000000000001cb8 f   ConSplitter:ConSplit.obj
 0001:00001af4       InstallConOutDevice        0000000000001d94 f   ConSplitter:ConSplit.obj
 0001:00001cb8       InstallConInDevice         0000000000001f58 f   ConSplitter:ConSplit.obj
 0001:00001dd4       InitModesTable             0000000000002074 f   ConSplitter:ConSplit.obj
 0001:00001ee8       IsModeSupported            0000000000002188 f   ConSplitter:ConSplit.obj
 0001:00001f74       UpdateModesTable           0000000000002214 f   ConSplitter:ConSplit.obj
 0001:0000201c       ResizeSplitterBuffer       00000000000022bc f   ConSplitter:ConSplit.obj
 0001:00002134       CSSetKbLayoutNotifyFn      00000000000023d4 f   ConSplitter:ConSplit.obj
 0001:0000222c       AdjustSupportedModes       00000000000024cc f   ConSplitter:ConSplit.obj
 0001:00002318       KeyboardLayoutMap          00000000000025b8 f   ConSplitter:ConSplit.obj
 0001:0000260c       KeyNotifyAddChild          00000000000028ac f   ConSplitter:ConSplit.obj
 0001:000026c0       KeyNotifyRemoveChild       0000000000002960 f   ConSplitter:ConSplit.obj
 0001:00002768       ScrollScreen               0000000000002a08 f   ConSplitter:Out.obj
 0001:0000282c       RestoreTextScreen          0000000000002acc f   ConSplitter:Out.obj
 0001:00002908       MemClearScreen             0000000000002ba8 f   ConSplitter:Out.obj
 0001:00002948       SaveUgaScreen              0000000000002be8 f   ConSplitter:Out.obj
 0001:000029fc       RestoreTextScreenDelta     0000000000002c9c f   ConSplitter:Out.obj
 0001:00002ac8       RestoreTheScreen           0000000000002d68 f   ConSplitter:Out.obj
 0001:00002bfc       SaveTheScreen              0000000000002e9c f   ConSplitter:Out.obj
 0001:00002ce0       CSReset                    0000000000002f80 f   ConSplitter:Out.obj
 0001:00002d70       CSOutputString             0000000000003010 f   ConSplitter:Out.obj
 0001:00002f2c       CSTestString               00000000000031cc f   ConSplitter:Out.obj
 0001:00002fa4       CSQueryMode                0000000000003244 f   ConSplitter:Out.obj
 0001:0000300c       CSSetMode                  00000000000032ac f   ConSplitter:Out.obj
 0001:000030e4       CSSetAttribute             0000000000003384 f   ConSplitter:Out.obj
 0001:00003160       CSClearScreen              0000000000003400 f   ConSplitter:Out.obj
 0001:000031d8       CSSetCursorPosition        0000000000003478 f   ConSplitter:Out.obj
 0001:00003278       CSEnableCursor             0000000000003518 f   ConSplitter:Out.obj
 0001:000032e0       UpdateMasterMode           0000000000003580 f   ConSplitter:Out.obj
 0001:00003338       StallForStop               00000000000035d8 f   ConSplitter:In.obj
 0001:00003394       ConSplitterSimplePointerReset 0000000000003634 f   ConSplitter:In.obj
 0001:00003438       ConSplitterSimplePointerGetState 00000000000036d8 f   ConSplitter:In.obj
 0001:000035f0       ConSplitterSimplePointerWaitForInput 0000000000003890 f   ConSplitter:In.obj
 0001:00003678       ConSplitterAbsolutePointerReset 0000000000003918 f   ConSplitter:In.obj
 0001:00003734       ConSplitterAbsolutePointerGetState 00000000000039d4 f   ConSplitter:In.obj
 0001:00003958       ConSplitterAbsolutePointerWaitForInput 0000000000003bf8 f   ConSplitter:In.obj
 0001:00003a08       UpdateAbsolutePointerInformation 0000000000003ca8 f   ConSplitter:In.obj
 0001:00003a84       CSInReset                  0000000000003d24 f   ConSplitter:In.obj
 0001:00003b18       CSReadKeyStroke            0000000000003db8 f   ConSplitter:In.obj
 0001:00003bcc       CSWaitForKey               0000000000003e6c f   ConSplitter:In.obj
 0001:00003cb4       CSInResetEx                0000000000003f54 f   ConSplitter:In.obj
 0001:00003d08       CSReadKeyStrokeEx          0000000000003fa8 f   ConSplitter:In.obj
 0001:00003da4       CSReadEfiKey               0000000000004044 f   ConSplitter:In.obj
 0001:00003ecc       CSInSetState               000000000000416c f   ConSplitter:In.obj
 0001:00003fcc       CSInRegisterKeyNotify      000000000000426c f   ConSplitter:In.obj
 0001:0000419c       CSInUnRegisterKeyNotify    000000000000443c f   ConSplitter:In.obj
 0001:000042b4       EfiLibInstallDriverBindingComponentName2 0000000000004554 f   UefiLib:UefiDriverModel.obj
 0001:0000430c       GetEfiConfigurationTable   00000000000045ac f   AmiDxeLib:EfiLib.obj
 0001:00004364       LibInitStatusCodePtr       0000000000004604 f   AmiDxeLib:EfiLib.obj
 0001:000043e8       LibReportStatusCode        0000000000004688 f   AmiDxeLib:EfiLib.obj
 0001:0000445c       Malloc                     00000000000046fc f   AmiDxeLib:EfiLib.obj
 0001:00004488       DPLength                   0000000000004728 f   AmiDxeLib:EfiLib.obj
 0001:000044cc       DPCopy                     000000000000476c f   AmiDxeLib:EfiLib.obj
 0001:0000451c       DPIsOneOf                  00000000000047bc f   AmiDxeLib:EfiLib.obj
 0001:000045fc       DListDelete                000000000000489c f   AmiDxeLib:EfiLib.obj
 0001:00004630       GetEfiVariable             00000000000048d0 f   AmiDxeLib:EfiLib.obj
 0001:000046ec       RegisterProtocolCallback   000000000000498c f   AmiDxeLib:EfiLib.obj
 0001:00004744       LanguageCodesEqual         00000000000049e4 f   AmiDxeLib:EfiLib.obj
 0001:000047ac       MemCmp                     0000000000004a4c f   AmiDxeLib:Memory.obj
 0001:00004830       GetCpuTimer                0000000000004ad0 f   AmiDxeLib:GetCpuTimer.obj
 0001:00004840       CPULib_CpuID               0000000000004ae0 f   AmiDxeLib:CpuLib_CpuId.obj
 0001:00004880       memset                     0000000000004b20     AmiDxeLib:MemSet.obj
 0001:0000488e       MemSetAsm                  0000000000004b2e f   AmiDxeLib:MemSet.obj
 0001:000048e0       memcpy                     0000000000004b80     AmiDxeLib:MemCpy.obj
 0001:000048e0       MemCpyAsm                  0000000000004b80 f   AmiDxeLib:MemCpy.obj
 0001:00004990       InternalMemCopyMem         0000000000004c30     BaseMemoryLibRepStr:CopyMem.obj
 0001:000049d0       InternalMemZeroMem         0000000000004c70     BaseMemoryLibRepStr:ZeroMem.obj
 0002:00000000       gEfiHiiKeyBoardLayoutGuid  0000000000004ca0     ConSplitter:AutoGen.obj
 0002:00000010       gEfiSimplePointerProtocolGuid 0000000000004cb0     ConSplitter:AutoGen.obj
 0002:00000020       gEfiSimpleTextInProtocolGuid 0000000000004cc0     ConSplitter:AutoGen.obj
 0002:00000030       gEfiSimpleTextInputExProtocolGuid 0000000000004cd0     ConSplitter:AutoGen.obj
 0002:00000040       gEfiSimpleTextOutProtocolGuid 0000000000004ce0     ConSplitter:AutoGen.obj
 0002:00000050       gAmiEfiKeycodeProtocolGuid 0000000000004cf0     ConSplitter:AutoGen.obj
 0002:00000060       gEfiAbsolutePointerProtocolGuid 0000000000004d00     ConSplitter:AutoGen.obj
 0002:00000070       gAmiMultiLangSupportProtocolGuid 0000000000004d10     ConSplitter:AutoGen.obj
 0002:00000080       gEfiHiiDatabaseProtocolGuid 0000000000004d20     ConSplitter:AutoGen.obj
 0002:00000090       gEfiLoadedImageProtocolGuid 0000000000004d30     ConSplitter:AutoGen.obj
 0002:000000a0       gEfiGraphicsOutputProtocolGuid 0000000000004d40     ConSplitter:AutoGen.obj
 0002:000000b0       gEfiConsoleControlProtocolGuid 0000000000004d50     ConSplitter:AutoGen.obj
 0002:000000c0       gEfiDevicePathProtocolGuid 0000000000004d60     ConSplitter:AutoGen.obj
 0002:000000d0       gEfiDriverBindingProtocolGuid 0000000000004d70     ConSplitter:AutoGen.obj
 0002:000000e0       gEfiComponentName2ProtocolGuid 0000000000004d80     ConSplitter:AutoGen.obj
 0002:0000010e       BlankScreen                0000000000004dae     ConSplitter:Out.obj
 0002:0000010f       mCSToggleState             0000000000004daf     ConSplitter:ConSplit.obj
 0002:00000110       EfiErrorStatus             0000000000004db0     AmiDxeLib:StdLibC.obj
 0002:00000450       PiErrorStatus              00000000000050f0     AmiDxeLib:StdLibC.obj
 0002:000004a0       AmiErrorStatus             0000000000005140     AmiDxeLib:StdLibC.obj
 0002:000004e0       EfiWarningStatus           0000000000005180     AmiDxeLib:StdLibC.obj
 0002:00000550       PiWarningStatus            00000000000051f0     AmiDxeLib:StdLibC.obj
 0002:00000598       EfiUnknown                 0000000000005238     AmiDxeLib:StdLibC.obj
 0002:00000658       gSimplePointerMode         00000000000052f8     ConSplitter:In.obj
 0002:00000678       mCSSimpleInProtocol        0000000000005318     ConSplitter:In.obj
 0002:00000690       mCSSimpleInExProtocol      0000000000005330     ConSplitter:In.obj
 0002:000006c0       mCSKeycodeInProtocol       0000000000005360     ConSplitter:In.obj
 0002:000006f0       mCSSimplePointerProtocol   0000000000005390     ConSplitter:In.obj
 0002:00000710       mCSAbsolutePointerProtocol 00000000000053b0     ConSplitter:In.obj
 0002:00000730       MasterMode                 00000000000053d0     ConSplitter:Out.obj
 0002:00000748       gMultiLangSupportProtocol  00000000000053e8     ConSplitter:ConSplit.obj
 0002:00000750       mCSOutProtocol             00000000000053f0     ConSplitter:Out.obj
 0002:000007a0       gConSplitterSimpleTextOutDriverBindingProtocol 0000000000005440     ConSplitter:ConSplit.obj
 0002:000007d0       gConSplitterTextInDriverBindingProtocol 0000000000005470     ConSplitter:ConSplit.obj
 0002:00000800       gConSplitterPointerDriverBindingProtocol 00000000000054a0     ConSplitter:ConSplit.obj
 0002:000008a0       gConsoleControlProtocol    0000000000005540     ConSplitter:ConSplit.obj
 0002:00000900       _gUefiDriverRevision       00000000000055a0     ConSplitter:AutoGen.obj
 0002:00000908       ??_C@_1CK@KBHEONLO@?$AAA?$AAM?$AAI?$AA?5?$AAC?$AAo?$AAn?$AAs?$AAo?$AAl?$AAe?$AA?5?$AAS?$AAp?$AAl?$AAi?$AAt?$AAt?$AAe?$AAr?$AA?$AA@ 00000000000055a8     ConSplitter:ConSplit.obj
 0002:00000940       ??_C@_1EI@KLBHGLJI@?$AAA?$AAM?$AAI?$AA?5?$AAC?$AAo?$AAn?$AAs?$AAo?$AAl?$AAe?$AA?5?$AAS?$AAp?$AAl?$AAi?$AAt?$AAt?$AAe?$AAr?$AA?5?$AAT?$AAe?$AAx?$AAt?$AA?5?$AAI?$AAn?$AA?5?$AAD?$AAr?$AAi@ 00000000000055e0     ConSplitter:ConSplit.obj
 0002:00000990       ??_C@_1EK@GEKBLDBP@?$AAA?$AAM?$AAI?$AA?5?$AAC?$AAo?$AAn?$AAs?$AAo?$AAl?$AAe?$AA?5?$AAS?$AAp?$AAl?$AAi?$AAt?$AAt?$AAe?$AAr?$AA?5?$AAT?$AAe?$AAx?$AAt?$AA?5?$AAO?$AAu?$AAt?$AA?5?$AAD?$AAr@ 0000000000005630     ConSplitter:ConSplit.obj
 0002:000009e0       ??_C@_1EI@KJMKDFHN@?$AAA?$AAM?$AAI?$AA?5?$AAC?$AAo?$AAn?$AAs?$AAo?$AAl?$AAe?$AA?5?$AAS?$AAp?$AAl?$AAi?$AAt?$AAt?$AAe?$AAr?$AA?5?$AAP?$AAo?$AAi?$AAn?$AAt?$AAe?$AAr?$AA?5?$AAD?$AAr?$AAi@ 0000000000005680     ConSplitter:ConSplit.obj
 0002:00000a28       ??_C@_1DI@EEKNODEN@?$AAA?$AAM?$AAI?$AA?5?$AAC?$AAo?$AAn?$AAs?$AAo?$AAl?$AAe?$AA?5?$AAS?$AAp?$AAl?$AAi?$AAt?$AAt?$AAe?$AAr?$AA?5?$AAD?$AAr?$AAi?$AAv?$AAe?$AAr?$AA?$AA@ 00000000000056c8     ConSplitter:ConSplit.obj
 0002:00000a60       ??_C@_05JJLPJMLG@en?9US?$AA@ 0000000000005700     ConSplitter:ConSplit.obj
 0002:00000a68       ??_C@_1M@OAMLNNNM@?$AAS?$AAe?$AAt?$AAu?$AAp?$AA?$AA@ 0000000000005708     ConSplitter:ConSplit.obj
 0002:00000a80       ??_C@_1FM@CNIMFLID@?$AAC?$AAo?$AAn?$AAs?$AAo?$AAl?$AAe?$AA?5?$AAD?$AAo?$AAe?$AAs?$AA?5?$AAN?$AAo?$AAt?$AA?5?$AAS?$AAu?$AAp?$AAp?$AAo?$AAr?$AAt?$AA?5?$AAc?$AAu?$AAr?$AAr?$AAe?$AAn?$AAt@ 0000000000005720     ConSplitter:ConSplit.obj
 0002:00000ae0       ??_C@_1BE@INNAKDAF@?$AAC?$AAo?$AAn?$AAO?$AAu?$AAt?$AAD?$AAe?$AAv?$AA?$AA@ 0000000000005780     ConSplitter:ConSplit.obj
 0002:00000af8       ??_C@_1BC@OBFMLJLI@?$AAC?$AAo?$AAn?$AAI?$AAn?$AAD?$AAe?$AAv?$AA?$AA@ 0000000000005798     ConSplitter:ConSplit.obj
 0002:00000b20       ConSplitHandle             00000000000057c0     ConSplitter:ConSplit.obj
 0002:00000b28       NumLockSet                 00000000000057c8     ConSplitter:ConSplit.obj
 0002:00000b2a       CurrentStdInStatus         00000000000057ca     ConSplitter:ConSplit.obj
 0002:00000b2b       LockConIn                  00000000000057cb     ConSplitter:ConSplit.obj
 0002:00000b2c       KeyDescriptorListSize      00000000000057cc     ConSplitter:ConSplit.obj
 0002:00000b2e       LockPointer                00000000000057ce     ConSplitter:ConSplit.obj
 0002:00000b2f       BlockConInStop             00000000000057cf     ConSplitter:ConSplit.obj
 0002:00000b30       HiiDatabase                00000000000057d0     ConSplitter:ConSplit.obj
 0002:00000b38       gKeyDescriptorList         00000000000057d8     ConSplitter:ConSplit.obj
 0002:00000b44       BlockPointerStop           00000000000057e4     ConSplitter:ConSplit.obj
 0002:00000b50       SupportedModes             00000000000057f0     ConSplitter:Out.obj
 0002:00000b58       ScreenBuffer               00000000000057f8     ConSplitter:Out.obj
 0002:00000b60       EndOfTheScreen             0000000000005800     ConSplitter:Out.obj
 0002:00000b68       SaveScreenBuffer           0000000000005808     ConSplitter:Out.obj
 0002:00000b70       AttributeBuffer            0000000000005810     ConSplitter:Out.obj
 0002:00000b78       SaveAttributeBuffer        0000000000005818     ConSplitter:Out.obj
 0002:00000b80       Columns                    0000000000005820     ConSplitter:Out.obj
 0002:00000b84       GraphicsMode               0000000000005824     ConSplitter:Out.obj
 0002:00000b88       PixelBuffer                0000000000005828     ConSplitter:Out.obj
 0002:00000b90       TextMode                   0000000000005830     ConSplitter:Out.obj
 0002:00000b98       gAbsolutePointerMode       0000000000005838     ConSplitter:In.obj
 0002:00000bd0       gImageHandle               0000000000005870     UefiBootServicesTableLib:UefiBootServicesTableLib.obj
 0002:00000bd8       gST                        0000000000005878     UefiBootServicesTableLib:UefiBootServicesTableLib.obj
 0002:00000be0       gBS                        0000000000005880     UefiBootServicesTableLib:UefiBootServicesTableLib.obj
 0002:00000be8       gRT                        0000000000005888     UefiRuntimeServicesTableLib:UefiRuntimeServicesTableLib.obj
 0002:00000c30       pST                        00000000000058d0     AmiDxeLib:EfiLib.obj
 0002:00000c38       pBS                        00000000000058d8     AmiDxeLib:EfiLib.obj
 0002:00000c40       pRS                        00000000000058e0     AmiDxeLib:EfiLib.obj
 0002:00000c48       pSmst                      00000000000058e8     AmiDxeLib:EfiLib.obj
 0002:00000c50       TheImageHandle             00000000000058f0     AmiDxeLib:EfiLib.obj
 0002:00000c58       mAbsoluteInputEventSignalState 00000000000058f8     <common>
 0002:00000c60       ConPointerList             0000000000005900     <common>
 0002:00000c80       ConInList                  0000000000005920     <common>
 0002:00000ca0       KeyNotifyList              0000000000005940     <common>
 0002:00000cc0       ConAbsolutePointerList     0000000000005960     <common>
 0002:00000ce0       ConOutList                 0000000000005980     <common>

 entry point at        0001:00000000

 Static symbols

 0001:00000034       ComponentNameGetControllerName 00000000000002d4 f    CIL library: CIL module
 0001:00000094       ComponentNameGetDriverName 0000000000000334 f    CIL library: CIL module
