 LegacySmmSredir

 Timestamp is 6448e7f2 (Wed Apr 26 16:59:30 2023)

 Preferred load address is 0000000000000000

 Start         Length     Name                   Class
 0001:00000000 00000c70H .text                   CODE
 0002:00000000 00000608H .data                   DATA
 0002:00000610 00000004H .rdata                  DATA
 0002:00000620 000001c0H .bss                    DATA
 0003:00000000 00000078H .pdata                  DATA
 0004:00000000 00000054H .xdata                  DATA

  Address         Publics by Value              Rva+Base               Lib:Object

 0001:00000000       _ModuleEntryPoint          0000000000000280 f   UefiDriverEntryPoint:DriverEntryPoint.obj
 0001:000000fc       WriteBufferSerialPort      000000000000037c f   LegacySmmSredir:LegacySmmSredir.obj
 0001:000001b4       LegacySredirSMIHandler     0000000000000434 f   LegacySmmSredir:LegacySmmSredir.obj
 0001:000003e4       AcpiSredirEnableDisableCallBack 0000000000000664 f   LegacySmmSredir:LegacySmmSredir.obj
 0001:000003ec       RegisterSredirAcpiEnableCallBack 000000000000066c f   LegacySmmSredir:LegacySmmSredir.obj
 0001:00000468       InitializeMmioAddress      00000000000006e8 f   LegacySmmSredir:LegacySmmSredir.obj
 0001:00000498       LegacySredirInSmmFunction  0000000000000718 f   LegacySmmSredir:LegacySmmSredir.obj
 0001:000006c0       LegacySredirSmmEntryPoint  0000000000000940 f   LegacySmmSredir:LegacySmmSredir.obj
 0001:000007f8       InternalAssertJumpBuffer   0000000000000a78 f   BaseLib:SetJump.obj
 0001:000007fc       LibInitStatusCodePtr       0000000000000a7c f   AmiDxeLib:EfiLib.obj
 0001:00000840       TraceGetAmiDebugServicesProtocolInstance 0000000000000ac0 f   AmiDxeLib:EfiLib.obj
 0001:00000924       GetSmstConfigurationTable  0000000000000ba4 f   AmiDxeLib:EfiLib.obj
 0001:0000097c       MemCmp                     0000000000000bfc f   AmiDxeLib:Memory.obj
 0001:00000a00       SetJump                    0000000000000c80     BaseLib:SetJump.obj
 0001:00000a90       InternalLongJump           0000000000000d10     BaseLib:LongJump.obj
 0001:00000b10       GetCpuTimer                0000000000000d90 f   AmiDxeLib:GetCpuTimer.obj
 0001:00000b20       CPULib_CpuID               0000000000000da0 f   AmiDxeLib:CpuLib_CpuId.obj
 0001:00000b60       memset                     0000000000000de0     AmiDxeLib:MemSet.obj
 0001:00000b6e       MemSetAsm                  0000000000000dee f   AmiDxeLib:MemSet.obj
 0001:00000bc0       memcpy                     0000000000000e40     AmiDxeLib:MemCpy.obj
 0001:00000bc0       MemCpyAsm                  0000000000000e40 f   AmiDxeLib:MemCpy.obj
 0002:00000000       gEfiSmmBase2ProtocolGuid   0000000000000f00     LegacySmmSredir:AutoGen.obj
 0002:00000010       gEfiSmmSwDispatch2ProtocolGuid 0000000000000f10     LegacySmmSredir:AutoGen.obj
 0002:00000020       gEfiSmmCpuProtocolGuid     0000000000000f20     LegacySmmSredir:AutoGen.obj
 0002:00000030       gAmiSmmDebugServiceProtocolGuid 0000000000000f30     LegacySmmSredir:AutoGen.obj
 0002:00000040       gAmiDebugServiceProtocolGuid 0000000000000f40     LegacySmmSredir:AutoGen.obj
 0002:00000050       gAmiSmmBufferValidationProtocolGuid 0000000000000f50     LegacySmmSredir:AutoGen.obj
 0002:00000060       EfiErrorStatus             0000000000000f60     AmiDxeLib:StdLibC.obj
 0002:000003a0       PiErrorStatus              00000000000012a0     AmiDxeLib:StdLibC.obj
 0002:000003f0       AmiErrorStatus             00000000000012f0     AmiDxeLib:StdLibC.obj
 0002:00000430       EfiWarningStatus           0000000000001330     AmiDxeLib:StdLibC.obj
 0002:000004a0       PiWarningStatus            00000000000013a0     AmiDxeLib:StdLibC.obj
 0002:000004e8       EfiUnknown                 00000000000013e8     AmiDxeLib:StdLibC.obj
 0002:000005c8       gEfiAcpiEnDispatchProtocolGuid 00000000000014c8     LegacySmmSredir:LegacySmmSredir.obj
 0002:000005d8       gEfiAcpiDisDispatchProtocolGuid 00000000000014d8     LegacySmmSredir:LegacySmmSredir.obj
 0002:000005e8       gAmiLegacySredirCommunicationGuid 00000000000014e8     LegacySmmSredir:LegacySmmSredir.obj
 0002:000005f8       SmmRsTableGuid             00000000000014f8     AmiDxeLib:EfiLib.obj
 0002:00000610       _gUefiDriverRevision       0000000000001510     LegacySmmSredir:AutoGen.obj
 0002:00000720       gSmmCpu                    0000000000001620     LegacySmmSredir:LegacySmmSredir.obj
 0002:00000728       gMmioWidth                 0000000000001628     LegacySmmSredir:LegacySmmSredir.obj
 0002:00000729       gDontServiceSmi            0000000000001629     LegacySmmSredir:LegacySmmSredir.obj
 0002:00000730       gMmioAddress               0000000000001630     LegacySmmSredir:LegacySmmSredir.obj
 0002:00000738       gImageHandle               0000000000001638     UefiBootServicesTableLib:UefiBootServicesTableLib.obj
 0002:00000740       gST                        0000000000001640     UefiBootServicesTableLib:UefiBootServicesTableLib.obj
 0002:00000748       gBS                        0000000000001648     UefiBootServicesTableLib:UefiBootServicesTableLib.obj
 0002:00000750       gSmst                      0000000000001650     SmmServicesTableLib:SmmServicesTableLib.obj
 0002:00000798       SmmAmiBufferValidationLibValidationProtocol 0000000000001698     SmmAmiBufferValidationLib:SmmAmiBufferValidationLib.obj
 0002:000007a0       pST                        00000000000016a0     AmiDxeLib:EfiLib.obj
 0002:000007a8       pBS                        00000000000016a8     AmiDxeLib:EfiLib.obj
 0002:000007b0       pRS                        00000000000016b0     AmiDxeLib:EfiLib.obj
 0002:000007b8       pSmmBase                   00000000000016b8     AmiDxeLib:EfiLib.obj
 0002:000007c0       pSmst                      00000000000016c0     AmiDxeLib:EfiLib.obj
 0002:000007c8       TheImageHandle             00000000000016c8     AmiDxeLib:EfiLib.obj
 0002:000007d0       mPerformanceMeasurementEnabled 00000000000016d0     <common>
 0002:000007d8       gSmmBase2                  00000000000016d8     <common>

 entry point at        0001:00000000

 Static symbols

