 SiInitDxe

 Timestamp is 6448e7f0 (Wed Apr 26 16:59:28 2023)

 Preferred load address is 0000000000000000

 Start         Length     Name                   Class
 0001:00000000 000004fdH .text                   CODE
 0002:00000000 000000b0H .data                   DATA
 0002:000000b0 00000004H .rdata                  DATA
 0002:000000b8 00000030H .bss                    DATA
 0003:00000000 00000030H .pdata                  DATA
 0004:00000000 00000020H .xdata                  DATA

  Address         Publics by Value              Rva+Base               Lib:Object

 0001:00000000       _ModuleEntryPoint          0000000000000280 f   UefiDriverEntryPoint:DriverEntryPoint.obj
 0001:00000088       ProcessModuleEntryPointList 0000000000000308 f   SiInitDxe:AutoGen.obj
 0001:00000178       SiInitEndOfDxe             00000000000003f8 f   SiInitDxe:SiInitDxe.obj
 0001:00000184       DxeIqatInitOnPciEnumComplete 0000000000000404 f   DxeIqatIpInitLib:DxeIqatIpInitLib.obj
 0001:00000250       ConfigureIqatSecureRam     00000000000004d0 f   PeiDxeSmmIqatIpInitLib:PeiDxeSmmIqatIpInit.obj
 0001:000003b8       ConfigureIqatUncorrectableErrorWA 0000000000000638 f   PeiDxeSmmIqatIpInitLib:PeiDxeSmmIqatIpInit.obj
 0001:000004a0       InternalMemCopyMem         0000000000000720     BaseMemoryLibRepStr:CopyMem.obj
 0001:000004e0       InternalMemZeroMem         0000000000000760     BaseMemoryLibRepStr:ZeroMem.obj
 0002:00000000       gEfiEndOfDxeEventGroupGuid 0000000000000780     SiInitDxe:AutoGen.obj
 0002:00000010       gEfiHobListGuid            0000000000000790     SiInitDxe:AutoGen.obj
 0002:00000020       gIqatIpReservedBaseHobGuid 00000000000007a0     SiInitDxe:AutoGen.obj
 0002:00000030       gIqatIpPolicyHobGuid       00000000000007b0     SiInitDxe:AutoGen.obj
 0002:00000040       gEfiPciEnumerationCompleteProtocolGuid 00000000000007c0     SiInitDxe:AutoGen.obj
 0002:00000070       PchLpRprDidTable           00000000000007f0     PeiDxeSmmPchCycleDecodingLib:PchCycleDecodingLib.obj
 0002:00000088       PchHRprDidTable            0000000000000808     PeiDxeSmmPchCycleDecodingLib:PchCycleDecodingLib.obj
 0002:000000b0       _gUefiDriverRevision       0000000000000830     SiInitDxe:AutoGen.obj
 0002:000000b8       gImageHandle               0000000000000838     UefiBootServicesTableLib:UefiBootServicesTableLib.obj
 0002:000000c0       gST                        0000000000000840     UefiBootServicesTableLib:UefiBootServicesTableLib.obj
 0002:000000c8       gBS                        0000000000000848     UefiBootServicesTableLib:UefiBootServicesTableLib.obj
 0002:000000d0       gRT                        0000000000000850     UefiRuntimeServicesTableLib:UefiRuntimeServicesTableLib.obj
 0002:000000d8       mHobList                   0000000000000858     DxeHobLib:HobLib.obj
 0002:000000e0       EndOfDxeEvent              0000000000000860     <common>

 entry point at        0001:00000000

 Static symbols

