 SaveMemoryConfigDxe

 Timestamp is 6448e7ee (Wed Apr 26 16:59:26 2023)

 Preferred load address is 0000000000000000

 Start         Length     Name                   Class
 0001:00000000 0000031dH .text                   CODE
 0002:00000000 0000003aH .data                   DATA
 0002:00000040 00000004H .rdata                  DATA
 0002:00000048 00000028H .bss                    DATA
 0003:00000000 00000024H .pdata                  DATA
 0004:00000000 00000020H .xdata                  DATA

  Address         Publics by Value              Rva+Base               Lib:Object

 0001:00000000       _ModuleEntryPoint          0000000000000280 f   UefiDriverEntryPoint:DriverEntryPoint.obj
 0001:00000088       SaveMemoryConfigEntryPoint 0000000000000308 f   SaveMemoryConfigDxe:SaveMemoryConfig.obj
 0001:00000270       InternalAllocatePool       00000000000004f0 f   UefiMemoryAllocationLib:MemoryAllocationLib.obj
 0001:000002a0       InternalMemCompareMem      0000000000000520     BaseMemoryLibRepStr:CompareMem.obj
 0001:000002c0       InternalMemCopyMem         0000000000000540     BaseMemoryLibRepStr:CopyMem.obj
 0001:00000300       InternalMemZeroMem         0000000000000580     BaseMemoryLibRepStr:ZeroMem.obj
 0002:00000000       gEfiMemoryConfigDataGuid   00000000000005a0     SaveMemoryConfigDxe:AutoGen.obj
 0002:00000010       gEfiHobListGuid            00000000000005b0     SaveMemoryConfigDxe:AutoGen.obj
 0002:00000020       EfiMemoryConfigVariable    00000000000005c0     SaveMemoryConfigDxe:SaveMemoryConfig.obj
 0002:00000040       _gUefiDriverRevision       00000000000005e0     SaveMemoryConfigDxe:AutoGen.obj
 0002:00000048       gImageHandle               00000000000005e8     UefiBootServicesTableLib:UefiBootServicesTableLib.obj
 0002:00000050       gST                        00000000000005f0     UefiBootServicesTableLib:UefiBootServicesTableLib.obj
 0002:00000058       gBS                        00000000000005f8     UefiBootServicesTableLib:UefiBootServicesTableLib.obj
 0002:00000060       gRT                        0000000000000600     UefiRuntimeServicesTableLib:UefiRuntimeServicesTableLib.obj
 0002:00000068       mHobList                   0000000000000608     DxeHobLib:HobLib.obj

 entry point at        0001:00000000

 Static symbols

