 EnglishDxe

 Timestamp is 6448e7ed (Wed Apr 26 16:59:25 2023)

 Preferred load address is 0000000000000000

 Start         Length     Name                   Class
 0001:00000000 00000479H .text                   CODE
 0002:00000000 000000b0H .data                   DATA
 0002:000000b0 0000000cH .rdata                  DATA
 0002:000000c0 00000320H .bss                    DATA
 0003:00000000 00000030H .pdata                  DATA
 0004:00000000 0000002cH .xdata                  DATA

  Address         Publics by Value              Rva+Base               Lib:Object

 0000:00000000       __ImageBase                0000000000000000     <linker-defined>
 0001:00000000       _ModuleEntryPoint          00000000000002a0 f   UefiDriverEntryPoint:DriverEntryPoint.obj
 0001:00000028       ProcessModuleEntryPointList 00000000000002c8 f   EnglishDxe:AutoGen.obj
 0001:00000124       EngStriColl                00000000000003c4 f   EnglishDxe:UnicodeCollationEng.obj
 0001:000001a8       EngStrLwr                  0000000000000448 f   EnglishDxe:UnicodeCollationEng.obj
 0001:000001d8       EngStrUpr                  0000000000000478 f   EnglishDxe:UnicodeCollationEng.obj
 0001:00000208       EngMetaiMatch              00000000000004a8 f   EnglishDxe:UnicodeCollationEng.obj
 0001:000003dc       EngFatToStr                000000000000067c f   EnglishDxe:UnicodeCollationEng.obj
 0001:00000404       EngStrToFat                00000000000006a4 f   EnglishDxe:UnicodeCollationEng.obj
 0002:00000000       gEfiUnicodeCollationProtocolGuid 0000000000000720     EnglishDxe:AutoGen.obj
 0002:00000010       gEfiUnicodeCollation2ProtocolGuid 0000000000000730     EnglishDxe:AutoGen.obj
 0002:00000020       mOtherChars                0000000000000740     EnglishDxe:UnicodeCollationEng.obj
 0002:00000040       UnicodeEng                 0000000000000760     EnglishDxe:UnicodeCollationEng.obj
 0002:00000078       Unicode2Eng                0000000000000798     EnglishDxe:UnicodeCollationEng.obj
 0002:000000b0       _gUefiDriverRevision       00000000000007d0     EnglishDxe:AutoGen.obj
 0002:000000b4       ??_C@_02LFNMGJAP@en?$AA@   00000000000007d4     EnglishDxe:UnicodeCollationEng.obj
 0002:000000b8       ??_C@_03LKLGDMJI@eng?$AA@  00000000000007d8     EnglishDxe:UnicodeCollationEng.obj
 0002:000000c0       mHandle                    00000000000007e0     EnglishDxe:UnicodeCollationEng.obj
 0002:000000c8       gImageHandle               00000000000007e8     UefiBootServicesTableLib:UefiBootServicesTableLib.obj
 0002:000000d0       gST                        00000000000007f0     UefiBootServicesTableLib:UefiBootServicesTableLib.obj
 0002:000000d8       gBS                        00000000000007f8     UefiBootServicesTableLib:UefiBootServicesTableLib.obj
 0002:000000e0       mEngInfoMap                0000000000000800     <common>
 0002:000001e0       mEngLowerMap               0000000000000900     <common>
 0002:000002e0       mEngUpperMap               0000000000000a00     <common>

 entry point at        0001:00000000

 Static symbols

