 MemoryInit

 Timestamp is 6448e7d4 (Wed Apr 26 16:59:00 2023)

 Preferred load address is 00000000

 Start         Length     Name                   Class
 0001:00000000 0002656dH .text                   CODE
 0002:00000000 0000acb0H .data                   DATA
 0002:0000acb0 00008ca0H .rdata                  DATA
 0002:00013950 00000004H .bss                    DATA

  Address         Publics by Value              Rva+Base       Lib:Object

 0001:00000000       __ModuleEntryPoint         00000240 f   PeimEntryPoint:PeimEntryPoint.obj
 0001:00000014       _CopyMem                   00000254 f   BaseMemoryLibRepStr:CopyMemWrapper.obj
 0001:00000036       _PeiServicesLocatePpi      00000276 f   PeiServicesLib:PeiServicesLib.obj
 0001:00000055       _InternalPeiCreateHob      00000295 f   PeiHobLib:HobLib.obj
 0001:0000007e       _BuildResourceDescriptorHob 000002be f   PeiHobLib:HobLib.obj
 0001:000000c0       _BuildGuidHob              00000300 f   PeiHobLib:HobLib.obj
 0001:000000f5       _BuildGuidDataHob          00000335 f   PeiHobLib:HobLib.obj
 0001:0000011b       _GetPowerOfTwo64           0000035b f   BaseLib:GetPowerOfTwo64.obj
 0001:00000157       _LShiftU64                 00000397 f   BaseLib:LShiftU64.obj
 0001:00000173       _AsmReadMsr64              000003b3 f   BaseLib:ReadMsr64.obj
 0001:0000017a       _HighBitSet32              000003ba f   BaseLib:HighBitSet32.obj
 0001:0000018f       _GetConfigBlock            000003cf f   BaseConfigBlockLib:BaseConfigBlockLib.obj
 0001:000001d6       _GetPeiServicesTablePointer 00000416 f   PeiServicesTablePointerLibIdt:PeiServicesTablePointer.obj
 0001:000001f0       _ZeroMem                   00000430 f   BaseMemoryLibRepStr:ZeroMemWrapper.obj
 0001:000001fe       _ProcessModuleEntryPointList 0000043e f   MemoryInit:AutoGen.obj
 0001:00000203       _InstallEfiMemory          00000443 f   MemoryInit:MemoryInit.obj
 0001:000007ab       _InstallS3Memory           000009eb f   MemoryInit:MemoryInit.obj
 0001:0000081e       _MrcBdatSaveHob            00000a5e f   MemoryInit:MemoryInit.obj
 0001:00000841       _MrcParamsSave             00000a81 f   MemoryInit:MemoryInit.obj
 0001:0000085a       _MrcVersionSaveHob         00000a9a f   MemoryInit:MemoryInit.obj
 0001:00000879       _GetTimingOverrides        00000ab9 f   MemoryInit:MemoryInit.obj
 0001:00000990       _OemGetSetMeUma            00000bd0 f   MemoryInit:MemoryInit.obj
 0001:000009e3       _OemSendDramInitDoneCommand 00000c23 f   MemoryInit:MemoryInit.obj
 0001:00000a38       _OemSendIEDramInitDoneCommand 00000c78 f   MemoryInit:MemoryInit.obj
 0001:00000a7d       _MrcParamsRestore          00000cbd f   MemoryInit:MemoryInit.obj
 0001:00001349       _PeimMemoryInit            00001589 f   MemoryInit:MemoryInit.obj
 0001:0000158b       _EnableMrcBreakpoint       000017cb f   MemoryInit:MmrcLibraries.obj
 0001:000015c7       _DisableMrcBreakpoint      00001807 f   MemoryInit:MmrcLibraries.obj
 0001:00001602       _GetHalfClk                00001842 f   MemoryInit:MmrcLibraries.obj
 0001:0000162f       _ConvertPfctFromBitXToX    0000186f f   MemoryInit:MmrcLibraries.obj
 0001:000016d8       _CreateChannelMask         00001918 f   MemoryInit:MmrcLibraries.obj
 0001:0000174b       _MmrcMemset                0000198b f   MemoryInit:MmrcLibraries.obj
 0001:0000176a       _memcpy                    000019aa f   MemoryInit:MmrcLibraries.obj
 0001:0000176a       _MmrcMemCopy               000019aa f   MemoryInit:MmrcLibraries.obj
 0001:0000178f       _MmrcStringCompare         000019cf f   MemoryInit:MmrcLibraries.obj
 0001:000017b9       _GetMaxDq                  000019f9 f   MemoryInit:MmrcLibraries.obj
 0001:00001888       _ForceMaxBit               00001ac8 f   MemoryInit:MmrcLibraries.obj
 0001:00001920       _SearchSubtaskName         00001b60 f   MemoryInit:MmrcLibraries.obj
 0001:00001954       _SetRegsToLinear           00001b94 f   MemoryInit:MmrcLibraries.obj
 0001:00001b6e       _GetLinearFromRegs         00001dae f   MemoryInit:MmrcLibraries.obj
 0001:00001dcd       _GetDdrioGroupLimits       0000200d f   MemoryInit:MmrcLibraries.obj
 0001:00001eb7       _GetLocation               000020f7 f   MemoryInit:MmrcLibraries.obj
 0001:00002001       _CountOnes                 00002241 f   MemoryInit:MmrcLibraries.obj
 0001:00002027       _ConfigureCwlStressTest    00002267 f   MemoryInit:MmrcLibraries.obj
 0001:00002091       _IsPairStrobeHealthy       000022d1 f   MemoryInit:MmrcLibraries.obj
 0001:000020c2       _IsEccStrobe               00002302 f   MemoryInit:MmrcLibraries.obj
 0001:000020df       _IsStrobeValid             0000231f f   MemoryInit:MmrcLibraries.obj
 0001:0000216f       _GetLowHighMarginPerStrobe 000023af f   MemoryInit:MmrcLibraries.obj
 0001:00002279       _GetIndexBasedOnFastBootParameter 000024b9 f   MemoryInit:MmrcLibraries.obj
 0001:000022b3       _MmrcExecuteTask           000024f3 f   MemoryInit:MmrcLibraries.obj
 0001:000022d4       _SpreadBitResults          00002514 f   MemoryInit:MmrcLibraries.obj
 0001:00002337       _DeterminePassFailPerStrobe 00002577 f   MemoryInit:MmrcLibraries.obj
 0001:000023c4       _FoundEdge                 00002604 f   MemoryInit:MmrcLibraries.obj
 0001:0000247a       _PrechargeAll              000026ba f   MemoryInit:MmrcLibraries.obj
 0001:000024d5       _NopCommands               00002715 f   MemoryInit:MmrcLibraries.obj
 0001:0000252c       _ScrubMemory               0000276c f   MemoryInit:MmrcLibraries.obj
 0001:00002602       _DisplayInformation        00002842 f   MemoryInit:MmrcLibraries.obj
 0001:000026ac       _SaveMrcHostStructureAddress 000028ec f   MemoryInit:MmrcLibraries.obj
 0001:000026b2       _MrcDeadLoop               000028f2 f   MemoryInit:MmrcLibraries.obj
 0001:000026e3       _memset                    00002923 f   MemoryInit:MmrcLibraries.obj
 0001:00002713       __allshl                   00002953 f   MemoryInit:MmrcLibraries.obj
 0001:00002729       __aullshr                  00002969 f   MemoryInit:MmrcLibraries.obj
 0001:0000273f       _GetSignalInfoIndex        0000297f f   MemoryInit:MmrcLibraries.obj
 0001:00002799       _GetOffsetIndex            000029d9 f   MemoryInit:MmrcLibraries.obj
 0001:00002839       _ConvertPfctAndIoLevelToBlueprint 00002a79 f   MemoryInit:MmrcLibraries.obj
 0001:000028e9       _RunOnThisChannel          00002b29 f   MemoryInit:MmrcLibraries.obj
 0001:00002935       _SetMspData                00002b75 f   MemoryInit:MmrcLibraries.obj
 0001:00002996       _ConvertRange              00002bd6 f   MemoryInit:MmrcLibraries.obj
 0001:00002a1e       _CopyResults               00002c5e f   MemoryInit:MmrcLibraries.obj
 0001:00002b6d       _FinalCalculateCenter2     00002dad f   MemoryInit:MmrcLibraries.obj
 0001:00002d61       _FindMaxMinEW              00002fa1 f   MemoryInit:MmrcLibraries.obj
 0001:00002df6       _FindCommonMaxMinEW        00003036 f   MemoryInit:MmrcLibraries.obj
 0001:00002e70       _ApplyMaxMinEWWeight       000030b0 f   MemoryInit:MmrcLibraries.obj
 0001:00002f8a       _TestNonLinearPBForDone    000031ca f   MemoryInit:MmrcLibraries.obj
 0001:0000303f       _SplitByteResultsPerNibble 0000327f f   MemoryInit:MmrcLibraries.obj
 0001:0000315a       _DetermineStrobeVal        0000339a f   MemoryInit:MmrcLibraries.obj
 0001:00003240       _CopyToLow                 00003480 f   MemoryInit:MmrcLibraries.obj
 0001:000032e2       _FillSignalIndexArray      00003522 f   MemoryInit:MmrcLibraries.obj
 0001:00003347       _Supportx4withByteLevelSignals 00003587 f   MemoryInit:MmrcLibraries.obj
 0001:000033c4       _Restorex4withByteLevelSignals 00003604 f   MemoryInit:MmrcLibraries.obj
 0001:00003428       _GetMaxElements            00003668 f   MemoryInit:MmrcLibraries.obj
 0001:0000348c       _GetMaxBits                000036cc f   MemoryInit:MmrcLibraries.obj
 0001:000034f0       _MmrcWriteMsr              00003730 f   MemoryInit:MmrcLibraries.obj
 0001:00003501       _MmrcReadMsr               00003741 f   MemoryInit:MmrcLibraries.obj
 0001:00003508       _MmrcEntry                 00003748 f   MemoryInit:MmrcLibraries.obj
 0001:00003882       _GetCacheIndexArray        00003ac2 f   MemoryInit:MmrcLibraries.obj
 0001:000038c1       _GetSetCache               00003b01 f   MemoryInit:MmrcLibraries.obj
 0001:00003a98       _GetSetDdrioGroup          00003cd8 f   MemoryInit:MmrcLibraries.obj
 0001:0000419e       _WriteLevelingMode         000043de f   MemoryInit:MmrcLibraries.obj
 0001:00004203       _MprWrite                  00004443 f   MemoryInit:MmrcLibraries.obj
 0001:0000432d       _CpgcExecuteSingleTest     0000456d f   MemoryInit:MmrcLibraries.obj
 0001:000043c4       _ChangeCmdMode             00004604 f   MemoryInit:MmrcLibraries.obj
 0001:00004453       _CalculateOrRestoreResults 00004693 f   MemoryInit:MmrcLibraries.obj
 0001:00004664       _CpgcSetup                 000048a4 f   MemoryInit:MmrcLibraries.obj
 0001:00004892       _CpgcReconfig              00004ad2 f   MemoryInit:MmrcLibraries.obj
 0001:00004b63       _CpgcBaseLineTest          00004da3 f   MemoryInit:MmrcLibraries.obj
 0001:00004ca4       _DoZqCal                   00004ee4 f   MemoryInit:MmrcLibraries.obj
 0001:00004d34       _CpgcRunCadbTest           00004f74 f   MemoryInit:MmrcLibraries.obj
 0001:00005175       _CpgcExecuteParallel       000053b5 f   MemoryInit:MmrcLibraries.obj
 0001:000051db       _MemInit                   0000541b f   MemoryInit:MmrcLibraries.obj
 0001:00005446       _MemoryTest                00005686 f   MemoryInit:MmrcLibraries.obj
 0001:000054c0       _IsCmdSignalDelay          00005700 f   MemoryInit:MmrcLibraries.obj
 0001:0000553f       _IsCtlSignalDelay          0000577f f   MemoryInit:MmrcLibraries.obj
 0001:000055be       _PrintFooter1DSweep        000057fe f   MemoryInit:MmrcLibraries.obj
 0001:0000560b       _BuildComposite            0000584b f   MemoryInit:MmrcLibraries.obj
 0001:00005c7d       _GetSet                    00005ebd f   MemoryInit:MmrcLibraries.obj
 0001:00005dcf       _PrintCount                0000600f f   MemoryInit:MmrcLibraries.obj
 0001:00005e86       _SetCriteria2              000060c6 f   MemoryInit:MmrcLibraries.obj
 0001:00005f47       _CalculateCenter2          00006187 f   MemoryInit:MmrcLibraries.obj
 0001:00005fc7       _CalculateCenter1          00006207 f   MemoryInit:MmrcLibraries.obj
 0001:000060fe       _ProgramSetGetLinear       0000633e f   MemoryInit:MmrcLibraries.obj
 0001:000061a0       _PrintHiLow                000063e0 f   MemoryInit:MmrcLibraries.obj
 0001:000062ea       _ReceiveEnableDramEntryExit 0000652a f   MemoryInit:MmrcLibraries.obj
 0001:00006394       _JedecInitFunction         000065d4 f   MemoryInit:MmrcLibraries.obj
 0001:0000652f       _GetSetDdrioGroup2         0000676f f   MemoryInit:MmrcLibraries.obj
 0001:000065bd       _Average                   000067fd f   MemoryInit:MmrcLibraries.obj
 0001:000066fd       _AverageGroups             0000693d f   MemoryInit:MmrcLibraries.obj
 0001:00006783       _FineWriteLevelingDramEntryExit 000069c3 f   MemoryInit:MmrcLibraries.obj
 0001:00006ad4       _EarlyCwlSetup             00006d14 f   MemoryInit:MmrcLibraries.obj
 0001:00006b28       _IsCurrentStrobeWithinLimit 00006d68 f   MemoryInit:MmrcLibraries.obj
 0001:00006b8d       _PrintAndRestoreAfterFailureValues 00006dcd f   MemoryInit:MmrcLibraries.obj
 0001:00006bff       _RestoreFastBootParameters 00006e3f f   MemoryInit:MmrcLibraries.obj
 0001:00006c7a       _Create2DEye               00006eba f   MemoryInit:MmrcLibraries.obj
 0001:00006ef2       _CommandClockEntry         00007132 f   MemoryInit:MmrcLibraries.obj
 0001:00006f43       _BlastCommandGroups        00007183 f   MemoryInit:MmrcLibraries.obj
 0001:00007025       _ReInitializeDramsAcrossChannels 00007265 f   MemoryInit:MmrcLibraries.obj
 0001:00007289       _BlastFinalResults         000074c9 f   MemoryInit:MmrcLibraries.obj
 0001:000074c4       _DisplayOrRestoreTrainingResults 00007704 f   MemoryInit:MmrcLibraries.obj
 0001:000079b8       _GetMinMaxRelativeAbsolute 00007bf8 f   MemoryInit:MmrcLibraries.obj
 0001:00007abb       _Center2D                  00007cfb f   MemoryInit:MmrcLibraries.obj
 0001:000081d1       _Create1DSweep             00008411 f   MemoryInit:MmrcLibraries.obj
 0001:00008d35       _ProgramInitialSettingsFor1DSweep 00008f75 f   MemoryInit:MmrcLibraries.obj
 0001:00008fb3       _CheckAndStoreEyeMasks     000091f3 f   MemoryInit:MmrcLibraries.obj
 0001:0000920b       _ReAdjust2xRestriction     0000944b f   MemoryInit:MmrcLibraries.obj
 0001:000093f7       _RestoreDim1Values         00009637 f   MemoryInit:MmrcLibraries.obj
 0001:000095c2       _SetPBDLinear              00009802 f   MemoryInit:MmrcLibraries.obj
 0001:0000962a       _ReAdjust                  0000986a f   MemoryInit:MmrcLibraries.obj
 0001:00009758       _StoreDelay                00009998 f   MemoryInit:MmrcLibraries.obj
 0001:000097c5       _RestoreDelay              00009a05 f   MemoryInit:MmrcLibraries.obj
 0001:00009834       _VrefValueToSwitchVOC      00009a74 f   MemoryInit:MmrcLibraries.obj
 0001:00009a50       _ReInitializeFunction      00009c90 f   MemoryInit:MmrcLibraries.obj
 0001:00009aca       _VocTraining               00009d0a f   MemoryInit:MmrcLibraries.obj
 0001:0000a6f6       _SampleDqs                 0000a936 f   MemoryInit:MmrcLibraries.obj
 0001:0000a8e1       _CpgcExecuteRmtTest        0000ab21 f   MemoryInit:MmrcLibraries.obj
 0001:0000aeb2       _FastBootChecker           0000b0f2 f   MemoryInit:MmrcLibraries.obj
 0001:0000b799       _SearchRmt                 0000b9d9 f   MemoryInit:MmrcLibraries.obj
 0001:0000c119       _CommandRestore            0000c359 f   MemoryInit:MmrcLibraries.obj
 0001:0000c18d       _GroupSaveRestore          0000c3cd f   MemoryInit:MmrcLibraries.obj
 0001:0000c1d7       _Create2DSweep             0000c417 f   MemoryInit:MmrcLibraries.obj
 0001:0000c7de       _TestMrcTrainingSteps      0000ca1e f   MemoryInit:MmrcLibraries.obj
 0001:0000caa5       _GenericMemoryTest         0000cce5 f   MemoryInit:MmrcLibraries.obj
 0001:0000cafc       _ReceiveEnable             0000cd3c f   MemoryInit:MmrcLibraries.obj
 0001:0000d0e9       _FineWriteLeveling         0000d329 f   MemoryInit:MmrcLibraries.obj
 0001:0000d501       _CoarseWLTest              0000d741 f   MemoryInit:MmrcLibraries.obj
 0001:0000d7ab       _TxeqTunning               0000d9eb f   MemoryInit:MmrcLibraries.obj
 0001:0000d997       _SearchRmtWrapper          0000dbd7 f   MemoryInit:MmrcLibraries.obj
 0001:0000dab7       _SampleAndVerifyCmdStress  0000dcf7 f   MemoryInit:MmrcLibraries.obj
 0001:0000dc02       _SweepCenterEye2D          0000de42 f   MemoryInit:MmrcLibraries.obj
 0001:0000dd01       _TestRankMrcTrainingSteps  0000df41 f   MemoryInit:MmrcLibraries.obj
 0001:0000dd56       _CompleteSweep             0000df96 f   MemoryInit:MmrcLibraries.obj
 0001:0000e2a8       _EarlyMprRead              0000e4e8 f   MemoryInit:MmrcLibraries.obj
 0001:0000e43e       _ExecuteCwlVerificationTest 0000e67e f   MemoryInit:MmrcLibraries.obj
 0001:0000e524       _CoarseWriteLeveling       0000e764 f   MemoryInit:MmrcLibraries.obj
 0001:0000ecb7       _DeterminePassingVref1     0000eef7 f   MemoryInit:MmrcLibraries.obj
 0001:0000f17f       _DeterminePassingVref2     0000f3bf f   MemoryInit:MmrcLibraries.obj
 0001:0000f364       _SweepData1                0000f5a4 f   MemoryInit:MmrcLibraries.obj
 0001:0000f96e       _ProgramSetGet             0000fbae f   MemoryInit:MmrcLibraries.obj
 0001:0000fe14       _ApplySetting              00010054 f   MemoryInit:MmrcLibraries.obj
 0001:0000ff81       _AdvancedTrainingAlgo      000101c1 f   MemoryInit:MmrcLibraries.obj
 0001:00010970       _ReadTraining              00010bb0 f   MemoryInit:MmrcLibraries.obj
 0001:00010abc       _WriteTraining             00010cfc f   MemoryInit:MmrcLibraries.obj
 0001:00010cda       _CommandClockTraining      00010f1a f   MemoryInit:MmrcLibraries.obj
 0001:00010ef3       _Mmio32Read                00011133 f   MemoryInit:RegAccess.obj
 0001:00010efa       _Mmio16Read                0001113a f   MemoryInit:RegAccess.obj
 0001:00010f02       _Mmio8Read                 00011142 f   MemoryInit:RegAccess.obj
 0001:00010f09       _Mmio32Write               00011149 f   MemoryInit:RegAccess.obj
 0001:00010f14       _Mmio16Write               00011154 f   MemoryInit:RegAccess.obj
 0001:00010f21       _Mmio8Write                00011161 f   MemoryInit:RegAccess.obj
 0001:00010f2c       _GetRegisterAccessInfo     0001116c f   MemoryInit:RegAccess.obj
 0001:00011045       _MemRegRead                00011285 f   MemoryInit:RegAccess.obj
 0001:00011210       _MemRegWrite               00011450 f   MemoryInit:RegAccess.obj
 0001:00011484       _MemFieldRead              000116c4 f   MemoryInit:RegAccess.obj
 0001:000114b3       _GetCpuType                000116f3 f   MemoryInit:McFunc.obj
 0001:000114d6       _TimingParams              00011716 f   MemoryInit:McFunc.obj
 0001:00011652       _OverrideTimingParams      00011892 f   MemoryInit:McFunc.obj
 0001:000116a6       _FillModMrcDataStructure   000118e6 f   MemoryInit:McFunc.obj
 0001:0001173d       _GetPlatformSettings       0001197d f   MemoryInit:McFunc.obj
 0001:000118f7       _DetermineBootMode         00011b37 f   MemoryInit:McFunc.obj
 0001:00011983       _CheckColdBootRequired     00011bc3 f   MemoryInit:McFunc.obj
 0001:000119a8       _Lfsr16                    00011be8 f   MemoryInit:McFunc.obj
 0001:000119de       _SetSlowFastExit           00011c1e f   MemoryInit:McFunc.obj
 0001:00011a3d       _get_initial_seed          00011c7d f   MemoryInit:McFunc.obj
 0001:00011a67       _GetPowerOfTwo             00011ca7 f   MemoryInit:McFunc.obj
 0001:00011a84       _FindActiveChannel         00011cc4 f   MemoryInit:McFunc.obj
 0001:00011aa0       _MrcInitializeParameters   00011ce0 f   MemoryInit:McFunc.obj
 0001:00011f5b       _SetScrambler              0001219b f   MemoryInit:McFunc.obj
 0001:00012032       _WriteCmosMrc              00012272 f   MemoryInit:ConfigMem.obj
 0001:00012047       _ReadCmosMrc               00012287 f   MemoryInit:ConfigMem.obj
 0001:0001205d       _InitializeDdr3JedecVariables 0001229d f   MemoryInit:ConfigMem.obj
 0001:000123f4       _RegisterControlWordSetup  00012634 f   MemoryInit:ConfigMem.obj
 0001:000127fd       _InitializeDdr4JedecVariables 00012a3d f   MemoryInit:ConfigMem.obj
 0001:0001345a       _CheckpointConfigure       0001369a f   MemoryInit:ConfigMem.obj
 0001:000134e6       _SpdResetNeeded            00013726 f   MemoryInit:ConfigMem.obj
 0001:00013620       _VerifyResetRequests       00013860 f   MemoryInit:ConfigMem.obj
 0001:0001367f       _RecordMrcStart            000138bf f   MemoryInit:ConfigMem.obj
 0001:000136da       _ExternalSiliconInit       0001391a f   MemoryInit:ConfigMem.obj
 0001:0001374b       _GetInputParameters        0001398b f   MemoryInit:ConfigMem.obj
 0001:000137a9       _ChannelSizeFusetoMBSize   000139e9 f   MemoryInit:ConfigMem.obj
 0001:000137d5       _ConfigureInterleaving     00013a15 f   MemoryInit:ConfigMem.obj
 0001:00013bd6       _ProgDramRapl              00013e16 f   MemoryInit:ConfigMem.obj
 0001:00013d24       _ProgLeakyBucket           00013f64 f   MemoryInit:ConfigMem.obj
 0001:00013f5b       _ProgPatrolDemandScrub     0001419b f   MemoryInit:ConfigMem.obj
 0001:0001411a       _SetPhyInitDynamicVariables 0001435a f   MemoryInit:ConfigMem.obj
 0001:000143af       _SetMemThermThrotVariables 000145ef f   MemoryInit:ConfigMem.obj
 0001:0001455e       _SetMemHotVariables        0001479e f   MemoryInit:ConfigMem.obj
 0001:00014631       _SetMemTripVariables       00014871 f   MemoryInit:ConfigMem.obj
 0001:00014667       _A0DllWorkAroundEnabled    000148a7 f   MemoryInit:ConfigMem.obj
 0001:0001469d       _InitializeJedecVariables  000148dd f   MemoryInit:ConfigMem.obj
 0001:00014762       _ConvertInputParameters    000149a2 f   MemoryInit:ConfigMem.obj
 0001:00016333       _ConfigureMemory           00016573 f   MemoryInit:ConfigMem.obj
 0001:00016386       _Crc16                     000165c6 f   MemoryInit:Bdat.obj
 0001:000163d3       _FillBdatStructure         00016613 f   MemoryInit:Bdat.obj
 0001:000168ff       _DynamicAssignmentGenerated 00016b3f f   MemoryInit:MmrcProjectDataGenerated.obj
 0001:0001bc8f       _ProgSliceChannelHash      0001becf f   MemoryInit:MmrcHooks.obj
 0001:0001bcc2       _ReturnFreqPad             0001bf02 f   MemoryInit:MmrcHooks.obj
 0001:0001bce2       _ModifyTclOne              0001bf22 f   MemoryInit:MmrcHooks.obj
 0001:0001bcf4       _ModifyTclTwo              0001bf34 f   MemoryInit:MmrcHooks.obj
 0001:0001bd0f       _ModifyTclThree            0001bf4f f   MemoryInit:MmrcHooks.obj
 0001:0001bd2f       _ModifyTclFour             0001bf6f f   MemoryInit:MmrcHooks.obj
 0001:0001bd58       _ReceiveEnableExit         0001bf98 f   MemoryInit:MmrcHooks.obj
 0001:0001c4a3       _WriteTrainingExit         0001c6e3 f   MemoryInit:MmrcHooks.obj
 0001:0001c61e       _ProgramParityCheck        0001c85e f   MemoryInit:MmrcHooks.obj
 0001:0001c6e0       _MciDunit                  0001c920 f   MemoryInit:MmrcHooks.obj
 0001:0001c766       _GetRowBankLocation        0001c9a6 f   MemoryInit:MmrcHooks.obj
 0001:0001c7bf       _GetPprMask                0001c9ff f   MemoryInit:MmrcHooks.obj
 0001:0001c83a       _PprSetupAddress           0001ca7a f   MemoryInit:MmrcHooks.obj
 0001:0001c963       _VerifyPprResult           0001cba3 f   MemoryInit:MmrcHooks.obj
 0001:0001c9c1       _RunPpr                    0001cc01 f   MemoryInit:MmrcHooks.obj
 0001:0001c9ed       _MrcAcquireBus             0001cc2d f   MemoryInit:MmrcHooks.obj
 0001:0001ca0c       _SetPageAddress            0001cc4c f   MemoryInit:MmrcHooks.obj
 0001:0001caa7       _MrcSmbusExec              0001cce7 f   MemoryInit:MmrcHooks.obj
 0001:0001cc75       _ConvertLinearToPhysicalValue 0001ceb5 f   MemoryInit:MmrcHooks.obj
 0001:0001cd80       _ConvertPhysicalToLinearValue 0001cfc0 f   MemoryInit:MmrcHooks.obj
 0001:0001ce8b       _Value2RxVrefRegs          0001d0cb f   MemoryInit:MmrcHooks.obj
 0001:0001cebd       _GetSetRxVref              0001d0fd f   MemoryInit:MmrcHooks.obj
 0001:0001d038       _GetSetWrLvlSmp            0001d278 f   MemoryInit:MmrcHooks.obj
 0001:0001d0cc       _GetJedecResetTypeForRd    0001d30c f   MemoryInit:MmrcHooks.obj
 0001:0001d0cc       _CheckPerBitSupport        0001d30c f   MemoryInit:MmrcHooks.obj
 0001:0001d0cc       _GetSetWrLvlDelay          0001d30c f   MemoryInit:MmrcHooks.obj
 0001:0001d0cc       _CheckCount                0001d30c f   MemoryInit:MmrcLibraries.obj
 0001:0001d0cc       _GetSetTxDqDelayGExt       0001d30c f   MemoryInit:MmrcHooks.obj
 0001:0001d0cc       _OemI2cMux                 0001d30c f   MemoryInit:OemHooks.obj
 0001:0001d0cc       _CheckX4Support            0001d30c f   MemoryInit:MmrcHooks.obj
 0001:0001d0cc       _PhyViewTable              0001d30c f   MemoryInit:MmrcLibraries.obj
 0001:0001d0cf       _GetSetRxDqsTether         0001d30f f   MemoryInit:MmrcHooks.obj
 0001:0001d12f       _GetSetTxEq                0001d36f f   MemoryInit:MmrcHooks.obj
 0001:0001d1e0       _GetSetCtle                0001d420 f   MemoryInit:MmrcHooks.obj
 0001:0001d40b       _GetSetTxSwingB            0001d64b f   MemoryInit:MmrcHooks.obj
 0001:0001d4b6       _ReadWriteDelay            0001d6f6 f   MemoryInit:MmrcHooks.obj
 0001:0001d5f4       _OverrideDelay             0001d834 f   MemoryInit:MmrcHooks.obj
 0001:0001d692       _DisableChannel            0001d8d2 f   MemoryInit:MmrcHooks.obj
 0001:0001d8e0       _GetMin2xPIPerRank         0001db20 f   MemoryInit:MmrcHooks.obj
 0001:0001da29       _WriteDimmVref             0001dc69 f   MemoryInit:MmrcHooks.obj
 0001:0001da83       _WriteCmdVref              0001dcc3 f   MemoryInit:MmrcHooks.obj
 0001:0001dac8       _MirrorAddrBits            0001dd08 f   MemoryInit:MmrcHooks.obj
 0001:0001db17       _HandleAddressMirroring    0001dd57 f   MemoryInit:MmrcHooks.obj
 0001:0001dc61       _ConvertMrsDataToMirrored  0001dea1 f   MemoryInit:MmrcHooks.obj
 0001:0001dd1e       _ReadMrsCommand            0001df5e f   MemoryInit:MmrcHooks.obj
 0001:0001dd80       _DisablePatrolDemandScrubbing 0001dfc0 f   MemoryInit:MmrcHooks.obj
 0001:0001ddc3       _RestorePatrolDemandScrubbing 0001e003 f   MemoryInit:MmrcHooks.obj
 0001:0001de38       _GetAddressBit             0001e078 f   MemoryInit:MmrcHooks.obj
 0001:0001de3c       _CpgcOptionsSetup          0001e07c f   MemoryInit:MmrcHooks.obj
 0001:0001de74       _BreakStrobeLoop           0001e0b4 f   MemoryInit:MmrcHooks.obj
 0001:0001dee8       _SignalUpperBound          0001e128 f   MemoryInit:MmrcHooks.obj
 0001:0001df7d       _MirrorAddrBitsPassGate    0001e1bd f   MemoryInit:MmrcHooks.obj
 0001:0001df9b       _DelayForXActivates        0001e1db f   MemoryInit:MmrcHooks.obj
 0001:0001e021       _GetDimmGeometry           0001e261 f   MemoryInit:MmrcHooks.obj
 0001:0001e11c       _PassGateTestEntryHooks    0001e35c f   MemoryInit:MmrcHooks.obj
 0001:0001e49e       _PassGateTestExitHooks     0001e6de f   MemoryInit:MmrcHooks.obj
 0001:0001e4bb       _ClearSelfRefreshClamp     0001e6fb f   MemoryInit:MmrcHooks.obj
 0001:0001e4c0       _RestoreArmNvDimms         0001e700 f   MemoryInit:MmrcHooks.obj
 0001:0001e4e0       _SignalPunitMemInitDone    0001e720 f   MemoryInit:MmrcHooks.obj
 0001:0001e57a       _Getx4FloorPlan            0001e7ba f   MemoryInit:MmrcHooks.obj
 0001:0001e5b8       _IsInitRequired            0001e7f8 f   MemoryInit:MmrcHooks.obj
 0001:0001e5df       _DetermineRankMap          0001e81f f   MemoryInit:MmrcHooks.obj
 0001:0001e7b2       _IsAdrFlow                 0001e9f2 f   MemoryInit:MmrcHooks.obj
 0001:0001e7c1       _MemInitPerDimm            0001ea01 f   MemoryInit:MmrcHooks.obj
 0001:0001e9b4       _RxTxSkewCtl               0001ebf4 f   MemoryInit:MmrcHooks.obj
 0001:0001eb71       _ProgDramRaplLimitMsr      0001edb1 f   MemoryInit:MmrcHooks.obj
 0001:0001eba4       _SaveMrs                   0001ede4 f   MemoryInit:MmrcHooks.obj
 0001:0001ec50       _SaveRcw                   0001ee90 f   MemoryInit:MmrcHooks.obj
 0001:0001f4d6       _SetExtDefault             0001f716 f   MemoryInit:MmrcHooks.obj
 0001:0001f52d       _RaplSupport               0001f76d f   MemoryInit:MmrcHooks.obj
 0001:0001f576       _DnvNibbleTrainingExitHook 0001f7b6 f   MemoryInit:MmrcHooks.obj
 0001:0001f5d1       _DnvNibbleTrainingHook     0001f811 f   MemoryInit:MmrcHooks.obj
 0001:0001f651       _VrefOverride              0001f891 f   MemoryInit:MmrcHooks.obj
 0001:0001f678       _EarlySetWriteVref         0001f8b8 f   MemoryInit:MmrcHooks.obj
 0001:0001f7bc       _GetSetCmdVref             0001f9fc f   MemoryInit:MmrcHooks.obj
 0001:0001f80a       _CmdOverrideSettings       0001fa4a f   MemoryInit:MmrcHooks.obj
 0001:0001f8d1       _HandleCheckpoint          0001fb11 f   MemoryInit:MmrcHooks.obj
 0001:0001f96e       _MirrorMrsAndAssignToDynamicVars 0001fbae f   MemoryInit:MmrcHooks.obj
 0001:0001f9b0       _WriteDramCommand          0001fbf0 f   MemoryInit:MmrcHooks.obj
 0001:0001fa05       _DisplayOrRestoreTrainingResultsRxDqsWrapper 0001fc45 f   MemoryInit:MmrcHooks.obj
 0001:0001fa68       _CaParityEnable            0001fca8 f   MemoryInit:MmrcHooks.obj
 0001:0001faeb       _PdaSequence               0001fd2b f   MemoryInit:MmrcHooks.obj
 0001:0001fcae       _GetSetDimmVref            0001feee f   MemoryInit:MmrcHooks.obj
 0001:0001fdcd       _PerformanceLatency        0002000d f   MemoryInit:MmrcHooks.obj
 0001:0002014f       _ToggleMprModeSide         0002038f f   MemoryInit:MmrcHooks.obj
 0001:000201e0       _WriteDramCommandSideWrap  00020420 f   MemoryInit:MmrcHooks.obj
 0001:00020230       _JedecDllOffToOnFlow       00020470 f   MemoryInit:MmrcHooks.obj
 0001:000202ef       _SendGuardKeyPattern       0002052f f   MemoryInit:MmrcHooks.obj
 0001:00020337       _PostPackageRepairEntry    00020577 f   MemoryInit:MmrcHooks.obj
 0001:00020673       _ToggleMprMode             000208b3 f   MemoryInit:MmrcHooks.obj
 0001:00020727       _McStall                   00020967 f   MemoryInit:MSysProg.obj
 0001:00020777       _McStallNanoSecond         000209b7 f   MemoryInit:MSysProg.obj
 0001:00020791       _MspDelay                  000209d1 f   MemoryInit:MSysProg.obj
 0001:000207da       _McEnableHpet              00020a1a f   MemoryInit:MSysProg.obj
 0001:00020808       _GetMspHostStructureAddress 00020a48 f   MemoryInit:MSysProg.obj
 0001:00020812       _ByteEnableToUintX         00020a52 f   MemoryInit:MSysProg.obj
 0001:00020878       _CreatePFCTSel             00020ab8 f   MemoryInit:MSysProg.obj
 0001:0002097c       _MspExecuteTask            00020bbc f   MemoryInit:MSysProg.obj
 0001:00021181       _MspInit                   000213c1 f   MemoryInit:MSysProg.obj
 0001:000211aa       _FillUpMspDataStructure    000213ea f   MemoryInit:MSysProg.obj
 0001:000211f0       _LockMspDataStructure      00021430 f   MemoryInit:MSysProg.obj
 0001:00021201       _OemGetFruInformation      00021441 f   MemoryInit:OemHooks.obj
 0001:00021351       _OemGetPlatformType        00021591 f   MemoryInit:OemHooks.obj
 0001:00021459       _OemSetMrcData             00021699 f   MemoryInit:OemHooks.obj
 0001:000217a6       _ProcessLibraryConstructorList 000219e6 f   MemoryInit:AutoGen.obj
 0001:000217a6       _OemMemoryErrorCode        000219e6 f   MemoryInit:OemHooks.obj
 0001:000217a7       _OemClearSelfRefreshClamp  000219e7 f   MemoryInit:OemHooks.obj
 0001:000217c9       _GetOdtValueIndex          00021a09 f   MemoryInit:MemOdt.obj
 0001:000218ee       _LookupOdtValue            00021b2e f   MemoryInit:MemOdt.obj
 0001:00021926       _LookupDdr4OdtValue        00021b66 f   MemoryInit:MemOdt.obj
 0001:0002195b       _DramVrefToEncode          00021b9b f   MemoryInit:MemOdt.obj
 0001:0002198d       _CpuVrefPercentToEncode    00021bcd f   MemoryInit:MemOdt.obj
 0001:000219b7       _SetOdtMatrix              00021bf7 f   MemoryInit:MemOdt.obj
 0001:00021c4e       _CoreNVDIMMStatus          00021e8e f   MemoryInit:NvdimmHooks.obj
 0001:00021d32       _CoreArmNVDIMMs            00021f72 f   MemoryInit:NvdimmHooks.obj
 0001:00021e1e       _PrechargeAllRanks         0002205e f   MemoryInit:NvdimmHooks.obj
 0001:00021e58       _NvDimmMrsRestore          00022098 f   MemoryInit:NvdimmHooks.obj
 0001:00021f5a       _PlatformMrsRestoreNvDimms 0002219a f   MemoryInit:NvdimmHooks.obj
 0001:00021ff0       _PlatformMrsRestoreNvDimmsEndMarker 00022230 f   MemoryInit:NvdimmHooks.obj
 0001:00021ffd       _PlatformCacheMrsRestoreNvDimms 0002223d f   MemoryInit:NvdimmHooks.obj
 0001:0002203b       _EccInitializeNeeded       0002227b f   MemoryInit:NvdimmHooks.obj
 0001:000220d1       _ReadSmbNVDIMM             00022311 f   MemoryInit:NvdimmHooks.obj
 0001:000220f0       _WriteSmbNVDIMM            00022330 f   MemoryInit:NvdimmHooks.obj
 0001:00022122       _ReadSmbTimeout            00022362 f   MemoryInit:NvdimmHooks.obj
 0001:0002218a       _NetlistStatus             000223ca f   MemoryInit:NvdimmHooks.obj
 0001:00022227       _NetlistRestoreStart       00022467 f   MemoryInit:NvdimmHooks.obj
 0001:0002224a       _NetlistRestoreDone        0002248a f   MemoryInit:NvdimmHooks.obj
 0001:000222dc       _NetlistArm                0002251c f   MemoryInit:NvdimmHooks.obj
 0001:0002237c       _AgigaStatus               000225bc f   MemoryInit:NvdimmHooks.obj
 0001:000223f3       _AgigaRestoreStart         00022633 f   MemoryInit:NvdimmHooks.obj
 0001:00022416       _AgigaRestoreDone          00022656 f   MemoryInit:NvdimmHooks.obj
 0001:0002246a       _AgigaArm                  000226aa f   MemoryInit:NvdimmHooks.obj
 0001:000224fb       _VikingStatus              0002273b f   MemoryInit:NvdimmHooks.obj
 0001:0002262a       _VikingRestoreStart        0002286a f   MemoryInit:NvdimmHooks.obj
 0001:00022712       _VikingRestoreDone         00022952 f   MemoryInit:NvdimmHooks.obj
 0001:00022784       _VikingArm                 000229c4 f   MemoryInit:NvdimmHooks.obj
 0001:000227fd       _SmartUnlock               00022a3d f   MemoryInit:NvdimmHooks.obj
 0001:00022881       _SmartStatus               00022ac1 f   MemoryInit:NvdimmHooks.obj
 0001:00022960       _SmartRestoreStart         00022ba0 f   MemoryInit:NvdimmHooks.obj
 0001:00022983       _SmartRestoreDone          00022bc3 f   MemoryInit:NvdimmHooks.obj
 0001:00022a08       _SmartArm                  00022c48 f   MemoryInit:NvdimmHooks.obj
 0001:00022af1       _JEDECDumpStatusRegs       00022d31 f   MemoryInit:NvdimmHooks.obj
 0001:00022c44       _JEDECSwitchPage           00022e84 f   MemoryInit:NvdimmHooks.obj
 0001:00022cac       _JEDECTimeoutInSeconds     00022eec f   MemoryInit:NvdimmHooks.obj
 0001:00022d2a       _JEDECUnarmNVdimm          00022f6a f   MemoryInit:NvdimmHooks.obj
 0001:00022d75       _JEDECStatus               00022fb5 f   MemoryInit:NvdimmHooks.obj
 0001:00022ea5       _JEDECRestoreStart         000230e5 f   MemoryInit:NvdimmHooks.obj
 0001:00022f15       _JEDECAbortCmd             00023155 f   MemoryInit:NvdimmHooks.obj
 0001:00022fd0       _JEDECRestoreDone          00023210 f   MemoryInit:NvdimmHooks.obj
 0001:000230d1       _JEDECEnergySelect         00023311 f   MemoryInit:NvdimmHooks.obj
 0001:0002316b       _JEDECesCharge             000233ab f   MemoryInit:NvdimmHooks.obj
 0001:000231f7       _JEDECArm                  00023437 f   MemoryInit:NvdimmHooks.obj
 0001:00023424       _PlatformRestoreNvDimms    00023664 f   MemoryInit:NvdimmHooks.obj
 0001:000236ee       _PlatformArmNvDimms        0002392e f   MemoryInit:NvdimmHooks.obj
 0001:000236f3       _PlatformUpdateBootMode    00023933 f   MemoryInit:NvdimmHooks.obj
 0001:00023779       _ReadSpd                   000239b9 f   MemoryInit:NvdimmHooks.obj
 0001:000237a7       _CoreDetectNVDIMM          000239e7 f   MemoryInit:NvdimmHooks.obj
 0001:000239ee       _PlatformDetectNvDimm      00023c2e f   MemoryInit:NvdimmHooks.obj
 0001:00023a2a       _ReadFuses                 00023c6a f   MemoryInit:DetectDimms.obj
 0001:00023c09       _SetMaxDq                  00023e49 f   MemoryInit:DetectDimms.obj
 0001:00023cd8       _BusWidthVariable          00023f18 f   MemoryInit:DetectDimms.obj
 0001:00023d32       _DualRankInSystem          00023f72 f   MemoryInit:DetectDimms.obj
 0001:00023d79       _GetPpinChip               00023fb9 f   MemoryInit:DetectDimms.obj
 0001:00023dae       _IdentifyDdr3Dimms         00023fee f   MemoryInit:DetectDimms.obj
 0001:00024068       _IdentifyDdr4Dimms         000242a8 f   MemoryInit:DetectDimms.obj
 0001:0002430b       _IsAnySlotEmpty            0002454b f   MemoryInit:DetectDimms.obj
 0001:00024338       _EnforceCommonFreq         00024578 f   MemoryInit:DetectDimms.obj
 0001:000245c4       _FindTclTacTClk            00024804 f   MemoryInit:DetectDimms.obj
 0001:00024715       _FindTrasTrpTrcd           00024955 f   MemoryInit:DetectDimms.obj
 0001:00024945       _CalcDimmConfig            00024b85 f   MemoryInit:DetectDimms.obj
 0001:00024bd8       _CalcRaplBandWidthScale    00024e18 f   MemoryInit:DetectDimms.obj
 0001:00024d8b       _GetSpdData                00024fcb f   MemoryInit:DetectDimms.obj
 0001:00024fb4       _GetRelevantSpdBytes       000251f4 f   MemoryInit:DetectDimms.obj
 0001:00025001       _ProcPpinChangedCheck      00025241 f   MemoryInit:DetectDimms.obj
 0001:0002502d       _CallIdentifyDimms         0002526d f   MemoryInit:DetectDimms.obj
 0001:00025062       _DetectDimms               000252a2 f   MemoryInit:DetectDimms.obj
 0001:00025360       __allmul                   000255a0 f   MemoryInit:Math64b.obj
 0001:00025381       __aulldiv                  000255c1 f   MemoryInit:Math64b.obj
 0001:00025399       _WaitBusy                  000255d9 f   MemoryInit:Mailbox.obj
 0001:00025400       _WriteDataB2P              00025640 f   MemoryInit:Mailbox.obj
 0001:000255cd       _SetVoltageOffset          0002580d f   MemoryInit:Mailbox.obj
 0001:0002560d       _SetRaplBandWidthScale     0002584d f   MemoryInit:Mailbox.obj
 0001:00025633       _VSafe                     00025873 f   MemoryInit:Mailbox.obj
 0001:000256a0       _PunitMemInitDone          000258e0 f   MemoryInit:Mailbox.obj
 0001:000256b3       _AntiLogBase2              000258f3 f   MemoryInit:PassGate.obj
 0001:000256c7       _InitInternalCommonVariables 00025907 f   MemoryInit:PassGate.obj
 0001:00025894       _GetRowBankMapping         00025ad4 f   MemoryInit:PassGate.obj
 0001:00025918       _ToggleDramDimmAddress     00025b58 f   MemoryInit:PassGate.obj
 0001:00025942       _GetCompositeAddress       00025b82 f   MemoryInit:PassGate.obj
 0001:00025994       _AddressSetup              00025bd4 f   MemoryInit:PassGate.obj
 0001:00025ae2       _AgressorVictimWrites      00025d22 f   MemoryInit:PassGate.obj
 0001:00025b7d       _CharacterizationReads     00025dbd f   MemoryInit:PassGate.obj
 0001:00025c56       _VictimReads               00025e96 f   MemoryInit:PassGate.obj
 0001:00025ce8       _PassGateTest              00025f28 f   MemoryInit:PassGate.obj
 0001:000260bc       _BitScanReverse32          000262fc f   MemoryInit:MrcFunc.obj
 0001:000260c9       _FillFastBootDataStructure 00026309 f   MemoryInit:MrcFunc.obj
 0001:000264e8       _FillOutputStructure       00026728 f   MemoryInit:MrcFunc.obj
 0001:00026510       _InternalMemCopyMem        00026750     BaseMemoryLibRepStr:CopyMem.obj
 0001:00026550       _InternalMemZeroMem        00026790     BaseMemoryLibRepStr:ZeroMem.obj
 0002:00000000       _gEfiSmmPeiSmramMemoryReserveGuid 000267c0     MemoryInit:AutoGen.obj
 0002:00000010       _gEfiAcpiVariableGuid      000267d0     MemoryInit:AutoGen.obj
 0002:00000020       _gEfiGlobalVariableGuid    000267e0     MemoryInit:AutoGen.obj
 0002:00000030       _gEfiMemoryConfigDataGuid  000267f0     MemoryInit:AutoGen.obj
 0002:00000040       _gEfiMrcVersionGuid        00026800     MemoryInit:AutoGen.obj
 0002:00000050       _gEfiBdatMemoryData2Guid   00026810     MemoryInit:AutoGen.obj
 0002:00000060       _gIqatIpReservedBaseHobGuid 00026820     MemoryInit:AutoGen.obj
 0002:00000070       _gEfiPeiReadOnlyVariable2PpiGuid 00026830     MemoryInit:AutoGen.obj
 0002:00000080       _gSiSaPolicyPpiGuid        00026840     MemoryInit:AutoGen.obj
 0002:00000090       _gMeUmaPpiGuid             00026850     MemoryInit:AutoGen.obj
 0002:000000a0       _gPeiIeHeciPpiGuid         00026860     MemoryInit:AutoGen.obj
 0002:000000b0       _gEfiPeiBeforeMemoryDiscoveredPpiGuid 00026870     MemoryInit:AutoGen.obj
 0002:000000c0       _gAmiPeiBeforeMrcGuid      00026880     MemoryInit:AutoGen.obj
 0002:000000d0       _gAmiPeiAfterMrcGuid       00026890     MemoryInit:AutoGen.obj
 0002:000000e0       _gAmiPeiEndOfMemDetectGuid 000268a0     MemoryInit:AutoGen.obj
 0002:000000f0       _gPeiCapsulePpiGuid        000268b0     MemoryInit:AutoGen.obj
 0002:00000100       _gIqatIpPolicyPpiGuid      000268c0     MemoryInit:AutoGen.obj
 0002:00000110       __gPcd_BinaryPatch_PcdSerialRegisterBase 000268d0     MemoryInit:AutoGen.obj
 0002:00000118       _mMmioSize                 000268d8     MemoryInit:MemoryInit.obj
 0002:00000150       _mProcPpinVariableGuid     00026910     MemoryInit:MemoryInit.obj
 0002:00000160       _CacheTypePrefix           00026920     MemoryInit:MmrcLibraries.obj
 0002:00000164       _ManufacturerId            00026924     MemoryInit:MmrcLibraries.obj
 0002:00000170       _ManufacturerStringId      00026930     MemoryInit:MmrcLibraries.obj
 0002:00000194       _ResultsString             00026954     MemoryInit:MmrcLibraries.obj
 0002:000001a0       _ScrubIndex2SecondsTable   00026960     MemoryInit:ConfigMem.obj
 0002:000001b0       _DClksUsec                 00026970     MemoryInit:ConfigMem.obj
 0002:000001c4       _CasLat2Ddr4Mrs0CasLatIdx  00026984     MemoryInit:ConfigMem.obj
 0002:000001d8       _DramCmdRankMask           00026998     MemoryInit:ConfigMem.obj
 0002:000001e8       _LeakyBucketDivisor        000269a8     MemoryInit:ConfigMem.obj
 0002:000001fc       _RegisterBacksideDriveStrength 000269bc     MemoryInit:ConfigMem.obj
 0002:00000208       _InitTasks                 000269c8     MemoryInit:MmrcProjectDataGenerated.obj
 0002:00000da8       _CapsuleStrings            00027568     MemoryInit:MmrcProjectDataGenerated.obj
 0002:000011c0       _MrsCommandIndex           00027980     MemoryInit:MmrcProjectDataGenerated.obj
 0002:000012d8       _InstancePortMapGenerated  00027a98     MemoryInit:MmrcProjectDataGenerated.obj
 0002:00001458       _InstancePortOffsetGenerated 00027c18     MemoryInit:MmrcProjectDataGenerated.obj
 0002:00001540       _ChannelToInstanceMapGenerated 00027d00     MemoryInit:MmrcProjectDataGenerated.obj
 0002:00001570       _GsmGtToMmrcDefine         00027d30     MemoryInit:MmrcProjectDataGenerated.obj
 0002:000015d4       _ADdllGenerated            00027d94     MemoryInit:MmrcProjectDataGenerated.obj
 0002:000015d8       _GsmCsnToMmrcDefine        00027d98     MemoryInit:MmrcProjectDataGenerated.obj
 0002:0000167c       _ExternalFunctions         00027e3c     MemoryInit:MmrcProjectDataGenerated.obj
 0002:000016a4       _HalfClkGenerated          00027e64     MemoryInit:MmrcProjectDataGenerated.obj
 0002:000016b0       _GranularityGenerated      00027e70     MemoryInit:MmrcProjectDataGenerated.obj
 0002:000016d0       _ClockCrossingsGenerated   00027e90     MemoryInit:MmrcProjectDataGenerated.obj
 0002:00001748       _SignalInfoGenerated       00027f08     MemoryInit:MmrcProjectDataGenerated.obj
 0002:00001a60       _DEF_1_GENERATED           00028220     MemoryInit:MmrcProjectDataGenerated.obj
 0002:00001a64       _DEF_4_GENERATED           00028224     MemoryInit:MmrcProjectDataGenerated.obj
 0002:00001a68       _DEF_5_GENERATED           00028228     MemoryInit:MmrcProjectDataGenerated.obj
 0002:00001a6c       _mTimerLibLocalApicFrequencies 0002822c     MemoryInit:MSysProg.obj
 0002:00001a7c       _mTimerLibLocalApicDivisor 0002823c     MemoryInit:MSysProg.obj
 0002:00001a90       _BoardProductNames         00028250     MemoryInit:OemHooks.obj
 0002:00001d00       _RmtTable                  000284c0     MemoryInit:MmrcProjectData.obj
 0002:00001d62       _NumberEyeMaskRead         00028522     MemoryInit:MmrcProjectData.obj
 0002:00001d63       _NumberControlKnobsRead    00028523     MemoryInit:MmrcProjectData.obj
 0002:00001d64       _NumberControlKnobsReadPN  00028524     MemoryInit:MmrcProjectData.obj
 0002:00001d65       _NumberControlKnobsCtle    00028525     MemoryInit:MmrcProjectData.obj
 0002:00001d66       _NumberEyeMaskWrite        00028526     MemoryInit:MmrcProjectData.obj
 0002:00001d67       _NumberControlKnobsWrite   00028527     MemoryInit:MmrcProjectData.obj
 0002:00001d68       _StrobeToErrorMask         00028528     MemoryInit:MmrcProjectData.obj
 0002:00001e64       _EyeMaskRead               00028624     MemoryInit:MmrcProjectData.obj
 0002:00001e6c       _NumberEyeMaskCmd          0002862c     MemoryInit:MmrcProjectData.obj
 0002:00001e6d       _NumberControlKnobsCmd     0002862d     MemoryInit:MmrcProjectData.obj
 0002:00001e70       _ControlKnobsRead          00028630     MemoryInit:MmrcProjectData.obj
 0002:00001ed0       _ControlKnobsReadCtle      00028690     MemoryInit:MmrcProjectData.obj
 0002:00001f88       _ControlKnobsReadPN        00028748     MemoryInit:MmrcProjectData.obj
 0002:00002010       _EyeMaskWrite              000287d0     MemoryInit:MmrcProjectData.obj
 0002:00002018       _ControlKnobsWrite         000287d8     MemoryInit:MmrcProjectData.obj
 0002:000020a0       _ControlKnobsWriteDdr3     00028860     MemoryInit:MmrcProjectData.obj
 0002:00002128       _EyeMaskCmd                000288e8     MemoryInit:MmrcProjectData.obj
 0002:00002130       _ControlKnobsCmd           000288f0     MemoryInit:MmrcProjectData.obj
 0002:0000218c       _DynamicDmapBitLocations   0002894c     MemoryInit:MmrcProjectData.obj
 0002:000021bc       _MaxGuardkeyPatterns       0002897c     MemoryInit:MmrcProjectData.obj
 0002:000021c8       _TimingGuardbands          00028988     MemoryInit:ConfigMemData.obj
 0002:00002204       _mDdrMemoryFrequencyTable  000289c4     MemoryInit:ConfigMemData.obj
 0002:00002210       _mCoreFrequencyTable       000289d0     MemoryInit:ConfigMemData.obj
 0002:00002218       _mDdr3Freq2WLTable         000289d8     MemoryInit:ConfigMemData.obj
 0002:00002220       _mDdr4Freq2WLTable         000289e0     MemoryInit:ConfigMemData.obj
 0002:00002228       _mDdrMaxSreDly             000289e8     MemoryInit:ConfigMemData.obj
 0002:00002234       _mFawTableDdr3             000289f4     MemoryInit:ConfigMemData.obj
 0002:00002240       _mFawTableDdr4             00028a00     MemoryInit:ConfigMemData.obj
 0002:00002250       _mDmapRegisters            00028a10     MemoryInit:ConfigMemData.obj
 0002:00007f80       _mDimmConfigs              0002e740     MemoryInit:ConfigMemData.obj
 0002:00008f08       _mDimmActivate             0002f6c8     MemoryInit:ConfigMemData.obj
 0002:00008f28       _RaplDimmConfigs           0002f6e8     MemoryInit:ConfigMemData.obj
 0002:000091e8       _RaplBandWidthScaleValues  0002f9a8     MemoryInit:ConfigMemData.obj
 0002:00009768       _OdtValueTable             0002ff28     MemoryInit:MemOdt.obj
 0002:00009858       _OdtActTable               00030018     MemoryInit:MemOdt.obj
 0002:000098b8       _ddr4OdtValueTable         00030078     MemoryInit:MemOdt.obj
 0002:00009ae8       _ddr4OdtActTable           000302a8     MemoryInit:MemOdt.obj
 0002:00009cb0       _nv                        00030470     MemoryInit:NvdimmHooks.obj
 0002:00009f70       _mDdr3RelevantSpdBytes     00030730     MemoryInit:DetectDimms.obj
 0002:00009ff8       _mDdr4RelevantSpdBytes     000307b8     MemoryInit:DetectDimms.obj
 0002:0000a09c       _mFrequencyMultiplier      0003085c     MemoryInit:DetectDimms.obj
 0002:0000a0a8       _mTrfcExpected             00030868     MemoryInit:DetectDimms.obj
 0002:0000a0c8       _mTaaMin                   00030888     MemoryInit:DetectDimms.obj
 0002:0000a0e0       _mErrorMessages            000308a0     MemoryInit:DetectDimms.obj
 0002:0000a658       _mDetectDimmTasks          00030e18     MemoryInit:DetectDimms.obj
 0002:0000a670       _mTrasTrpTrcdDdr3Tbl       00030e30     MemoryInit:DetectDimms.obj
 0002:0000a748       _mTrasTrpTrcdDdr4Tbl       00030f08     MemoryInit:DetectDimms.obj
 0002:0000a820       _mDimmActivateTableDdr4    00030fe0     MemoryInit:DetectDimms.obj
 0002:0000a920       _mDimmActivateTableDdr3    000310e0     MemoryInit:DetectDimms.obj
 0002:0000aa20       _mTones                    000311e0     MemoryInit:DetectDimms.obj
 0002:0000aa30       _mErrorEncodingMailbox     000311f0     MemoryInit:Mailbox.obj
 0002:0000acb0       ??_C@_1CG@EFNJCCDI@?$AAA?$AAc?$AAp?$AAi?$AAG?$AAl?$AAo?$AAb?$AAa?$AAl?$AAV?$AAa?$AAr?$AAi?$AAa?$AAb?$AAl?$AAe?$AA?$AA@ 00031470     MemoryInit:MemoryInit.obj
 0002:0000acd8       ??_C@_1BC@CJLBCGFC@?$AAM?$AAe?$AAm?$AAC?$AAe?$AAi?$AAl?$AA?4?$AA?$AA@ 00031498     MemoryInit:MemoryInit.obj
 0002:0000acec       ??_C@_1BK@CGNPELNM@?$AAM?$AAe?$AAm?$AAo?$AAr?$AAy?$AAC?$AAo?$AAn?$AAf?$AAi?$AAg?$AA?$AA@ 000314ac     MemoryInit:MemoryInit.obj
 0002:0000ad08       ??_C@_1BC@DAMPMGON@?$AAP?$AAr?$AAo?$AAc?$AAP?$AAp?$AAi?$AAn?$AA?$AA@ 000314c8     MemoryInit:MemoryInit.obj
 0002:0000ad1c       ??_C@_07KDCFBPGD@Quimoda?$AA@ 000314dc     MemoryInit:MmrcLibraries.obj
 0002:0000ad24       ??_C@_05DKDJAHFD@Smart?$AA@ 000314e4     MemoryInit:MmrcLibraries.obj
 0002:0000ad2c       ??_C@_08PLDEMPOA@Infineon?$AA@ 000314ec     MemoryInit:MmrcLibraries.obj
 0002:0000ad38       ??_C@_05CCONNHIC@Hynix?$AA@ 000314f8     MemoryInit:MmrcLibraries.obj
 0002:0000ad40       ??_C@_06IHFCNECC@Elpida?$AA@ 00031500     MemoryInit:MmrcLibraries.obj
 0002:0000ad48       ??_C@_08KGDHKCKB@Kingston?$AA@ 00031508     MemoryInit:MmrcLibraries.obj
 0002:0000ad54       ??_C@_09KJBDPADP@Transcend?$AA@ 00031514     MemoryInit:MmrcLibraries.obj
 0002:0000ad60       ??_C@_07FCLJFOJN@Samsung?$AA@ 00031520     MemoryInit:MmrcLibraries.obj
 0002:0000ad68       ??_C@_06MPOFMFBE@Micron?$AA@ 00031528     MemoryInit:MmrcLibraries.obj
 0002:0000ad70       _Samples                   00031530     MemoryInit:MmrcLibraries.obj
 0002:0000adc4       ??_C@_0BO@LFJFNKGJ@Supportx4withByteLevelSignals?$AA@ 00031584     MemoryInit:MmrcLibraries.obj
 0002:0000ade4       ??_C@_0BO@JCOMMCBM@Restorex4withByteLevelSignals?$AA@ 000315a4     MemoryInit:MmrcLibraries.obj
 0002:0000ae04       ??_C@_0BF@FECKJEFM@ReInitializeFunction?$AA@ 000315c4     MemoryInit:MmrcLibraries.obj
 0002:0000ae1c       ??_C@_0P@HLPDKILJ@BuildComposite?$AA@ 000315dc     MemoryInit:MmrcLibraries.obj
 0002:0000ae2c       ??_C@_0N@PPPKKAFK@SetCriteria2?$AA@ 000315ec     MemoryInit:MmrcLibraries.obj
 0002:0000ae3c       ??_C@_01CPLAODJH@S?$AA@    000315fc     MemoryInit:MmrcLibraries.obj
 0002:0000ae40       ??_C@_03PJMGGCMA@VRF?$AA@  00031600     MemoryInit:MmrcLibraries.obj
 0002:0000ae44       ??_C@_03DDIOFFCB@?5PI?$AA@ 00031604     MemoryInit:MmrcLibraries.obj
 0002:0000ae48       ??_C@_03CMNHHLCM@TxV?$AA@  00031608     MemoryInit:MmrcLibraries.obj
 0002:0000ae4c       ??_C@_03FFLCKFFM@Tx?5?$AA@ 0003160c     MemoryInit:MmrcLibraries.obj
 0002:0000ae50       ??_C@_03JLMCEPA@RxV?$AA@   00031610     MemoryInit:MmrcLibraries.obj
 0002:0000ae54       ??_C@_03HANJPKIA@Rx?5?$AA@ 00031614     MemoryInit:MmrcLibraries.obj
 0002:0000ae58       ??_C@_00CNPNBAHC@?$AA@     00031618     MemoryInit:MmrcLibraries.obj
 0002:0000ae5c       ??_C@_0O@EHFOHPPB@ProgramSetGet?$AA@ 0003161c     MemoryInit:MmrcLibraries.obj
 0002:0000ae6c       ??_C@_0N@GNDOIOFI@ApplySetting?$AA@ 0003162c     MemoryInit:MmrcLibraries.obj
 0002:0000ae7c       ??_C@_0BF@MCLAIMB@AdvancedTrainingAlgo?$AA@ 0003163c     MemoryInit:MmrcLibraries.obj
 0002:0000ae94       ??_C@_0M@LANNLFEH@WrLvlSmpReg?$AA@ 00031654     MemoryInit:MmrcProjectDataGenerated.obj
 0002:0000aea0       ??_C@_08FFCKLLFH@WrLvlSmp?$AA@ 00031660     MemoryInit:MmrcProjectDataGenerated.obj
 0002:0000aeac       ??_C@_0O@IDHNABIE@WrLvlDelayExt?$AA@ 0003166c     MemoryInit:MmrcProjectDataGenerated.obj
 0002:0000aebc       ??_C@_0N@NLDIKHFG@WrCmdLatency?$AA@ 0003167c     MemoryInit:MmrcProjectDataGenerated.obj
 0002:0000aecc       ??_C@_06FJKGPFBP@TxVref?$AA@ 0003168c     MemoryInit:MmrcProjectDataGenerated.obj
 0002:0000aed4       ??_C@_0N@LCNEAHBM@TxSwingBoost?$AA@ 00031694     MemoryInit:MmrcProjectDataGenerated.obj
 0002:0000aee4       ??_C@_0N@DIMJLPDJ@TxImodeDqsEn?$AA@ 000316a4     MemoryInit:MmrcProjectDataGenerated.obj
 0002:0000aef4       ??_C@_0M@ONOBNFLG@TxImodeDqEn?$AA@ 000316b4     MemoryInit:MmrcProjectDataGenerated.obj
 0002:0000af00       ??_C@_0P@FHCIAAOO@TxEqualization?$AA@ 000316c0     MemoryInit:MmrcProjectDataGenerated.obj
 0002:0000af10       ??_C@_0BA@EFLDJCFB@TxDqsClkPushout?$AA@ 000316d0     MemoryInit:MmrcProjectDataGenerated.obj
 0002:0000af20       ??_C@_0O@KMHIAIDK@TxDqDelayGExt?$AA@ 000316e0     MemoryInit:MmrcProjectDataGenerated.obj
 0002:0000af30       ??_C@_0P@NIMNNMEA@TxDqClkPushout?$AA@ 000316f0     MemoryInit:MmrcProjectDataGenerated.obj
 0002:0000af40       ??_C@_0P@MKMCAJNM@RxVrefRangeSel?$AA@ 00031700     MemoryInit:MmrcProjectDataGenerated.obj
 0002:0000af50       ??_C@_0L@NMBJEDEJ@RxVrefCtrl?$AA@ 00031710     MemoryInit:MmrcProjectDataGenerated.obj
 0002:0000af5c       ??_C@_06DKHGMACF@RxVref?$AA@ 0003171c     MemoryInit:MmrcProjectDataGenerated.obj
 0002:0000af64       ??_C@_09GPDLCDPF@RxVocVal7?$AA@ 00031724     MemoryInit:MmrcProjectDataGenerated.obj
 0002:0000af70       ??_C@_09HGCABCLE@RxVocVal6?$AA@ 00031730     MemoryInit:MmrcProjectDataGenerated.obj
 0002:0000af7c       ??_C@_09FNANEBHH@RxVocVal5?$AA@ 0003173c     MemoryInit:MmrcProjectDataGenerated.obj
 0002:0000af88       ??_C@_09EEBGHADG@RxVocVal4?$AA@ 00031748     MemoryInit:MmrcProjectDataGenerated.obj
 0002:0000af94       ??_C@_09LFHOGPB@RxVocVal3?$AA@ 00031754     MemoryInit:MmrcProjectDataGenerated.obj
 0002:0000afa0       ??_C@_09BCEMNHLA@RxVocVal2?$AA@ 00031760     MemoryInit:MmrcProjectDataGenerated.obj
 0002:0000afac       ??_C@_09DJGBIEHD@RxVocVal1?$AA@ 0003176c     MemoryInit:MmrcProjectDataGenerated.obj
 0002:0000afb8       ??_C@_09CAHKLFDC@RxVocVal0?$AA@ 00031778     MemoryInit:MmrcProjectDataGenerated.obj
 0002:0000afc4       ??_C@_08OLFKOFNC@RxVocSmp?$AA@ 00031784     MemoryInit:MmrcProjectDataGenerated.obj
 0002:0000afd0       ??_C@_09IAGFCBCK@RxVocEnDq?$AA@ 00031790     MemoryInit:MmrcProjectDataGenerated.obj
 0002:0000afdc       ??_C@_0M@GMKLHAJL@RxDqsTether?$AA@ 0003179c     MemoryInit:MmrcProjectDataGenerated.obj
 0002:0000afe8       ??_C@_0BA@LGBAFEIL@RxDqsClkPushOut?$AA@ 000317a8     MemoryInit:MmrcProjectDataGenerated.obj
 0002:0000aff8       ??_C@_0P@FKAFKHIM@RxDqClkPushOut?$AA@ 000317b8     MemoryInit:MmrcProjectDataGenerated.obj
 0002:0000b008       ??_C@_08KIBIKJDM@RecEnSmp?$AA@ 000317c8     MemoryInit:MmrcProjectDataGenerated.obj
 0002:0000b014       ??_C@_0BA@PDKCAAHL@RecEnClkPushOut?$AA@ 000317d4     MemoryInit:MmrcProjectDataGenerated.obj
 0002:0000b024       ??_C@_0P@LFFIKBMF@RdEnClkPushOut?$AA@ 000317e4     MemoryInit:MmrcProjectDataGenerated.obj
 0002:0000b034       ??_C@_0N@CFDCFMFJ@RdCmdLatency?$AA@ 000317f4     MemoryInit:MmrcProjectDataGenerated.obj
 0002:0000b044       ??_C@_0P@JILAEHMM@rdcmd2rdvldsig?$AA@ 00031804     MemoryInit:MmrcProjectDataGenerated.obj
 0002:0000b054       ??_C@_0M@IBKKBBGF@OdtSegEnOff?$AA@ 00031814     MemoryInit:MmrcProjectDataGenerated.obj
 0002:0000b060       ??_C@_08JBEGBMNF@OdtEnOff?$AA@ 00031820     MemoryInit:MmrcProjectDataGenerated.obj
 0002:0000b06c       ??_C@_0BA@PAOGMKCD@IoDrvClkPushOut?$AA@ 0003182c     MemoryInit:MmrcProjectDataGenerated.obj
 0002:0000b07c       ??_C@_0O@JEMHKADN@DqsdrvEnbIdle?$AA@ 0003183c     MemoryInit:MmrcProjectDataGenerated.obj
 0002:0000b08c       ??_C@_0L@CNICHADH@DiffAmpLen?$AA@ 0003184c     MemoryInit:MmrcProjectDataGenerated.obj
 0002:0000b098       ??_C@_09EKIKHGEK@Ctle_Wrap?$AA@ 00031858     MemoryInit:MmrcProjectDataGenerated.obj
 0002:0000b0a4       ??_C@_07CNAAHGKK@Ctle_en?$AA@ 00031864     MemoryInit:MmrcProjectDataGenerated.obj
 0002:0000b0ac       ??_C@_09GKEOAKPJ@Ctle_caps?$AA@ 0003186c     MemoryInit:MmrcProjectDataGenerated.obj
 0002:0000b0b8       ??_C@_08DHCGCLJH@Ctle_cap?$AA@ 00031878     MemoryInit:MmrcProjectDataGenerated.obj
 0002:0000b0c4       ??_C@_09IPHOMCOB@Ctle_bias?$AA@ 00031884     MemoryInit:MmrcProjectDataGenerated.obj
 0002:0000b0d0       ??_C@_07EPBFBCGH@CmdVref?$AA@ 00031890     MemoryInit:MmrcProjectDataGenerated.obj
 0002:0000b0d8       ??_C@_0L@IEIGLHDO@TxDqsDelay?$AA@ 00031898     MemoryInit:MmrcProjectDataGenerated.obj
 0002:0000b0e4       ??_C@_0N@IFFECNPI@TxDqDrvDelay?$AA@ 000318a4     MemoryInit:MmrcProjectDataGenerated.obj
 0002:0000b0f4       ??_C@_09DDKFMKK@TxDqDelay?$AA@ 000318b4     MemoryInit:MmrcProjectDataGenerated.obj
 0002:0000b100       ??_C@_0O@FOJDHKHC@TxDqDrvDelay2?$AA@ 000318c0     MemoryInit:MmrcProjectDataGenerated.obj
 0002:0000b110       ??_C@_0L@NLHACENL@TxDqDelay2?$AA@ 000318d0     MemoryInit:MmrcProjectDataGenerated.obj
 0002:0000b11c       ??_C@_0M@GCALNKGJ@RxDqsPDelay?$AA@ 000318dc     MemoryInit:MmrcProjectDataGenerated.obj
 0002:0000b128       ??_C@_0M@FFOKDNPK@RxDqsNDelay?$AA@ 000318e8     MemoryInit:MmrcProjectDataGenerated.obj
 0002:0000b134       ??_C@_07MILKAOOO@CtlGrp2?$AA@ 000318f4     MemoryInit:MmrcProjectDataGenerated.obj
 0002:0000b13c       ??_C@_07ODJHFNCN@CtlGrp1?$AA@ 000318fc     MemoryInit:MmrcProjectDataGenerated.obj
 0002:0000b144       ??_C@_07PKIMGMGM@CtlGrp0?$AA@ 00031904     MemoryInit:MmrcProjectDataGenerated.obj
 0002:0000b14c       ??_C@_07KLNIKBNL@CmdGrp7?$AA@ 0003190c     MemoryInit:MmrcProjectDataGenerated.obj
 0002:0000b154       ??_C@_07LCMDJAJK@CmdGrp6?$AA@ 00031914     MemoryInit:MmrcProjectDataGenerated.obj
 0002:0000b15c       ??_C@_07JJOOMDFJ@CmdGrp5?$AA@ 0003191c     MemoryInit:MmrcProjectDataGenerated.obj
 0002:0000b164       ??_C@_07IAPFPCBI@CmdGrp4?$AA@ 00031924     MemoryInit:MmrcProjectDataGenerated.obj
 0002:0000b16c       ??_C@_07MPLEGENP@CmdGrp3?$AA@ 0003192c     MemoryInit:MmrcProjectDataGenerated.obj
 0002:0000b174       ??_C@_07NGKPFFJO@CmdGrp2?$AA@ 00031934     MemoryInit:MmrcProjectDataGenerated.obj
 0002:0000b17c       ??_C@_07PNICAGFN@CmdGrp1?$AA@ 0003193c     MemoryInit:MmrcProjectDataGenerated.obj
 0002:0000b184       ??_C@_07OEJJDHBM@CmdGrp0?$AA@ 00031944     MemoryInit:MmrcProjectDataGenerated.obj
 0002:0000b18c       ??_C@_0N@EAAAGICG@TxDqBitDelay?$AA@ 0003194c     MemoryInit:MmrcProjectDataGenerated.obj
 0002:0000b19c       ??_C@_0N@OAOFLHPL@RxDqBitDelay?$AA@ 0003195c     MemoryInit:MmrcProjectDataGenerated.obj
 0002:0000b1ac       ??_C@_0L@FPHNDIMG@RecEnDelay?$AA@ 0003196c     MemoryInit:MmrcProjectDataGenerated.obj
 0002:0000b1b8       ??_C@_05ICDOEJHF@CkAll?$AA@ 00031978     MemoryInit:MmrcProjectDataGenerated.obj
 0002:0000b1c0       ??_C@_0CC@OECEBEPJ@DummyFunctionToCreateDynVariable@ 00031980     MemoryInit:MmrcProjectDataGenerated.obj
 0002:0000b1e4       ??_C@_0O@EILGAILE@BREAKPOINTMRC?$AA@ 000319a4     MemoryInit:MmrcProjectDataGenerated.obj
 0002:0000b1f4       ??_C@_0BA@HDEMPNJ@TxSwingBoostSet?$AA@ 000319b4     MemoryInit:MmrcProjectDataGenerated.obj
 0002:0000b204       ??_C@_07NDOGAEDD@TxEqSet?$AA@ 000319c4     MemoryInit:MmrcProjectDataGenerated.obj
 0002:0000b20c       ??_C@_0BD@LPDGBFBD@DUMMY_VOC_SUBTASKS?$AA@ 000319cc     MemoryInit:MmrcProjectDataGenerated.obj
 0002:0000b220       ??_C@_0BJ@MDHLFIOB@VOC_TRAINING_EXIT_COMMON?$AA@ 000319e0     MemoryInit:MmrcProjectDataGenerated.obj
 0002:0000b23c       ??_C@_0BC@JIHAPEKO@VOC_TRAINING_EXIT?$AA@ 000319fc     MemoryInit:MmrcProjectDataGenerated.obj
 0002:0000b250       ??_C@_0BD@EHNCKOML@VOC_DISABLE_WLMODE?$AA@ 00031a10     MemoryInit:MmrcProjectDataGenerated.obj
 0002:0000b264       ??_C@_0BC@HIKCNLBC@VOC_ENABLE_WLMODE?$AA@ 00031a24     MemoryInit:MmrcProjectDataGenerated.obj
 0002:0000b278       ??_C@_09IEEAHBMJ@VOC_RCOMP?$AA@ 00031a38     MemoryInit:MmrcProjectDataGenerated.obj
 0002:0000b284       ??_C@_0BE@KGJNECOK@VOC_PHY_INIT_COMMON?$AA@ 00031a44     MemoryInit:MmrcProjectDataGenerated.obj
 0002:0000b298       ??_C@_0N@FAKNGODK@VOC_PHY_INIT?$AA@ 00031a58     MemoryInit:MmrcProjectDataGenerated.obj
 0002:0000b2a8       ??_C@_0BK@ELMAEOIH@VOC_TRAINING_ENTRY_COMMON?$AA@ 00031a68     MemoryInit:MmrcProjectDataGenerated.obj
 0002:0000b2c4       ??_C@_0BD@BDNBIJNE@VOC_TRAINING_ENTRY?$AA@ 00031a84     MemoryInit:MmrcProjectDataGenerated.obj
 0002:0000b2d8       ??_C@_0BD@HJOOIJGL@FIFO_RESET_ENABLE2?$AA@ 00031a98     MemoryInit:MmrcProjectDataGenerated.obj
 0002:0000b2ec       ??_C@_0L@EBGEALMO@INIT_SETUP?$AA@ 00031aac     MemoryInit:MmrcProjectDataGenerated.obj
 0002:0000b2f8       ??_C@_0M@GMAIKBCM@INIT_STATIC?$AA@ 00031ab8     MemoryInit:MmrcProjectDataGenerated.obj
 0002:0000b304       ??_C@_09HLPEAJPM@INIT_DMAP?$AA@ 00031ac4     MemoryInit:MmrcProjectDataGenerated.obj
 0002:0000b310       ??_C@_09ELCMBDFN@INIT_EXIT?$AA@ 00031ad0     MemoryInit:MmrcProjectDataGenerated.obj
 0002:0000b31c       ??_C@_0L@DHLGHGJF@INIT_ENTRY?$AA@ 00031adc     MemoryInit:MmrcProjectDataGenerated.obj
 0002:0000b328       ??_C@_0BE@KNIAAMLH@PPR_BASIC_WR_COMMON?$AA@ 00031ae8     MemoryInit:MmrcProjectDataGenerated.obj
 0002:0000b33c       ??_C@_0P@KHLJHAKB@PPR_BASIC_READ?$AA@ 00031afc     MemoryInit:MmrcProjectDataGenerated.obj
 0002:0000b34c       ??_C@_0BA@HHOHMAPA@PPR_BASIC_WRITE?$AA@ 00031b0c     MemoryInit:MmrcProjectDataGenerated.obj
 0002:0000b35c       ??_C@_08OOJJFBJC@PPR_MODE?$AA@ 00031b1c     MemoryInit:MmrcProjectDataGenerated.obj
 0002:0000b368       ??_C@_0O@BFEDAKEJ@PPR_DYN_SETUP?$AA@ 00031b28     MemoryInit:MmrcProjectDataGenerated.obj
 0002:0000b378       ??_C@_0BB@EBMOKHCA@PPR_STATIC_SETUP?$AA@ 00031b38     MemoryInit:MmrcProjectDataGenerated.obj
 0002:0000b38c       ??_C@_08EICGMFDG@PPR_EXIT?$AA@ 00031b4c     MemoryInit:MmrcProjectDataGenerated.obj
 0002:0000b398       ??_C@_09ONNFMEJD@PPR_ENTRY?$AA@ 00031b58     MemoryInit:MmrcProjectDataGenerated.obj
 0002:0000b3a4       ??_C@_0BD@MCKFKDJJ@SmbusAddressToCltt?$AA@ 00031b64     MemoryInit:MmrcProjectDataGenerated.obj
 0002:0000b3b8       ??_C@_0BC@OAPCIEMP@CPGC_CLEAR_ERRORS?$AA@ 00031b78     MemoryInit:MmrcProjectDataGenerated.obj
 0002:0000b3cc       ??_C@_0BE@BLMIELCF@PASS_GATE_STOP_TEST?$AA@ 00031b8c     MemoryInit:MmrcProjectDataGenerated.obj
 0002:0000b3e0       ??_C@_0BF@FKFCFMHO@PASS_GATE_START_TEST?$AA@ 00031ba0     MemoryInit:MmrcProjectDataGenerated.obj
 0002:0000b3f8       ??_C@_0BN@JAHGKGJE@PASS_GATE_READ_RAPL_COUNTERS?$AA@ 00031bb8     MemoryInit:MmrcProjectDataGenerated.obj
 0002:0000b418       ??_C@_0BP@MGHBGLDB@PASS_GATE_CPGC_AGGRESSOR_SETUP?$AA@ 00031bd8     MemoryInit:MmrcProjectDataGenerated.obj
 0002:0000b438       ??_C@_0BP@NCDKMOCC@PASS_GATE_CPGC_AGG_READS_SETUP?$AA@ 00031bf8     MemoryInit:MmrcProjectDataGenerated.obj
 0002:0000b458       ??_C@_0CA@OOGGEPEJ@PASS_GATE_CPGC_AGG_WRITES_SETUP?$AA@ 00031c18     MemoryInit:MmrcProjectDataGenerated.obj
 0002:0000b478       ??_C@_0BN@KBEHKCGM@PASS_GATE_CPGC_VICTIMS_SETUP?$AA@ 00031c38     MemoryInit:MmrcProjectDataGenerated.obj
 0002:0000b498       ??_C@_0BM@PEPGNBAC@PASS_GATE_CPGC_STATIC_SETUP?$AA@ 00031c58     MemoryInit:MmrcProjectDataGenerated.obj
 0002:0000b4b4       ??_C@_0BE@KDDOMKNN@PASS_GATE_SET_ENTRY?$AA@ 00031c74     MemoryInit:MmrcProjectDataGenerated.obj
 0002:0000b4c8       ??_C@_0P@NONODMDK@PASS_GATE_EXIT?$AA@ 00031c88     MemoryInit:MmrcProjectDataGenerated.obj
 0002:0000b4d8       ??_C@_0BF@PDNJNPPM@PASS_GATE_SAVE_ENTRY?$AA@ 00031c98     MemoryInit:MmrcProjectDataGenerated.obj
 0002:0000b4f0       ??_C@_0BD@FOMHEFLL@PERFORM_FIFO_RESET?$AA@ 00031cb0     MemoryInit:MmrcProjectDataGenerated.obj
 0002:0000b504       ??_C@_0BE@MFBCMIIK@FIFO_RESET_DISABLEx?$AA@ 00031cc4     MemoryInit:MmrcProjectDataGenerated.obj
 0002:0000b518       ??_C@_0BD@PGCNMNLG@FIFO_RESET_DISABLE?$AA@ 00031cd8     MemoryInit:MmrcProjectDataGenerated.obj
 0002:0000b52c       ??_C@_0BD@HDHICOOE@FIFO_RESET_ENABLEx?$AA@ 00031cec     MemoryInit:MmrcProjectDataGenerated.obj
 0002:0000b540       ??_C@_0BC@PKOGJOIJ@FIFO_RESET_ENABLE?$AA@ 00031d00     MemoryInit:MmrcProjectDataGenerated.obj
 0002:0000b554       ??_C@_0BC@LNPALID@CPGC_ONETIME_INIT?$AA@ 00031d14     MemoryInit:MmrcProjectDataGenerated.obj
 0002:0000b568       ??_C@_0BG@HNPMJBFA@RMT_GET_CMD_AND_VALUE?$AA@ 00031d28     MemoryInit:MmrcProjectDataGenerated.obj
 0002:0000b580       ??_C@_0BE@FOJHFJNN@RMT_CLEAR_REGISTERS?$AA@ 00031d40     MemoryInit:MmrcProjectDataGenerated.obj
 0002:0000b594       ??_C@_0BK@NOAOANIM@CPGC_TURNAROUNDS_RECONFIG?$AA@ 00031d54     MemoryInit:MmrcProjectDataGenerated.obj
 0002:0000b5b0       ??_C@_0BF@CPLNMPDD@CPGC_CWL_SIM_RESTORE?$AA@ 00031d70     MemoryInit:MmrcProjectDataGenerated.obj
 0002:0000b5c8       ??_C@_0BD@KBEHHOAO@CPGC_CWL_SIM_SETUP?$AA@ 00031d88     MemoryInit:MmrcProjectDataGenerated.obj
 0002:0000b5dc       ??_C@_0BC@GDAEFKBP@CPGC_MPR_TRAINING?$AA@ 00031d9c     MemoryInit:MmrcProjectDataGenerated.obj
 0002:0000b5f0       ??_C@_0BA@OHPJMBNL@IsDunitEmuModel?$AA@ 00031db0     MemoryInit:MmrcProjectDataGenerated.obj
 0002:0000b600       ??_C@_0BH@BBICHCKL@DetermineBootModeEntry?$AA@ 00031dc0     MemoryInit:MmrcProjectDataGenerated.obj
 0002:0000b618       ??_C@_0P@CAKGEBMK@SetSpdResetPmc?$AA@ 00031dd8     MemoryInit:MmrcProjectDataGenerated.obj
 0002:0000b628       ??_C@_0BE@LLBBHLCP@SpdResetNeededEntry?$AA@ 00031de8     MemoryInit:MmrcProjectDataGenerated.obj
 0002:0000b63c       ??_C@_0P@MHKNBIDG@RESETDRAMS_SIM?$AA@ 00031dfc     MemoryInit:MmrcProjectDataGenerated.obj
 0002:0000b64c       ??_C@_0BD@OPGFONPC@ENABLE_RELEASE_CKE?$AA@ 00031e0c     MemoryInit:MmrcProjectDataGenerated.obj
 0002:0000b660       ??_C@_0BI@EBOLLILN@RESETDRAMS_COMMON_CLEAR?$AA@ 00031e20     MemoryInit:MmrcProjectDataGenerated.obj
 0002:0000b678       ??_C@_0BG@BKAHLPBH@RESETDRAMS_COMMON_SET?$AA@ 00031e38     MemoryInit:MmrcProjectDataGenerated.obj
 0002:0000b690       ??_C@_0M@PECFIPJA@DISABLE_CKE?$AA@ 00031e50     MemoryInit:MmrcProjectDataGenerated.obj
 0002:0000b69c       ??_C@_0L@PFIOMAD@ENABLE_CKE?$AA@ 00031e5c     MemoryInit:MmrcProjectDataGenerated.obj
 0002:0000b6a8       ??_C@_0M@IJEKDFOG@RELEASE_CKE?$AA@ 00031e68     MemoryInit:MmrcProjectDataGenerated.obj
 0002:0000b6b4       ??_C@_0BK@CAOJJDPN@COMMANDCLOCKTRAINING_EXIT?$AA@ 00031e74     MemoryInit:MmrcProjectDataGenerated.obj
 0002:0000b6d0       ??_C@_0BL@OBALBAPN@COMMANDCLOCKTRAINING_ENTRY?$AA@ 00031e90     MemoryInit:MmrcProjectDataGenerated.obj
 0002:0000b6ec       ??_C@_0BD@KFDIOKFJ@WRITETRAINING_EXIT?$AA@ 00031eac     MemoryInit:MmrcProjectDataGenerated.obj
 0002:0000b700       ??_C@_0BE@DADFKGHF@WRITETRAINING_ENTRY?$AA@ 00031ec0     MemoryInit:MmrcProjectDataGenerated.obj
 0002:0000b714       ??_C@_0BC@LMMCOACD@READTRAINING_EXIT?$AA@ 00031ed4     MemoryInit:MmrcProjectDataGenerated.obj
 0002:0000b728       ??_C@_0BD@IAPMMEFN@READTRAINING_ENTRY?$AA@ 00031ee8     MemoryInit:MmrcProjectDataGenerated.obj
 0002:0000b73c       ??_C@_0BC@HEOKFNOG@DISABLE_MPR_MODEx?$AA@ 00031efc     MemoryInit:MmrcProjectDataGenerated.obj
 0002:0000b750       ??_C@_0BB@FFBIFIN@DISABLE_MPR_MODE?$AA@ 00031f10     MemoryInit:MmrcProjectDataGenerated.obj
 0002:0000b764       ??_C@_0BA@BBAFEDNF@ENABLE_MPR_MODE?$AA@ 00031f24     MemoryInit:MmrcProjectDataGenerated.obj
 0002:0000b774       ??_C@_0BB@BBEONAOG@ENABLE_MPR_MODEx?$AA@ 00031f34     MemoryInit:MmrcProjectDataGenerated.obj
 0002:0000b788       ??_C@_0BJ@GMEOMPAN@EARLY_READ_TRAINING_EXIT?$AA@ 00031f48     MemoryInit:MmrcProjectDataGenerated.obj
 0002:0000b7a4       ??_C@_0BK@FMPKEFLN@EARLY_READ_TRAINING_ENTRY?$AA@ 00031f64     MemoryInit:MmrcProjectDataGenerated.obj
 0002:0000b7c0       ??_C@_0BL@FCGKMGIK@EARLY_READ_TRAINING_ENTRYx?$AA@ 00031f80     MemoryInit:MmrcProjectDataGenerated.obj
 0002:0000b7dc       ??_C@_0BG@KJCHAIFP@COARSEWRITELEVEL_EXIT?$AA@ 00031f9c     MemoryInit:MmrcProjectDataGenerated.obj
 0002:0000b7f4       ??_C@_0BH@BMJLJIJD@COARSEWRITELEVEL_EXITx?$AA@ 00031fb4     MemoryInit:MmrcProjectDataGenerated.obj
 0002:0000b80c       ??_C@_0BH@NJFKBMKC@COARSEWRITELEVEL_ENTRY?$AA@ 00031fcc     MemoryInit:MmrcProjectDataGenerated.obj
 0002:0000b824       ??_C@_0BI@NPOHGLCG@COARSEWRITELEVEL_ENTRYx?$AA@ 00031fe4     MemoryInit:MmrcProjectDataGenerated.obj
 0002:0000b83c       ??_C@_0N@EIHCFKFP@FORCEODT_REL?$AA@ 00031ffc     MemoryInit:MmrcProjectDataGenerated.obj
 0002:0000b84c       ??_C@_0N@BCKIIDMO@FORCEODT_OFF?$AA@ 0003200c     MemoryInit:MmrcProjectDataGenerated.obj
 0002:0000b85c       ??_C@_0M@EIAMPAPE@FORCEODT_ON?$AA@ 0003201c     MemoryInit:MmrcProjectDataGenerated.obj
 0002:0000b868       ??_C@_09MEDNOILP@WRLVLMODE?$AA@ 00032028     MemoryInit:MmrcProjectDataGenerated.obj
 0002:0000b874       ??_C@_0BE@MAOAPLCM@FINEWRITELEVEL_EXIT?$AA@ 00032034     MemoryInit:MmrcProjectDataGenerated.obj
 0002:0000b888       ??_C@_0BG@JDFIBKKJ@FINEWRITELEVEL_EXIT_x?$AA@ 00032048     MemoryInit:MmrcProjectDataGenerated.obj
 0002:0000b8a0       ??_C@_0BG@PPEBILHC@FINEWRITELEVEL_ENTRYx?$AA@ 00032060     MemoryInit:MmrcProjectDataGenerated.obj
 0002:0000b8b8       ??_C@_0BF@BADPPLNH@FINEWRITELEVEL_ENTRY?$AA@ 00032078     MemoryInit:MmrcProjectDataGenerated.obj
 0002:0000b8d0       ??_C@_0BH@PBJENGKC@FINEWRITELEVEL_ENTRY_X?$AA@ 00032090     MemoryInit:MmrcProjectDataGenerated.obj
 0002:0000b8e8       ??_C@_0BE@NGDALDDK@RECEIVE_ENABLE_EXIT?$AA@ 000320a8     MemoryInit:MmrcProjectDataGenerated.obj
 0002:0000b8fc       ??_C@_0BF@CBDMBKPP@RECEIVE_ENABLE_EXITx?$AA@ 000320bc     MemoryInit:MmrcProjectDataGenerated.obj
 0002:0000b914       ??_C@_07NLBIAJL@PDA_SEQ?$AA@ 000320d4     MemoryInit:MmrcProjectDataGenerated.obj
 0002:0000b91c       ??_C@_0P@JEOIEKFC@SEND_DRAM_INIT?$AA@ 000320dc     MemoryInit:MmrcProjectDataGenerated.obj
 0002:0000b92c       ??_C@_0BA@MNIGNDNC@SET_RDCMD2RCVEN?$AA@ 000320ec     MemoryInit:MmrcProjectDataGenerated.obj
 0002:0000b93c       ??_C@_0BA@PPJAKBML@GET_RDCMD2RCVEN?$AA@ 000320fc     MemoryInit:MmrcProjectDataGenerated.obj
 0002:0000b94c       ??_C@_0BG@JLNOOBNH@RECEIVE_ENABLE_ENTRYx?$AA@ 0003210c     MemoryInit:MmrcProjectDataGenerated.obj
 0002:0000b964       ??_C@_0BF@OEPNJOMO@RECEIVE_ENABLE_ENTRY?$AA@ 00032124     MemoryInit:MmrcProjectDataGenerated.obj
 0002:0000b97c       ??_C@_0N@ELEOHOHL@PRECHARGEALL?$AA@ 0003213c     MemoryInit:MmrcProjectDataGenerated.obj
 0002:0000b98c       ??_C@_0N@CNLLHNJB@CPGC_MEMTEST?$AA@ 0003214c     MemoryInit:MmrcProjectDataGenerated.obj
 0002:0000b99c       ??_C@_0BG@ICFMBBCM@CPGC_MEMINIT_AND_TEST?$AA@ 0003215c     MemoryInit:MmrcProjectDataGenerated.obj
 0002:0000b9b4       ??_C@_0N@HDHLIPAF@CPGC_MEMINIT?$AA@ 00032174     MemoryInit:MmrcProjectDataGenerated.obj
 0002:0000b9c4       ??_C@_0N@LNPMIIDD@CPGC_DISABLE?$AA@ 00032184     MemoryInit:MmrcProjectDataGenerated.obj
 0002:0000b9d4       ??_C@_0BM@BAHCGJAH@CPGC_RUNTEST_PARALLEL_CHECK?$AA@ 00032194     MemoryInit:MmrcProjectDataGenerated.obj
 0002:0000b9f0       ??_C@_0BG@JMBKEDLJ@CPGC_RUNTEST_PARALLEL?$AA@ 000321b0     MemoryInit:MmrcProjectDataGenerated.obj
 0002:0000ba08       ??_C@_0BM@HNHGLCLB@CPGC_RUNTEST_PARALLEL_CLEAR?$AA@ 000321c8     MemoryInit:MmrcProjectDataGenerated.obj
 0002:0000ba24       ??_C@_0BM@CCNJHPLK@CPGC_RUNTEST_PARALLEL_DUMMY?$AA@ 000321e4     MemoryInit:MmrcProjectDataGenerated.obj
 0002:0000ba40       ??_C@_0N@GJGKLAHG@CPGC_RUNTEST?$AA@ 00032200     MemoryInit:MmrcProjectDataGenerated.obj
 0002:0000ba50       ??_C@_0BA@JIHOBBKD@CPGC_CADB1_BUFx?$AA@ 00032210     MemoryInit:MmrcProjectDataGenerated.obj
 0002:0000ba60       ??_C@_0L@OHNABNGG@CPGC_CADB1?$AA@ 00032220     MemoryInit:MmrcProjectDataGenerated.obj
 0002:0000ba6c       ??_C@_0P@INLBFINM@CPGC_SETUP_LVL?$AA@ 0003222c     MemoryInit:MmrcProjectDataGenerated.obj
 0002:0000ba7c       ??_C@_0BB@MNIGOGMK@CPGC_CWL_PATTERN?$AA@ 0003223c     MemoryInit:MmrcProjectDataGenerated.obj
 0002:0000ba90       ??_C@_0M@LMEKFEHH@CPGC_FIXVAR?$AA@ 00032250     MemoryInit:MmrcProjectDataGenerated.obj
 0002:0000ba9c       ??_C@_0O@NCANIGJE@CPGC_SETUP_VA?$AA@ 0003225c     MemoryInit:MmrcProjectDataGenerated.obj
 0002:0000baac       ??_C@_0L@DGNOOIOI@CPGC_LOOPS?$AA@ 0003226c     MemoryInit:MmrcProjectDataGenerated.obj
 0002:0000bab8       ??_C@_0M@CPHHFMKM@CPGC_ENABLE?$AA@ 00032278     MemoryInit:MmrcProjectDataGenerated.obj
 0002:0000bac4       ??_C@_0O@GPPHNNB@ReadSpareBits?$AA@ 00032284     MemoryInit:MmrcProjectDataGenerated.obj
 0002:0000bad4       ??_C@_0BH@HOKFPPNJ@PerfLatencyDefaultsCh1?$AA@ 00032294     MemoryInit:MmrcProjectDataGenerated.obj
 0002:0000baec       ??_C@_0BH@GHLOMOJI@PerfLatencyDefaultsCh0?$AA@ 000322ac     MemoryInit:MmrcProjectDataGenerated.obj
 0002:0000bb04       ??_C@_0BH@GGBJJCGD@modmem_comp_bypass_seq?$AA@ 000322c4     MemoryInit:MmrcProjectDataGenerated.obj
 0002:0000bb1c       ??_C@_0BH@JMHKMGLF@modmem_init_odt_wa_seq?$AA@ 000322dc     MemoryInit:MmrcProjectDataGenerated.obj
 0002:0000bb34       ??_C@_0CB@KONJABBA@modmem_init_lrcomp_vref_ctrl_seq@ 000322f4     MemoryInit:MmrcProjectDataGenerated.obj
 0002:0000bb58       ??_C@_0BO@GLHOOBBK@modmem_init_comp_vref_ctl_seq?$AA@ 00032318     MemoryInit:MmrcProjectDataGenerated.obj
 0002:0000bb78       ??_C@_0M@JHCKLKIC@EccLaneSwap?$AA@ 00032338     MemoryInit:MmrcProjectDataGenerated.obj
 0002:0000bb84       ??_C@_08LBKGDEFE@DramRapl?$AA@ 00032344     MemoryInit:MmrcProjectDataGenerated.obj
 0002:0000bb90       ??_C@_0P@GIBDPOCM@DramRaplLocked?$AA@ 00032350     MemoryInit:MmrcProjectDataGenerated.obj
 0002:0000bba0       ??_C@_0M@KMHNOINJ@EnableScrub?$AA@ 00032360     MemoryInit:MmrcProjectDataGenerated.obj
 0002:0000bbac       ??_C@_0O@GCNOBKJI@InitializeEcc?$AA@ 0003236c     MemoryInit:MmrcProjectDataGenerated.obj
 0002:0000bbbc       ??_C@_0N@JGFPCBCD@PeriodicComp?$AA@ 0003237c     MemoryInit:MmrcProjectDataGenerated.obj
 0002:0000bbcc       ??_C@_0P@NADNNLEO@CheckDunitFuse?$AA@ 0003238c     MemoryInit:MmrcProjectDataGenerated.obj
 0002:0000bbdc       ??_C@_0P@GEKOHPOE@DUnitAftTrainx?$AA@ 0003239c     MemoryInit:MmrcProjectDataGenerated.obj
 0002:0000bbec       ??_C@_0BK@HABHEGFA@ConnectPmiToBunitPostBoot?$AA@ 000323ac     MemoryInit:MmrcProjectDataGenerated.obj
 0002:0000bc08       ??_C@_0BJ@OIAEMPNK@ConnectPmiToCpgcPostBoot?$AA@ 000323c8     MemoryInit:MmrcProjectDataGenerated.obj
 0002:0000bc24       ??_C@_0O@GEJLPOHE@DisBUnitCache?$AA@ 000323e4     MemoryInit:MmrcProjectDataGenerated.obj
 0002:0000bc34       ??_C@_09CBJICKJ@JedecInit?$AA@ 000323f4     MemoryInit:MmrcProjectDataGenerated.obj
 0002:0000bc40       ??_C@_0BC@OINELFDB@ClearSpdResetFlag?$AA@ 00032400     MemoryInit:MmrcProjectDataGenerated.obj
 0002:0000bc54       ??_C@_0BC@CNHPPMDO@DoRegisterInitCke?$AA@ 00032414     MemoryInit:MmrcProjectDataGenerated.obj
 0002:0000bc68       ??_C@_0P@MDMHLFFN@DoRegisterInit?$AA@ 00032428     MemoryInit:MmrcProjectDataGenerated.obj
 0002:0000bc78       ??_C@_0BB@BBOIOLDM@EnableChannels_x?$AA@ 00032438     MemoryInit:MmrcProjectDataGenerated.obj
 0002:0000bc8c       ??_C@_0BH@HGBLPLOE@SignalPunitMemInitDone?$AA@ 0003244c     MemoryInit:MmrcProjectDataGenerated.obj
 0002:0000bca4       ??_C@_0BA@PPGNGBKF@MemTripSettings?$AA@ 00032464     MemoryInit:MmrcProjectDataGenerated.obj
 0002:0000bcb4       ??_C@_0P@IIICCAA@MemHotSettings?$AA@ 00032474     MemoryInit:MmrcProjectDataGenerated.obj
 0002:0000bcc4       ??_C@_0CA@OIPFBDOA@MemoryThermalThrottlingSettings?$AA@ 00032484     MemoryInit:MmrcProjectDataGenerated.obj
 0002:0000bce4       ??_C@_0BA@EKODLMOC@PrintDunitTable?$AA@ 000324a4     MemoryInit:MmrcProjectDataGenerated.obj
 0002:0000bcf4       ??_C@_08EDGEKMH@MciDunit?$AA@ 000324b4     MemoryInit:MmrcProjectDataGenerated.obj
 0002:0000bd00       ??_C@_0BD@COFAEPEE@ProgramParityCheck?$AA@ 000324c0     MemoryInit:MmrcProjectDataGenerated.obj
 0002:0000bd14       ??_C@_0BC@DCIIFNIO@RestoreArmNvDimms?$AA@ 000324d4     MemoryInit:MmrcProjectDataGenerated.obj
 0002:0000bd28       ??_C@_0BC@EDLDHKJI@ProgramBunitAunit?$AA@ 000324e8     MemoryInit:MmrcProjectDataGenerated.obj
 0002:0000bd3c       ??_C@_0L@BJOGPNPG@ShadowMrs2?$AA@ 000324fc     MemoryInit:MmrcProjectDataGenerated.obj
 0002:0000bd48       ??_C@_0M@HMENDDJD@LeakyBucket?$AA@ 00032508     MemoryInit:MmrcProjectDataGenerated.obj
 0002:0000bd54       ??_C@_0BN@DMDBAGL@modmem_init_periodiccomp_seq?$AA@ 00032514     MemoryInit:MmrcProjectDataGenerated.obj
 0002:0000bd74       ??_C@_0BA@GMACHHMF@ShadowMrsToXbuf?$AA@ 00032534     MemoryInit:MmrcProjectDataGenerated.obj
 0002:0000bd84       ??_C@_0BC@PDPGJOBA@ConnectPmiToBunit?$AA@ 00032544     MemoryInit:MmrcProjectDataGenerated.obj
 0002:0000bd98       ??_C@_0BJ@LHBNOMLA@PostMemTestDunitFeatures?$AA@ 00032558     MemoryInit:MmrcProjectDataGenerated.obj
 0002:0000bdb4       ??_C@_0M@KDFJFNE@ScrubMemory?$AA@ 00032574     MemoryInit:MmrcProjectDataGenerated.obj
 0002:0000bdc0       ??_C@_0P@GEPLCELO@Enable32bitBus?$AA@ 00032580     MemoryInit:MmrcProjectDataGenerated.obj
 0002:0000bdd0       ??_C@_0L@JBNIJIOB@MemoryTest?$AA@ 00032590     MemoryInit:MmrcProjectDataGenerated.obj
 0002:0000bddc       ??_C@_0N@PLLDCHPA@SetUceFilter?$AA@ 0003259c     MemoryInit:MmrcProjectDataGenerated.obj
 0002:0000bdec       ??_C@_0BB@JFMBCBJL@DunitToggleOffOn?$AA@ 000325ac     MemoryInit:MmrcProjectDataGenerated.obj
 0002:0000be00       ??_C@_0P@IFBOLAJI@CaParityEnable?$AA@ 000325c0     MemoryInit:MmrcProjectDataGenerated.obj
 0002:0000be10       ??_C@_0M@GBEEECON@RaplSupport?$AA@ 000325d0     MemoryInit:MmrcProjectDataGenerated.obj
 0002:0000be1c       ??_C@_0BH@BNOMPLPF@PostPackageRepairEntry?$AA@ 000325dc     MemoryInit:MmrcProjectDataGenerated.obj
 0002:0000be34       ??_C@_0BD@JIBBIMKF@DisplayInformation?$AA@ 000325f4     MemoryInit:MmrcProjectDataGenerated.obj
 0002:0000be48       ??_C@_0N@KGLAEPJ@PassGateTest?$AA@ 00032608     MemoryInit:MmrcProjectDataGenerated.obj
 0002:0000be58       ??_C@_0BC@JEPPIBJN@MitigationFeature?$AA@ 00032618     MemoryInit:MmrcProjectDataGenerated.obj
 0002:0000be6c       ??_C@_0O@EPLKBMLE@InitScrambler?$AA@ 0003262c     MemoryInit:MmrcProjectDataGenerated.obj
 0002:0000be7c       ??_C@_0BL@EFNNNLFF@ProgDunitPerfPowerSettings?$AA@ 0003263c     MemoryInit:MmrcProjectDataGenerated.obj
 0002:0000be98       ??_C@_0O@JLAJNNBH@DUnitAftTrain?$AA@ 00032658     MemoryInit:MmrcProjectDataGenerated.obj
 0002:0000bea8       ??_C@_0BF@OPLGDMN@ProgSliceChannelHash?$AA@ 00032668     MemoryInit:MmrcProjectDataGenerated.obj
 0002:0000bec0       ??_C@_0N@DHGBHMMA@MmapAftTrain?$AA@ 00032680     MemoryInit:MmrcProjectDataGenerated.obj
 0002:0000bed0       ??_C@_0BF@LOKDMCKL@DunitInitNotComplete?$AA@ 00032690     MemoryInit:MmrcProjectDataGenerated.obj
 0002:0000bee8       ??_C@_0N@KPHGMIG@VrefOverride?$AA@ 000326a8     MemoryInit:MmrcProjectDataGenerated.obj
 0002:0000bef8       ??_C@_0BK@MLMAFMCN@DisableRank2RankSwitching?$AA@ 000326b8     MemoryInit:MmrcProjectDataGenerated.obj
 0002:0000bf14       ??_C@_0N@FMBLPPDE@PhyViewTable?$AA@ 000326d4     MemoryInit:MmrcProjectDataGenerated.obj
 0002:0000bf24       ??_C@_0BD@JGMKEPEK@PerformanceLatency?$AA@ 000326e4     MemoryInit:MmrcProjectDataGenerated.obj
 0002:0000bf38       ??_C@_0BB@IOOGHAGJ@SearchRmtWrapper?$AA@ 000326f8     MemoryInit:MmrcProjectDataGenerated.obj
 0002:0000bf4c       ??_C@_0BA@MNCIIFMD@FastBootChecker?$AA@ 0003270c     MemoryInit:MmrcProjectDataGenerated.obj
 0002:0000bf5c       ??_C@_0M@LJMNFELC@RxTxSkewCtl?$AA@ 0003271c     MemoryInit:MmrcProjectDataGenerated.obj
 0002:0000bf68       ??_C@_0BF@NHNEAHPA@CommandClockTraining?$AA@ 00032728     MemoryInit:MmrcProjectDataGenerated.obj
 0002:0000bf80       ??_C@_0O@LBMMGDMN@WriteTraining?$AA@ 00032740     MemoryInit:MmrcProjectDataGenerated.obj
 0002:0000bf90       ??_C@_0N@KLNCDIBG@ReadTraining?$AA@ 00032750     MemoryInit:MmrcProjectDataGenerated.obj
 0002:0000bfa0       ??_C@_0BK@GIALGFBJ@DnvNibbleTrainingExitHook?$AA@ 00032760     MemoryInit:MmrcProjectDataGenerated.obj
 0002:0000bfbc       ??_C@_0BE@CMPLFFCP@CoarseWriteLeveling?$AA@ 0003277c     MemoryInit:MmrcProjectDataGenerated.obj
 0002:0000bfd0       ??_C@_0BC@HKJKDDF@FineWriteLeveling?$AA@ 00032790     MemoryInit:MmrcProjectDataGenerated.obj
 0002:0000bfe4       ??_C@_0BG@MNNBDFP@DnvNibbleTrainingHook?$AA@ 000327a4     MemoryInit:MmrcProjectDataGenerated.obj
 0002:0000bffc       ??_C@_0N@MMPOPOBD@EarlyMprRead?$AA@ 000327bc     MemoryInit:MmrcProjectDataGenerated.obj
 0002:0000c00c       ??_C@_0O@PLAFKHNK@ReceiveEnable?$AA@ 000327cc     MemoryInit:MmrcProjectDataGenerated.obj
 0002:0000c01c       ??_C@_0M@GFLIOOEK@VocTraining?$AA@ 000327dc     MemoryInit:MmrcProjectDataGenerated.obj
 0002:0000c028       ??_C@_0BB@FIDMHKHC@CpgcBaseLineTest?$AA@ 000327e8     MemoryInit:MmrcProjectDataGenerated.obj
 0002:0000c03c       ??_C@_0BC@GCFHNKGD@EarlySetWriteVref?$AA@ 000327fc     MemoryInit:MmrcProjectDataGenerated.obj
 0002:0000c050       ??_C@_0BD@BAEOKKFH@HandleR2RSwitching?$AA@ 00032810     MemoryInit:MmrcProjectDataGenerated.obj
 0002:0000c064       ??_C@_09FHNKLNDD@PostJedec?$AA@ 00032824     MemoryInit:MmrcProjectDataGenerated.obj
 0002:0000c070       ??_C@_08BHMGNPEE@PreJedec?$AA@ 00032830     MemoryInit:MmrcProjectDataGenerated.obj
 0002:0000c07c       ??_C@_08LIPHEMPM@DramWake?$AA@ 0003283c     MemoryInit:MmrcProjectDataGenerated.obj
 0002:0000c088       ??_C@_0BC@FMAIGGPN@DunitInitComplete?$AA@ 00032848     MemoryInit:MmrcProjectDataGenerated.obj
 0002:0000c09c       ??_C@_0BB@OHAHOHLA@ConnectPmiToCpgc?$AA@ 0003285c     MemoryInit:MmrcProjectDataGenerated.obj
 0002:0000c0b0       ??_C@_0BE@DCLDMAOP@ChangeRefreshPeriod?$AA@ 00032870     MemoryInit:MmrcProjectDataGenerated.obj
 0002:0000c0c4       ??_C@_09CPENHKDP@DunitWake?$AA@ 00032884     MemoryInit:MmrcProjectDataGenerated.obj
 0002:0000c0d0       ??_C@_0N@CPJPDPBI@MmapForTrain?$AA@ 00032890     MemoryInit:MmrcProjectDataGenerated.obj
 0002:0000c0e0       ??_C@_0O@IDPHJOMP@DUnitForTrain?$AA@ 000328a0     MemoryInit:MmrcProjectDataGenerated.obj
 0002:0000c0f0       ??_C@_09OKIDMCKG@DDR3Reset?$AA@ 000328b0     MemoryInit:MmrcProjectDataGenerated.obj
 0002:0000c0fc       ??_C@_0BB@IFEDDMHF@GroupSaveRestore?$AA@ 000328bc     MemoryInit:MmrcProjectDataGenerated.obj
 0002:0000c110       ??_C@_0P@OKOJMGIG@CommandRestore?$AA@ 000328d0     MemoryInit:MmrcProjectDataGenerated.obj
 0002:0000c120       ??_C@_0BC@NJBMJPAH@CommandClockEntry?$AA@ 000328e0     MemoryInit:MmrcProjectDataGenerated.obj
 0002:0000c134       ??_C@_0O@FMDMIIJD@DdrTimingCtrl?$AA@ 000328f4     MemoryInit:MmrcProjectDataGenerated.obj
 0002:0000c144       ??_C@_0P@GFLHGMAH@ClrSelfRefresh?$AA@ 00032904     MemoryInit:MmrcProjectDataGenerated.obj
 0002:0000c154       ??_C@_0BG@ILPDCMFO@ClearSelfRefreshClamp?$AA@ 00032914     MemoryInit:MmrcProjectDataGenerated.obj
 0002:0000c16c       ??_C@_0M@MJOEEHE@EnClkGating?$AA@ 0003292c     MemoryInit:MmrcProjectDataGenerated.obj
 0002:0000c178       ??_C@_0P@INDCNCKB@DisableChannel?$AA@ 00032938     MemoryInit:MmrcProjectDataGenerated.obj
 0002:0000c188       ??_C@_0P@HIBBKCBL@EnableChannels?$AA@ 00032948     MemoryInit:MmrcProjectDataGenerated.obj
 0002:0000c198       ??_C@_0O@ODEBJHEF@DunitDefaults?$AA@ 00032958     MemoryInit:MmrcProjectDataGenerated.obj
 0002:0000c1a8       ??_C@_0BB@BJOHFGHH@DisableScrambler?$AA@ 00032968     MemoryInit:MmrcProjectDataGenerated.obj
 0002:0000c1bc       ??_C@_0L@JADCNLDD@DisableEcc?$AA@ 0003297c     MemoryInit:MmrcProjectDataGenerated.obj
 0002:0000c1c8       ??_C@_0N@NNLBIMLM@DisableScrub?$AA@ 00032988     MemoryInit:MmrcProjectDataGenerated.obj
 0002:0000c1d8       ??_C@_0BE@FCLFCDGA@CmdOverrideSettings?$AA@ 00032998     MemoryInit:MmrcProjectDataGenerated.obj
 0002:0000c1ec       ??_C@_0BH@JMHKBN@modmem_init_ctle_po_en?$AA@ 000329ac     MemoryInit:MmrcProjectDataGenerated.obj
 0002:0000c204       ??_C@_0BL@IPBFMLKP@modmem_init_criclkgate_dis?$AA@ 000329c4     MemoryInit:MmrcProjectDataGenerated.obj
 0002:0000c220       ??_C@_0BL@HJPHDPGP@modmem_init_criclkgate_seq?$AA@ 000329e0     MemoryInit:MmrcProjectDataGenerated.obj
 0002:0000c23c       ??_C@_0BM@LNEJMBCP@modmem_init_compclkgate_dis?$AA@ 000329fc     MemoryInit:MmrcProjectDataGenerated.obj
 0002:0000c258       ??_C@_0BM@ELKLDFOP@modmem_init_compclkgate_seq?$AA@ 00032a18     MemoryInit:MmrcProjectDataGenerated.obj
 0002:0000c274       ??_C@_0CF@FEMNMAOJ@modmem_init_spidinitcomplete_ch1@ 00032a34     MemoryInit:MmrcProjectDataGenerated.obj
 0002:0000c29c       ??_C@_0BM@DFNBKKOL@modmem_init_disable_ch1_seq?$AA@ 00032a5c     MemoryInit:MmrcProjectDataGenerated.obj
 0002:0000c2b8       ??_C@_0CF@JPJBBDEM@modmem_init_spidinitcomplete_ch0@ 00032a78     MemoryInit:MmrcProjectDataGenerated.obj
 0002:0000c2e0       ??_C@_0BM@POINHJEO@modmem_init_disable_ch0_seq?$AA@ 00032aa0     MemoryInit:MmrcProjectDataGenerated.obj
 0002:0000c2fc       ??_C@_0BN@IBPBIKGG@modmem_init_dqdynclkgate_dis?$AA@ 00032abc     MemoryInit:MmrcProjectDataGenerated.obj
 0002:0000c31c       ??_C@_0BN@HHBDHOKG@modmem_init_dqdynclkgate_seq?$AA@ 00032adc     MemoryInit:MmrcProjectDataGenerated.obj
 0002:0000c33c       ??_C@_0CA@CGCNHBBM@modmem_init_compovr_disable_seq?$AA@ 00032afc     MemoryInit:MmrcProjectDataGenerated.obj
 0002:0000c35c       ??_C@_0BN@LIMPOKOD@modmem_init_iobufact_ch1_seq?$AA@ 00032b1c     MemoryInit:MmrcProjectDataGenerated.obj
 0002:0000c37c       ??_C@_0BN@HDJDDJEG@modmem_init_iobufact_ch0_seq?$AA@ 00032b3c     MemoryInit:MmrcProjectDataGenerated.obj
 0002:0000c39c       ??_C@_0BK@PHFJLEKG@modmem_init_dramreset_seq?$AA@ 00032b5c     MemoryInit:MmrcProjectDataGenerated.obj
 0002:0000c3b8       ??_C@_0BO@BDFKPKLH@modmem_init_pointerenable_seq?$AA@ 00032b78     MemoryInit:MmrcProjectDataGenerated.obj
 0002:0000c3d8       ??_C@_0BJ@DJEEBMKL@modmem_init_compinit_seq?$AA@ 00032b98     MemoryInit:MmrcProjectDataGenerated.obj
 0002:0000c3f4       ??_C@_0BO@DNPGCLNL@modmem_init_phyrst_common_seq?$AA@ 00032bb4     MemoryInit:MmrcProjectDataGenerated.obj
 0002:0000c414       ??_C@_0BO@LGODOIEA@modmem_init_rxfiforst_ch1_seq?$AA@ 00032bd4     MemoryInit:MmrcProjectDataGenerated.obj
 0002:0000c434       ??_C@_0BO@HNLPDLOF@modmem_init_rxfiforst_ch0_seq?$AA@ 00032bf4     MemoryInit:MmrcProjectDataGenerated.obj
 0002:0000c454       ??_C@_0BL@LANBBIGD@modmem_init_phyrst_ch1_seq?$AA@ 00032c14     MemoryInit:MmrcProjectDataGenerated.obj
 0002:0000c470       ??_C@_0BL@HLINMLMG@modmem_init_phyrst_ch0_seq?$AA@ 00032c30     MemoryInit:MmrcProjectDataGenerated.obj
 0002:0000c48c       ??_C@_0BP@IHAFJLO@modmem_init_clkdividersync_seq?$AA@ 00032c4c     MemoryInit:MmrcProjectDataGenerated.obj
 0002:0000c4ac       ??_C@_06IAKICGNN@dll_wa?$AA@ 00032c6c     MemoryInit:MmrcProjectDataGenerated.obj
 0002:0000c4b4       ??_C@_0BH@HOAGNDDJ@modmem_init_dllcfg_seq?$AA@ 00032c74     MemoryInit:MmrcProjectDataGenerated.obj
 0002:0000c4cc       ??_C@_0BL@FNBPILMI@modmem_adpll_locktimer_seq?$AA@ 00032c8c     MemoryInit:MmrcProjectDataGenerated.obj
 0002:0000c4e8       ??_C@_0BL@NKBCNBHG@modmem_wait_adpll_lock_seq?$AA@ 00032ca8     MemoryInit:MmrcProjectDataGenerated.obj
 0002:0000c504       ??_C@_0BJ@ELKANDOP@modmem_init_ch0pmrst_seq?$AA@ 00032cc4     MemoryInit:MmrcProjectDataGenerated.obj
 0002:0000c520       ??_C@_0BL@HEJMIFEM@modmem_init_ch1x4ch0x4_seq?$AA@ 00032ce0     MemoryInit:MmrcProjectDataGenerated.obj
 0002:0000c53c       ??_C@_0BL@DFOEFDH@modmem_init_ch1x4ch0x8_seq?$AA@ 00032cfc     MemoryInit:MmrcProjectDataGenerated.obj
 0002:0000c558       ??_C@_0BL@HOIGBHIL@modmem_init_ch1x8ch0x4_seq?$AA@ 00032d18     MemoryInit:MmrcProjectDataGenerated.obj
 0002:0000c574       ??_C@_0BL@JEENHPA@modmem_init_ch1x8ch0x8_seq?$AA@ 00032d34     MemoryInit:MmrcProjectDataGenerated.obj
 0002:0000c590       ??_C@_0BK@OFDNFPIP@modmem_init_staticcfg_seq?$AA@ 00032d50     MemoryInit:MmrcProjectDataGenerated.obj
 0002:0000c5ac       ??_C@_0BG@PHIHHAKC@modmem_adpll_prog_seq?$AA@ 00032d6c     MemoryInit:MmrcProjectDataGenerated.obj
 0002:0000c5c4       ??_C@_0BE@EGJEFEEF@modmem_init_sfr_seq?$AA@ 00032d84     MemoryInit:MmrcProjectDataGenerated.obj
 0002:0000c5d8       ??_C@_0N@LBFJNLEL@modmem_start?$AA@ 00032d98     MemoryInit:MmrcProjectDataGenerated.obj
 0002:0000c5e8       ??_C@_0BE@MPKKOCCC@PreventDdrioClearS0?$AA@ 00032da8     MemoryInit:MmrcProjectDataGenerated.obj
 0002:0000c600       _SubtaskOffsetIndex        00032dc0     MemoryInit:MmrcProjectDataGenerated.obj
 0002:0000c738       _InitData                  00032ef8     MemoryInit:MmrcProjectDataGenerated.obj
 0002:00010e8d       _NumberAlgosGenerated      0003764d     MemoryInit:MmrcProjectDataGenerated.obj
 0002:00010e8e       _NumberOfDependantElementsGenerated 0003764e     MemoryInit:MmrcProjectDataGenerated.obj
 0002:00010e8f       _NumberOfDelayElementsPerAlgoGenerated 0003764f     MemoryInit:MmrcProjectDataGenerated.obj
 0002:00010e90       _PfctAndIoLevelToBlueprint 00037650     MemoryInit:MmrcProjectDataGenerated.obj
 0002:00010ea4       _DigitalDllRangesGenerated 00037664     MemoryInit:MmrcProjectDataGenerated.obj
 0002:00010ed6       _NumberOfCCElementsGenerated 00037696     MemoryInit:MmrcProjectDataGenerated.obj
 0002:00010ed7       _NumberOfCCRangesGenerated 00037697     MemoryInit:MmrcProjectDataGenerated.obj
 0002:00010ed8       _UnitStringsGenerated      00037698     MemoryInit:MmrcProjectDataGenerated.obj
 0002:00011058       _FloorPlanGenerated        00037818     MemoryInit:MmrcProjectDataGenerated.obj
 0002:000110a0       _StrobeToRegisterGenerated 00037860     MemoryInit:MmrcProjectDataGenerated.obj
 0002:000110e8       _RankToRegisterGenerated   000378a8     MemoryInit:MmrcProjectDataGenerated.obj
 0002:000110f8       _NumberOfElementsPerAlgoGenerated 000378b8     MemoryInit:MmrcProjectDataGenerated.obj
 0002:000110f9       _NumberOfFrequenciesGenerated 000378b9     MemoryInit:MmrcProjectDataGenerated.obj
 0002:000110fc       _DelayIndexToOffsetLayerGenerated 000378bc     MemoryInit:MmrcProjectDataGenerated.obj
 0002:00011128       _GroupIndexToOffsetLayerGenerated 000378e8     MemoryInit:MmrcProjectDataGenerated.obj
 0002:00011138       _UniqueIndexToOffsetLayerGenerated 000378f8     MemoryInit:MmrcProjectDataGenerated.obj
 0002:00011190       _ElementsGenerated         00037950     MemoryInit:MmrcProjectDataGenerated.obj
 0002:00012fd0       ??_C@_06FKBIONIN@CkeGrp?$AA@ 00039790     MemoryInit:MmrcHooks.obj
 0002:00012fd8       ??_C@_06DBGOILBO@OdtGrp?$AA@ 00039798     MemoryInit:MmrcHooks.obj
 0002:00012fe0       ??_C@_05HAKBJMN@CsGrp?$AA@ 000397a0     MemoryInit:MmrcHooks.obj
 0002:00012fe8       ??_C@_06LBCBCHCA@CmdGrp?$AA@ 000397a8     MemoryInit:MmrcHooks.obj
 0002:00012ff0       ??_C@_05CKOGBCJH@TxDrv?$AA@ 000397b0     MemoryInit:MmrcHooks.obj
 0002:00012ff8       ??_C@_05MEEBFGBM@TxDq?5?$AA@ 000397b8     MemoryInit:MmrcHooks.obj
 0002:00013000       ??_C@_05FFNHFIIL@TxDqs?$AA@ 000397c0     MemoryInit:MmrcHooks.obj
 0002:00013008       ??_C@_05BCJCAMHP@RcvEn?$AA@ 000397c8     MemoryInit:MmrcHooks.obj
 0002:00013010       _LinearToPhysicalVrefCodesIsl90727 000397d0     MemoryInit:OemHooks.obj
 0002:00013050       _PhysicalToLinearVrefCodesIsl90727 00039810     MemoryInit:OemHooks.obj
 0002:000130b0       _BBCMT40A256M16_093        00039870     MemoryInit:OemHooks.obj
 0002:00013110       _CCMMT40A512M16_083        000398d0     MemoryInit:OemHooks.obj
 0002:00013310       _DASyB2_MT5KTF6472HZ_1G9J1 00039ad0     MemoryInit:OemHooks.obj
 0002:00013510       _ALVMT5KTF12872HZ_1G9P1    00039cd0     MemoryInit:OemHooks.obj
 0002:00013710       _BDK_SOLDERDOWN_DDR4_SPD   00039ed0     MemoryInit:OemHooks.obj
 0002:00013910       _CadbMaGroupsDdr3          0003a0d0     MemoryInit:MmrcProjectData.obj
 0002:00013928       _CadbMaGroupsDdr4          0003a0e8     MemoryInit:MmrcProjectData.obj
 0002:00013940       _SmbusAddressToClttTable   0003a100     MemoryInit:MmrcProjectData.obj
 0002:00013950       _DEF_0_GENERATED           0003a110     MemoryInit:MmrcProjectDataGenerated.obj

 entry point at        0001:00000000

 Static symbols

 0001:00022092       _ReadSmb                   000222d2 f   MemoryInit:NvdimmHooks.obj
 0001:000220be       _FixedDelay                000222fe f   MemoryInit:NvdimmHooks.obj
