 DataHubDxe

 Timestamp is 6448e7ec (Wed Apr 26 16:59:24 2023)

 Preferred load address is 0000000000000000

 Start         Length     Name                   Class
 0001:00000000 0000073dH .text                   CODE
 0002:00000000 00000010H .data                   DATA
 0002:00000010 00000004H .rdata                  DATA
 0002:00000020 00000090H .bss                    DATA
 0003:00000000 00000060H .pdata                  DATA
 0004:00000000 00000064H .xdata                  DATA

  Address         Publics by Value              Rva+Base               Lib:Object

 0001:00000000       _ModuleEntryPoint          0000000000000280 f   UefiDriverEntryPoint:DriverEntryPoint.obj
 0001:00000034       ProcessModuleEntryPointList 00000000000002b4 f   DataHubDxe:AutoGen.obj
 0001:00000120       DataHubLogData             00000000000003a0 f   DataHubDxe:DataHub.obj
 0001:00000350       GetNextDataRecord          00000000000005d0 f   DataHubDxe:DataHub.obj
 0001:000003b0       DataHubGetNextRecord       0000000000000630 f   DataHubDxe:DataHub.obj
 0001:000004d0       DataHubRegisterFilterDriver 0000000000000750 f   DataHubDxe:DataHub.obj
 0001:0000061c       DataHubUnregisterFilterDriver 000000000000089c f   DataHubDxe:DataHub.obj
 0001:000006ac       InternalAllocatePool       000000000000092c f   UefiMemoryAllocationLib:MemoryAllocationLib.obj
 0001:000006e0       InternalMemCopyMem         0000000000000960     BaseMemoryLibRepStr:CopyMem.obj
 0001:00000720       InternalMemZeroMem         00000000000009a0     BaseMemoryLibRepStr:ZeroMem.obj
 0002:00000000       gEfiDataHubProtocolGuid    00000000000009c0     DataHubDxe:AutoGen.obj
 0002:00000010       _gUefiDriverRevision       00000000000009d0     DataHubDxe:AutoGen.obj
 0002:00000020       gImageHandle               00000000000009e0     UefiBootServicesTableLib:UefiBootServicesTableLib.obj
 0002:00000028       gST                        00000000000009e8     UefiBootServicesTableLib:UefiBootServicesTableLib.obj
 0002:00000030       gBS                        00000000000009f0     UefiBootServicesTableLib:UefiBootServicesTableLib.obj
 0002:00000038       gRT                        00000000000009f8     UefiRuntimeServicesTableLib:UefiRuntimeServicesTableLib.obj
 0002:00000040       mPrivateData               0000000000000a00     <common>

 entry point at        0001:00000000

 Static symbols

