 DnsDxe

 Timestamp is 6448e7f5 (Wed Apr 26 16:59:33 2023)

 Preferred load address is 0000000000000000

 Start         Length     Name                   Class
 0001:00000000 000089a2H .text                   CODE
 0002:00000000 00000354H .data                   DATA
 0002:00000360 000005a2H .rdata                  DATA
 0002:00000908 00000040H .bss                    DATA
 0003:00000000 000004c8H .pdata                  DATA
 0004:00000000 000003e8H .xdata                  DATA

  Address         Publics by Value              Rva+Base               Lib:Object

 0000:00000000       __ImageBase                0000000000000000     <linker-defined>
 0001:00000000       _DriverUnloadHandler       00000000000002a0 f   UefiDriverEntryPoint:DriverEntryPoint.obj
 0001:00000008       _ModuleEntryPoint          00000000000002a8 f   UefiDriverEntryPoint:DriverEntryPoint.obj
 0001:00000098       DnsDestroyInstance         0000000000000338 f   DnsDxe:DnsDriver.obj
 0001:00000110       DnsCreateInstance          00000000000003b0 f   DnsDxe:DnsDriver.obj
 0001:00000224       DnsDestroyChildEntryInHandleBuffer 00000000000004c4 f   DnsDxe:DnsDriver.obj
 0001:00000280       DnsConfigNullUdp           0000000000000520 f   DnsDxe:DnsDriver.obj
 0001:00000284       DnsDestroyService          0000000000000524 f   DnsDxe:DnsDriver.obj
 0001:000002d0       DnsCreateService           0000000000000570 f   DnsDxe:DnsDriver.obj
 0001:00000480       DnsUnload                  0000000000000720 f   DnsDxe:DnsDriver.obj
 0001:00000738       DnsDriverEntryPoint        00000000000009d8 f   DnsDxe:DnsDriver.obj
 0001:00000918       Dns4DriverBindingSupported 0000000000000bb8 f   DnsDxe:DnsDriver.obj
 0001:0000099c       Dns4DriverBindingStart     0000000000000c3c f   DnsDxe:DnsDriver.obj
 0001:00000a30       Dns4DriverBindingStop      0000000000000cd0 f   DnsDxe:DnsDriver.obj
 0001:00000b54       Dns6DriverBindingSupported 0000000000000df4 f   DnsDxe:DnsDriver.obj
 0001:00000bd8       Dns6DriverBindingStart     0000000000000e78 f   DnsDxe:DnsDriver.obj
 0001:00000c6c       Dns6DriverBindingStop      0000000000000f0c f   DnsDxe:DnsDriver.obj
 0001:00000d90       Dns4ServiceBindingCreateChild 0000000000001030 f   DnsDxe:DnsDriver.obj
 0001:00000f3c       Dns4ServiceBindingDestroyChild 00000000000011dc f   DnsDxe:DnsDriver.obj
 0001:000010e8       Dns6ServiceBindingCreateChild 0000000000001388 f   DnsDxe:DnsDriver.obj
 0001:00001294       Dns6ServiceBindingDestroyChild 0000000000001534 f   DnsDxe:DnsDriver.obj
 0001:00001434       Dns6RemoveTokenEntry       00000000000016d4 f   DnsDxe:DnsImpl.obj
 0001:00001434       Dns4RemoveTokenEntry       00000000000016d4 f   DnsDxe:DnsImpl.obj
 0001:00001490       Dns4CancelTokens           0000000000001730 f   DnsDxe:DnsImpl.obj
 0001:0000153c       Dns6CancelTokens           00000000000017dc f   DnsDxe:DnsImpl.obj
 0001:000015e8       Dns4InstanceCancelToken    0000000000001888 f   DnsDxe:DnsImpl.obj
 0001:00001684       Dns6InstanceCancelToken    0000000000001924 f   DnsDxe:DnsImpl.obj
 0001:00001720       Dns4CopyConfigure          00000000000019c0 f   DnsDxe:DnsImpl.obj
 0001:000017c4       Dns6CopyConfigure          0000000000001a64 f   DnsDxe:DnsImpl.obj
 0001:00001864       DnsDummyExtFree            0000000000001b04 f   DnsDxe:DnsImpl.obj
 0001:00001868       Dns4GetMapping             0000000000001b08 f   DnsDxe:DnsImpl.obj
 0001:00001914       Dns6GetMapping             0000000000001bb4 f   DnsDxe:DnsImpl.obj
 0001:00001a54       Dns4ConfigUdp              0000000000001cf4 f   DnsDxe:DnsImpl.obj
 0001:00001b48       Dns6ConfigUdp              0000000000001de8 f   DnsDxe:DnsImpl.obj
 0001:00001c20       UpdateDns4Cache            0000000000001ec0 f   DnsDxe:DnsImpl.obj
 0001:00001dd8       UpdateDns6Cache            0000000000002078 f   DnsDxe:DnsImpl.obj
 0001:00001f8c       AddDns4ServerIp            000000000000222c f   DnsDxe:DnsImpl.obj
 0001:0000203c       AddDns6ServerIp            00000000000022dc f   DnsDxe:DnsImpl.obj
 0001:000020e8       IsValidDnsResponse         0000000000002388 f   DnsDxe:DnsImpl.obj
 0001:000021a0       ParseDnsResponse           0000000000002440 f   DnsDxe:DnsImpl.obj
 0001:00002b44       DnsOnPacketReceived        0000000000002de4 f   DnsDxe:DnsImpl.obj
 0001:00002bc8       DnsOnPacketSent            0000000000002e68 f   DnsDxe:DnsImpl.obj
 0001:00002c30       DoDnsQuery                 0000000000002ed0 f   DnsDxe:DnsImpl.obj
 0001:00002ca0       ConstructDNSQuery          0000000000002f40 f   DnsDxe:DnsImpl.obj
 0001:00002e10       DnsRetransmit              00000000000030b0 f   DnsDxe:DnsImpl.obj
 0001:00002e6c       DnsOnTimerRetransmit       000000000000310c f   DnsDxe:DnsImpl.obj
 0001:0000302c       DnsOnTimerUpdate           00000000000032cc f   DnsDxe:DnsImpl.obj
 0001:000030c4       DnsComponentNameGetDriverName 0000000000003364 f   DnsDxe:ComponentName.obj
 0001:000030f8       UpdateDns4Name             0000000000003398 f   DnsDxe:ComponentName.obj
 0001:000031f8       UpdateDns6Name             0000000000003498 f   DnsDxe:ComponentName.obj
 0001:000032f8       DnsComponentNameGetControllerName 0000000000003598 f   DnsDxe:ComponentName.obj
 0001:00003478       Dns4GetModeData            0000000000003718 f   DnsDxe:DnsProtocol.obj
 0001:000036c4       Dns4Configure              0000000000003964 f   DnsDxe:DnsProtocol.obj
 0001:000039a8       Dns4HostNameToIp           0000000000003c48 f   DnsDxe:DnsProtocol.obj
 0001:00003d08       Dns4IpToHostName           0000000000003fa8 f   DnsDxe:DnsProtocol.obj
 0001:00003d08       Dns6IpToHostName           0000000000003fa8 f   DnsDxe:DnsProtocol.obj
 0001:00003d14       Dns4GeneralLookUp          0000000000003fb4 f   DnsDxe:DnsProtocol.obj
 0001:00003ec0       Dns4UpdateDnsCache         0000000000004160 f   DnsDxe:DnsProtocol.obj
 0001:00003f6c       Dns4Poll                   000000000000420c f   DnsDxe:DnsProtocol.obj
 0001:00003fc4       Dns4Cancel                 0000000000004264 f   DnsDxe:DnsProtocol.obj
 0001:00004050       Dns6GetModeData            00000000000042f0 f   DnsDxe:DnsProtocol.obj
 0001:0000429c       Dns6Configure              000000000000453c f   DnsDxe:DnsProtocol.obj
 0001:000044e8       Dns6HostNameToIp           0000000000004788 f   DnsDxe:DnsProtocol.obj
 0001:00004850       Dns6GeneralLookUp          0000000000004af0 f   DnsDxe:DnsProtocol.obj
 0001:000049fc       Dns6UpdateDnsCache         0000000000004c9c f   DnsDxe:DnsProtocol.obj
 0001:00004aa8       Dns6Poll                   0000000000004d48 f   DnsDxe:DnsProtocol.obj
 0001:00004afc       Dns6Cancel                 0000000000004d9c f   DnsDxe:DnsProtocol.obj
 0001:00004b88       DhcpCommonNotify           0000000000004e28 f   DnsDxe:DnsDhcp.obj
 0001:00004b98       ParseDhcp4Ack              0000000000004e38 f   DnsDxe:DnsDhcp.obj
 0001:00004d04       ParseDhcp6Ack              0000000000004fa4 f   DnsDxe:DnsDhcp.obj
 0001:00004eb4       GetDns4ServerFromDhcp4     0000000000005154 f   DnsDxe:DnsDhcp.obj
 0001:000055fc       GetDns6ServerFromDhcp6     000000000000589c f   DnsDxe:DnsDhcp.obj
 0001:000058bc       UdpIoFreeRxToken           0000000000005b5c f   DxeUpdIoLib:DxeUdpIoLib.obj
 0001:000058f8       UdpIoOnDgramSentDpc        0000000000005b98 f   DxeUpdIoLib:DxeUdpIoLib.obj
 0001:00005960       UdpIoOnDgramSent           0000000000005c00 f   DxeUpdIoLib:DxeUdpIoLib.obj
 0001:0000597c       UdpIoRecycleDgram          0000000000005c1c f   DxeUpdIoLib:DxeUdpIoLib.obj
 0001:000059b8       UdpIoOnDgramRcvdDpc        0000000000005c58 f   DxeUpdIoLib:DxeUdpIoLib.obj
 0001:00005c2c       UdpIoOnDgramRcvd           0000000000005ecc f   DxeUpdIoLib:DxeUdpIoLib.obj
 0001:00005c48       UdpIoCreateRxToken         0000000000005ee8 f   DxeUpdIoLib:DxeUdpIoLib.obj
 0001:00005cf8       UdpIoCreateIo              0000000000005f98 f   DxeUpdIoLib:DxeUdpIoLib.obj
 0001:00005ef4       UdpIoCancelDgrams          0000000000006194 f   DxeUpdIoLib:DxeUdpIoLib.obj
 0001:00005f7c       UdpIoFreeIo                000000000000621c f   DxeUpdIoLib:DxeUdpIoLib.obj
 0001:00006068       UdpIoCleanIo               0000000000006308 f   DxeUpdIoLib:DxeUdpIoLib.obj
 0001:000060d8       UdpIoSendDatagram          0000000000006378 f   DxeUpdIoLib:DxeUdpIoLib.obj
 0001:000062c0       UdpIoCancelSingleDgram     0000000000006560 f   DxeUpdIoLib:DxeUdpIoLib.obj
 0001:000062c8       UdpIoRecvDatagram          0000000000006568 f   DxeUpdIoLib:DxeUdpIoLib.obj
 0001:00006364       InternalAllocatePool       0000000000006604 f   UefiMemoryAllocationLib:MemoryAllocationLib.obj
 0001:00006394       AllocateZeroPool           0000000000006634 f   UefiMemoryAllocationLib:MemoryAllocationLib.obj
 0001:000063c0       InternalAllocateCopyPool   0000000000006660 f   UefiMemoryAllocationLib:MemoryAllocationLib.obj
 0001:00006404       UnicodeSPrint              00000000000066a4 f   BasePrintLib:PrintLib.obj
 0001:00006438       BasePrintLibFillBuffer     00000000000066d8 f   BasePrintLib:PrintLibInternal.obj
 0001:0000646c       BasePrintLibSPrintMarker   000000000000670c f   BasePrintLib:PrintLibInternal.obj
 0001:000072e8       BasePrintLibSPrint         0000000000007588 f   BasePrintLib:PrintLibInternal.obj
 0001:0000730c       EfiGetSystemConfigurationTable 00000000000075ac f   UefiLib:UefiLib.obj
 0001:00007370       EfiTestChildHandle         0000000000007610 f   UefiLib:UefiLib.obj
 0001:000073c4       LookupUnicodeString2       0000000000007664 f   UefiLib:UefiLib.obj
 0001:00007550       AddUnicodeString2          00000000000077f0 f   UefiLib:UefiLib.obj
 0001:00007820       FreeUnicodeStringTable     0000000000007ac0 f   UefiLib:UefiLib.obj
 0001:00007898       EfiLibInstallDriverBindingComponentName2 0000000000007b38 f   UefiLib:UefiDriverModel.obj
 0001:000078f0       Ip6Swap128                 0000000000007b90 f   DxeNetLib:DxeNetLib.obj
 0001:00007a2c       NetRandomInitSeed          0000000000007ccc f   DxeNetLib:DxeNetLib.obj
 0001:00007b74       NetListRemoveHead          0000000000007e14 f   DxeNetLib:DxeNetLib.obj
 0001:00007b9c       NetDestroyLinkList         0000000000007e3c f   DxeNetLib:DxeNetLib.obj
 0001:00007c38       NetMapAllocItem            0000000000007ed8 f   DxeNetLib:DxeNetLib.obj
 0001:00007c9c       NetMapInsertTail           0000000000007f3c f   DxeNetLib:DxeNetLib.obj
 0001:00007d00       NetMapIterate              0000000000007fa0 f   DxeNetLib:DxeNetLib.obj
 0001:00007d5c       NetLibCreateServiceChild   0000000000007ffc f   DxeNetLib:DxeNetLib.obj
 0001:00007da8       NetLibDestroyServiceChild  0000000000008048 f   DxeNetLib:DxeNetLib.obj
 0001:00007df4       NetLibGetSnpHandle         0000000000008094 f   DxeNetLib:DxeNetLib.obj
 0001:00007ebc       NetLibDetectMedia          000000000000815c f   DxeNetLib:DxeNetLib.obj
 0001:000080b0       NetLibGetNicHandle         0000000000008350 f   DxeNetLib:DxeNetLib.obj
 0001:0000811c       NetLibIp6ToStr             00000000000083bc f   DxeNetLib:DxeNetLib.obj
 0001:000082dc       NetLibCreateDnsQName       000000000000857c f   DxeNetLib:DxeNetLib.obj
 0001:00008374       NetbufAllocStruct          0000000000008614 f   DxeNetLib:NetBuffer.obj
 0001:00008418       NetbufFreeVector           00000000000086b8 f   DxeNetLib:NetBuffer.obj
 0001:00008498       NetbufFree                 0000000000008738 f   DxeNetLib:NetBuffer.obj
 0001:000084c4       NetbufGetByte              0000000000008764 f   DxeNetLib:NetBuffer.obj
 0001:00008514       NetbufFromExt              00000000000087b4 f   DxeNetLib:NetBuffer.obj
 0001:000087a8       NetbufBuildExt             0000000000008a48 f   DxeNetLib:NetBuffer.obj
 0001:00008800       StrCpyS                    0000000000008aa0 f   BaseLib:SafeString.obj
 0001:00008894       DevicePathFromHandle       0000000000008b34 f   UefiDevicePathLib:DevicePathUtilities.obj
 0001:000088d0       InternalMemCopyMem         0000000000008b70     BaseMemoryLibRepStr:CopyMem.obj
 0001:00008910       InternalMemZeroMem         0000000000008bb0     BaseMemoryLibRepStr:ZeroMem.obj
 0001:00008930       InternalMemCompareMem      0000000000008bd0     BaseMemoryLibRepStr:CompareMem.obj
 0001:00008950       InternalMemSetMem          0000000000008bf0     BaseMemoryLibRepStr:SetMem.obj
 0001:00008970       InternalMemSetMem32        0000000000008c10     BaseMemoryLibRepStr:SetMem32.obj
 0001:00008990       InternalMemSetMem64        0000000000008c30     BaseMemoryLibRepStr:SetMem64.obj
 0002:00000000       gEfiSmbiosTableGuid        0000000000008c60     DnsDxe:AutoGen.obj
 0002:00000010       gEfiSmbios3TableGuid       0000000000008c70     DnsDxe:AutoGen.obj
 0002:00000020       gEfiDns4ServiceBindingProtocolGuid 0000000000008c80     DnsDxe:AutoGen.obj
 0002:00000030       gEfiDns4ProtocolGuid       0000000000008c90     DnsDxe:AutoGen.obj
 0002:00000040       gEfiUdp4ServiceBindingProtocolGuid 0000000000008ca0     DnsDxe:AutoGen.obj
 0002:00000050       gEfiUdp4ProtocolGuid       0000000000008cb0     DnsDxe:AutoGen.obj
 0002:00000060       gEfiDhcp4ServiceBindingProtocolGuid 0000000000008cc0     DnsDxe:AutoGen.obj
 0002:00000070       gEfiDhcp4ProtocolGuid      0000000000008cd0     DnsDxe:AutoGen.obj
 0002:00000080       gEfiIp4Config2ProtocolGuid 0000000000008ce0     DnsDxe:AutoGen.obj
 0002:00000090       gEfiManagedNetworkServiceBindingProtocolGuid 0000000000008cf0     DnsDxe:AutoGen.obj
 0002:000000a0       gEfiManagedNetworkProtocolGuid 0000000000008d00     DnsDxe:AutoGen.obj
 0002:000000b0       gEfiDns6ServiceBindingProtocolGuid 0000000000008d10     DnsDxe:AutoGen.obj
 0002:000000c0       gEfiDns6ProtocolGuid       0000000000008d20     DnsDxe:AutoGen.obj
 0002:000000d0       gEfiUdp6ServiceBindingProtocolGuid 0000000000008d30     DnsDxe:AutoGen.obj
 0002:000000e0       gEfiUdp6ProtocolGuid       0000000000008d40     DnsDxe:AutoGen.obj
 0002:000000f0       gEfiDhcp6ServiceBindingProtocolGuid 0000000000008d50     DnsDxe:AutoGen.obj
 0002:00000100       gEfiDhcp6ProtocolGuid      0000000000008d60     DnsDxe:AutoGen.obj
 0002:00000110       gEfiDpcProtocolGuid        0000000000008d70     DnsDxe:AutoGen.obj
 0002:00000120       gEfiDevicePathProtocolGuid 0000000000008d80     DnsDxe:AutoGen.obj
 0002:00000130       gEfiDriverBindingProtocolGuid 0000000000008d90     DnsDxe:AutoGen.obj
 0002:00000140       gEfiComponentNameProtocolGuid 0000000000008da0     DnsDxe:AutoGen.obj
 0002:00000150       gEfiComponentName2ProtocolGuid 0000000000008db0     DnsDxe:AutoGen.obj
 0002:00000160       gEfiLoadedImageProtocolGuid 0000000000008dc0     DnsDxe:AutoGen.obj
 0002:00000170       gEfiSimpleNetworkProtocolGuid 0000000000008dd0     DnsDxe:AutoGen.obj
 0002:00000180       mDns4Protocol              0000000000008de0     DnsDxe:DnsProtocol.obj
 0002:000001c0       mDns6Protocol              0000000000008e20     DnsDxe:DnsProtocol.obj
 0002:00000200       gDns4DriverBinding         0000000000008e60     DnsDxe:DnsDriver.obj
 0002:00000230       gDns6DriverBinding         0000000000008e90     DnsDxe:DnsDriver.obj
 0002:00000260       mDns4ServiceBinding        0000000000008ec0     DnsDxe:DnsDriver.obj
 0002:00000270       mDns6ServiceBinding        0000000000008ed0     DnsDxe:DnsDriver.obj
 0002:00000280       gDnsComponentName          0000000000008ee0     DnsDxe:ComponentName.obj
 0002:00000298       gDnsComponentName2         0000000000008ef8     DnsDxe:ComponentName.obj
 0002:000002b0       mDnsDriverNameTable        0000000000008f10     DnsDxe:ComponentName.obj
 0002:000002d0       gIp4AllMasks               0000000000008f30     DxeNetLib:DxeNetLib.obj
 0002:00000360       _gUefiDriverRevision       0000000000008fc0     DnsDxe:AutoGen.obj
 0002:00000368       ??_C@_1DG@DOMDBBAF@?$AAD?$AAN?$AAS?$AA?5?$AAN?$AAe?$AAt?$AAw?$AAo?$AAr?$AAk?$AA?5?$AAS?$AAe?$AAr?$AAv?$AAi?$AAc?$AAe?$AA?5?$AAD?$AAr?$AAi?$AAv?$AAe?$AAr?$AA?$AA@ 0000000000008fc8     DnsDxe:ComponentName.obj
 0002:000003a0       ??_C@_06DALJLGPG@eng?$DLen?$AA@ 0000000000009000     DnsDxe:ComponentName.obj
 0002:000003a8       ??_C@_02LFNMGJAP@en?$AA@   0000000000009008     DnsDxe:ComponentName.obj
 0002:000003ac       ??_C@_03LKLGDMJI@eng?$AA@  000000000000900c     DnsDxe:ComponentName.obj
 0002:000003b0       ??_C@_1FI@IKOCEHAN@?$AAD?$AAN?$AAS?$AAv?$AA4?$AA?5?$AA?$CI?$AAS?$AAt?$AAa?$AAt?$AAi?$AAo?$AAn?$AAI?$AAp?$AA?$DN?$AA?$CF?$AAd?$AA?4?$AA?$CF?$AAd?$AA?4?$AA?$CF?$AAd?$AA?4?$AA?$CF?$AAd?$AA?0?$AA?5?$AAL?$AAo@ 0000000000009010     DnsDxe:ComponentName.obj
 0002:00000410       ??_C@_1EG@DLOFEDHM@?$AAD?$AAN?$AAS?$AAv?$AA6?$AA?5?$AA?$CI?$AAS?$AAt?$AAa?$AAt?$AAi?$AAo?$AAn?$AAI?$AAp?$AA?$DN?$AA?$CF?$AAs?$AA?0?$AA?5?$AAL?$AAo?$AAc?$AAa?$AAl?$AAP?$AAo?$AAr?$AAt?$AA?$DN?$AA?$CF@ 0000000000009070     DnsDxe:ComponentName.obj
 0002:00000458       ??_C@_0BB@MFGDFIJM@Compromised?5Data?$AA@ 00000000000090b8     BasePrintLib:PrintLibInternal.obj
 0002:00000470       ??_C@_0BB@KFJAMCOC@Invalid?5Language?$AA@ 00000000000090d0     BasePrintLib:PrintLibInternal.obj
 0002:00000488       ??_C@_0M@FKGOBENP@End?5of?5File?$AA@ 00000000000090e8     BasePrintLib:PrintLibInternal.obj
 0002:00000498       ??_C@_0O@GLPDOMCP@Reserved?5?$CI30?$CJ?$AA@ 00000000000090f8     BasePrintLib:PrintLibInternal.obj
 0002:000004a8       ??_C@_0O@NMJOLAMF@Reserved?5?$CI29?$CJ?$AA@ 0000000000009108     BasePrintLib:PrintLibInternal.obj
 0002:000004b8       ??_C@_0N@JEJDHPO@End?5of?5Media?$AA@ 0000000000009118     BasePrintLib:PrintLibInternal.obj
 0002:000004c8       ??_C@_09BOMAGJEG@CRC?5Error?$AA@ 0000000000009128     BasePrintLib:PrintLibInternal.obj
 0002:000004d8       ??_C@_0BD@KHMPCIOG@Security?5Violation?$AA@ 0000000000009138     BasePrintLib:PrintLibInternal.obj
 0002:000004f0       ??_C@_0BF@EHOBGFMI@Incompatible?5Version?$AA@ 0000000000009150     BasePrintLib:PrintLibInternal.obj
 0002:00000508       ??_C@_0P@NCJHBCLM@Protocol?5Error?$AA@ 0000000000009168     BasePrintLib:PrintLibInternal.obj
 0002:00000518       ??_C@_0L@DJKNJKHM@TFTP?5Error?$AA@ 0000000000009178     BasePrintLib:PrintLibInternal.obj
 0002:00000528       ??_C@_0L@LKIFCMNO@ICMP?5Error?$AA@ 0000000000009188     BasePrintLib:PrintLibInternal.obj
 0002:00000538       ??_C@_07LCKDCBKK@Aborted?$AA@ 0000000000009198     BasePrintLib:PrintLibInternal.obj
 0002:00000540       ??_C@_0BA@IGIBFFPH@Already?5started?$AA@ 00000000000091a0     BasePrintLib:PrintLibInternal.obj
 0002:00000550       ??_C@_0M@DCJFAFHJ@Not?5started?$AA@ 00000000000091b0     BasePrintLib:PrintLibInternal.obj
 0002:00000560       ??_C@_08PAFJCNGP@Time?5out?$AA@ 00000000000091c0     BasePrintLib:PrintLibInternal.obj
 0002:00000570       ??_C@_0L@IFPBNFC@No?5mapping?$AA@ 00000000000091d0     BasePrintLib:PrintLibInternal.obj
 0002:00000580       ??_C@_0M@ENKCBFEP@No?5Response?$AA@ 00000000000091e0     BasePrintLib:PrintLibInternal.obj
 0002:00000590       ??_C@_0O@NFHOBIDO@Access?5Denied?$AA@ 00000000000091f0     BasePrintLib:PrintLibInternal.obj
 0002:000005a0       ??_C@_09CFCBFJND@Not?5Found?$AA@ 0000000000009200     BasePrintLib:PrintLibInternal.obj
 0002:000005b0       ??_C@_0O@JNCJKCCD@Media?5changed?$AA@ 0000000000009210     BasePrintLib:PrintLibInternal.obj
 0002:000005c0       ??_C@_08KEGAJDNN@No?5Media?$AA@ 0000000000009220     BasePrintLib:PrintLibInternal.obj
 0002:000005d0       ??_C@_0M@HDLEPOFA@Volume?5Full?$AA@ 0000000000009230     BasePrintLib:PrintLibInternal.obj
 0002:000005e0       ??_C@_0P@EIOJGIF@Volume?5Corrupt?$AA@ 0000000000009240     BasePrintLib:PrintLibInternal.obj
 0002:000005f0       ??_C@_0BB@GOILNEAA@Out?5of?5Resources?$AA@ 0000000000009250     BasePrintLib:PrintLibInternal.obj
 0002:00000608       ??_C@_0BA@LNEDDFNB@Write?5Protected?$AA@ 0000000000009268     BasePrintLib:PrintLibInternal.obj
 0002:00000618       ??_C@_0N@HHEABDHO@Device?5Error?$AA@ 0000000000009278     BasePrintLib:PrintLibInternal.obj
 0002:00000628       ??_C@_09NKFGCIPN@Not?5Ready?$AA@ 0000000000009288     BasePrintLib:PrintLibInternal.obj
 0002:00000638       ??_C@_0BB@EGELJFOB@Buffer?5Too?5Small?$AA@ 0000000000009298     BasePrintLib:PrintLibInternal.obj
 0002:00000650       ??_C@_0BA@FLNMPMCF@Bad?5Buffer?5Size?$AA@ 00000000000092b0     BasePrintLib:PrintLibInternal.obj
 0002:00000660       ??_C@_0M@BEECMOIL@Unsupported?$AA@ 00000000000092c0     BasePrintLib:PrintLibInternal.obj
 0002:00000670       ??_C@_0BC@HOFHKGJN@Invalid?5Parameter?$AA@ 00000000000092d0     BasePrintLib:PrintLibInternal.obj
 0002:00000688       ??_C@_0L@PLPBEPPC@Load?5Error?$AA@ 00000000000092e8     BasePrintLib:PrintLibInternal.obj
 0002:00000698       ??_C@_0BD@IFJNJCCO@Warning?5Stale?5Data?$AA@ 00000000000092f8     BasePrintLib:PrintLibInternal.obj
 0002:000006b0       ??_C@_0BJ@ODIPDGHB@Warning?5Buffer?5Too?5Small?$AA@ 0000000000009310     BasePrintLib:PrintLibInternal.obj
 0002:000006d0       ??_C@_0BG@ECIJMOED@Warning?5Write?5Failure?$AA@ 0000000000009330     BasePrintLib:PrintLibInternal.obj
 0002:000006e8       ??_C@_0BH@GKKCJEPJ@Warning?5Delete?5Failure?$AA@ 0000000000009348     BasePrintLib:PrintLibInternal.obj
 0002:00000700       ??_C@_0BG@CFJMNNJK@Warning?5Unknown?5Glyph?$AA@ 0000000000009360     BasePrintLib:PrintLibInternal.obj
 0002:00000718       ??_C@_07PBILKAFL@Success?$AA@ 0000000000009378     BasePrintLib:PrintLibInternal.obj
 0002:00000720       mHexStr                    0000000000009380     BasePrintLib:PrintLibInternal.obj
 0002:00000730       mStatusString              0000000000009390     BasePrintLib:PrintLibInternal.obj
 0002:00000868       ??_C@_0O@MLOLIMFM@?$DMnull?5string?$DO?$AA@ 00000000000094c8     BasePrintLib:PrintLibInternal.obj
 0002:00000878       ??_C@_0M@BJJDNPHK@?$DMnull?5guid?$DO?$AA@ 00000000000094d8     BasePrintLib:PrintLibInternal.obj
 0002:00000888       ??_C@_0DB@PMLHLBMO@?$CF08x?9?$CF04x?9?$CF04x?9?$CF02x?$CF02x?9?$CF02x?$CF02x@ 00000000000094e8     BasePrintLib:PrintLibInternal.obj
 0002:000008c0       ??_C@_0M@LHGBCIKM@?$DMnull?5time?$DO?$AA@ 0000000000009520     BasePrintLib:PrintLibInternal.obj
 0002:000008d0       ??_C@_0BK@FCPKCIDD@?$CF02d?1?$CF02d?1?$CF04d?5?5?$CF02d?3?$CF02d?$AA@ 0000000000009530     BasePrintLib:PrintLibInternal.obj
 0002:000008ec       ??_C@_04JIMNDDED@?$CF08X?$AA@ 000000000000954c     BasePrintLib:PrintLibInternal.obj
 0002:000008f4       ??_C@_02PCIJFNDE@?$AN?6?$AA@ 0000000000009554     BasePrintLib:PrintLibInternal.obj
 0002:000008f8       ??_C@_01LIIJDEN@?$AN?$AA@  0000000000009558     BasePrintLib:PrintLibInternal.obj
 0002:000008fc       ??_C@_15LHNHECKK@?$AA?$CF?$AAx?$AA?$AA@ 000000000000955c     DxeNetLib:DxeNetLib.obj
 0002:00000908       mDriverData                0000000000009568     DnsDxe:DnsDriver.obj
 0002:00000910       gImageHandle               0000000000009570     UefiBootServicesTableLib:UefiBootServicesTableLib.obj
 0002:00000918       gST                        0000000000009578     UefiBootServicesTableLib:UefiBootServicesTableLib.obj
 0002:00000920       gBS                        0000000000009580     UefiBootServicesTableLib:UefiBootServicesTableLib.obj
 0002:00000928       gRT                        0000000000009588     UefiRuntimeServicesTableLib:UefiRuntimeServicesTableLib.obj
 0002:00000938       gDnsControllerNameTable    0000000000009598     DnsDxe:ComponentName.obj
 0002:00000940       mDpc                       00000000000095a0     <common>

 entry point at        0001:00000008

 Static symbols

