 SmmLockBox

 Timestamp is 6448e7ed (Wed Apr 26 16:59:25 2023)

 Preferred load address is 0000000000000000

 Start         Length     Name                   Class
 0001:00000000 00000a32H .text                   CODE
 0002:00000000 00000060H .data                   DATA
 0002:00000060 00000004H .rdata                  DATA
 0002:00000070 00000140H .bss                    DATA
 0003:00000000 0000006cH .pdata                  DATA
 0004:00000000 00000068H .xdata                  DATA

  Address         Publics by Value              Rva+Base               Lib:Object

 0001:00000000       _ModuleEntryPoint          00000000000002a0 f   UefiDriverEntryPoint:DriverEntryPoint.obj
 0001:0000005c       ProcessLibraryConstructorList 00000000000002fc f   SmmLockBox:AutoGen.obj
 0001:00000130       ProcessModuleEntryPointList 00000000000003d0 f   SmmLockBox:AutoGen.obj
 0001:000001fc       SmmLockBoxUpdate           000000000000049c f   SmmLockBox:SmmLockBox.obj
 0001:000002fc       SmmLockBoxRestore          000000000000059c f   SmmLockBox:SmmLockBox.obj
 0001:000003d8       SmmLockBoxHandler          0000000000000678 f   SmmLockBox:SmmLockBox.obj
 0001:000005c4       SmmReadyToLockEventNotify  0000000000000864 f   SmmLockBox:SmmLockBox.obj
 0001:000005d0       InternalAssertJumpBuffer   0000000000000870 f   BaseLib:SetJump.obj
 0001:000005d4       InternalGetSmmLockBoxContext 0000000000000874 f   SmmLockBoxSmmLib:SmmLockBoxSmmLib.obj
 0001:00000628       InternalFindLockBoxByGuid  00000000000008c8 f   SmmLockBoxSmmLib:SmmLockBoxSmmLib.obj
 0001:00000670       SaveLockBox                0000000000000910 f   SmmLockBoxSmmLib:SmmLockBoxSmmLib.obj
 0001:000007e4       RestoreLockBox             0000000000000a84 f   SmmLockBoxSmmLib:SmmLockBoxSmmLib.obj
 0001:00000890       InternalMemCopyMem         0000000000000b30     BaseMemoryLibRepStr:CopyMem.obj
 0001:000008d0       SetJump                    0000000000000b70     BaseLib:SetJump.obj
 0001:00000960       InternalLongJump           0000000000000c00     BaseLib:LongJump.obj
 0001:000009e0       InternalMemSetMem          0000000000000c80     BaseMemoryLibRepStr:SetMem.obj
 0001:00000a00       InternalMemSetMem32        0000000000000ca0     BaseMemoryLibRepStr:SetMem32.obj
 0001:00000a20       InternalMemSetMem64        0000000000000cc0     BaseMemoryLibRepStr:SetMem64.obj
 0002:00000000       gEfiSmmLockBoxCommunicationGuid 0000000000000ce0     SmmLockBox:AutoGen.obj
 0002:00000010       gEfiSmmReadyToLockProtocolGuid 0000000000000cf0     SmmLockBox:AutoGen.obj
 0002:00000020       gEfiLockBoxProtocolGuid    0000000000000d00     SmmLockBox:AutoGen.obj
 0002:00000030       gEfiSmmBase2ProtocolGuid   0000000000000d10     SmmLockBox:AutoGen.obj
 0002:00000040       gAmiSmmBufferValidationProtocolGuid 0000000000000d20     SmmLockBox:AutoGen.obj
 0002:00000050       mLockBoxQueue              0000000000000d30     SmmLockBoxSmmLib:SmmLockBoxSmmLib.obj
 0002:00000060       _gUefiDriverRevision       0000000000000d40     SmmLockBox:AutoGen.obj
 0002:00000170       mLocked                    0000000000000e50     SmmLockBox:SmmLockBox.obj
 0002:00000171       mSmmConfigurationTableInstalled 0000000000000e51     SmmLockBoxSmmLib:SmmLockBoxSmmLib.obj
 0002:00000178       gImageHandle               0000000000000e58     UefiBootServicesTableLib:UefiBootServicesTableLib.obj
 0002:00000180       gST                        0000000000000e60     UefiBootServicesTableLib:UefiBootServicesTableLib.obj
 0002:00000188       gBS                        0000000000000e68     UefiBootServicesTableLib:UefiBootServicesTableLib.obj
 0002:00000190       gSmst                      0000000000000e70     SmmServicesTableLib:SmmServicesTableLib.obj
 0002:00000198       SmmAmiBufferValidationLibValidationProtocol 0000000000000e78     SmmAmiBufferValidationLib:SmmAmiBufferValidationLib.obj
 0002:000001a0       mSmmLockBoxContext         0000000000000e80     <common>

 entry point at        0001:00000000

 Static symbols

