 AMITSE

 Timestamp is 6448e828 (Wed Apr 26 17:00:24 2023)

 Preferred load address is 0000000000000000

 Start         Length     Name                   Class
 0001:00000000 000436b2H .text                   CODE
 0002:00000000 00003560H .data                   DATA
 0002:00003560 00001d82H .rdata                  DATA
 0002:00005300 000009e0H .bss                    DATA
 0003:00000000 00001f74H .pdata                  DATA
 0004:00000000 000016c0H .xdata                  DATA
 0005:00000000 00000060H .rsrc$01                DATA
 0005:00000060 000021b8H .rsrc$02                DATA

  Address         Publics by Value              Rva+Base               Lib:Object

 0000:00000000       __ImageBase                0000000000000000     <linker-defined>
 0001:00000000       _ModuleEntryPoint          00000000000002c0 f   UefiDriverEntryPoint:DriverEntryPoint.obj
 0001:00000064       GetBestLanguage            0000000000000324 f   UefiLib:UefiLib.obj
 0001:000001e0       MiniSetupApplication       00000000000004a0 f   Minisetup:minisetup.obj
 0001:000004b0       MiniSetupExit              0000000000000770 f   Minisetup:minisetup.obj
 0001:00000504       DoPopup                    00000000000007c4 f   Minisetup:minisetup.obj
 0001:000006d4       OverrideTitleString        0000000000000994 f   Minisetup:minisetup.obj
 0001:000007a8       InTseGopNotificiationFunciton 0000000000000a68 f   Minisetup:minisetup.obj
 0001:00000978       SearchHook                 0000000000000c38 f   Minisetup:HookAnchor.obj
 0001:000009f4       GenericHook                0000000000000cb4 f   Minisetup:HookAnchor.obj
 0001:00000a40       GenericHookType3           0000000000000d00 f   Minisetup:HookAnchor.obj
 0001:00000a40       GenericHookType5           0000000000000d00 f   Minisetup:HookAnchor.obj
 0001:00000ab0       GenericHookType4           0000000000000d70 f   Minisetup:HookAnchor.obj
 0001:00000b20       DrawQuietBootLogoHook      0000000000000de0 f   Minisetup:HookAnchor.obj
 0001:00000b34       ProcessConInAvailabilityHook 0000000000000df4 f   Minisetup:HookAnchor.obj
 0001:00000b94       ProcessEnterSetupHook      0000000000000e54 f   Minisetup:HookAnchor.obj
 0001:00000ba8       ProcessProceedToBootHook   0000000000000e68 f   Minisetup:HookAnchor.obj
 0001:00000bbc       MinisetupDriverEntryHookHook 0000000000000e7c f   Minisetup:HookAnchor.obj
 0001:00000bd0       PostManagerHandShakeHookHook 0000000000000e90 f   Minisetup:HookAnchor.obj
 0001:00000be4       MapControlKeysHook         0000000000000ea4 f   Minisetup:HookAnchor.obj
 0001:00000c9c       CheckForKeyHook            0000000000000f5c f   Minisetup:HookAnchor.obj
 0001:00000cb4       BeforeLegacyBootLaunchHook 0000000000000f74 f   Minisetup:HookAnchor.obj
 0001:00000cc8       AfterLegacyBootLaunchHook  0000000000000f88 f   Minisetup:HookAnchor.obj
 0001:00000cdc       BeforeEfiBootLaunchHook    0000000000000f9c f   Minisetup:HookAnchor.obj
 0001:00000cf0       AfterEfiBootLaunchHook     0000000000000fb0 f   Minisetup:HookAnchor.obj
 0001:00000d04       SavedConfigChangesHook     0000000000000fc4 f   Minisetup:HookAnchor.obj
 0001:00000d18       LoadedConfigDefaultsHook   0000000000000fd8 f   Minisetup:HookAnchor.obj
 0001:00000d2c       TimeOutLoopHookHook        0000000000000fec f   Minisetup:HookAnchor.obj
 0001:00000d40       OemKey1HookHook            0000000000001000 f   Minisetup:HookAnchor.obj
 0001:00000d54       OemKey2HookHook            0000000000001014 f   Minisetup:HookAnchor.obj
 0001:00000d68       OemKey3HookHook            0000000000001028 f   Minisetup:HookAnchor.obj
 0001:00000d7c       OemKey4HookHook            000000000000103c f   Minisetup:HookAnchor.obj
 0001:00000d90       PasswordEncodeHook         0000000000001050 f   Minisetup:HookAnchor.obj
 0001:00000da8       SetControlColorsHook       0000000000001068 f   Minisetup:HookAnchor.obj
 0001:00000f94       InvalidActionHookHook      0000000000001254 f   Minisetup:HookAnchor.obj
 0001:00000fa8       LoadedUserDefaultsHook     0000000000001268 f   Minisetup:HookAnchor.obj
 0001:00000fbc       LoadedBuildDefaultsHook    000000000000127c f   Minisetup:HookAnchor.obj
 0001:00000fd0       LoadedPreviousValuesHook   0000000000001290 f   Minisetup:HookAnchor.obj
 0001:00000fe4       SetupConfigModifiedHook    00000000000012a4 f   Minisetup:HookAnchor.obj
 0001:00000ff8       DrawPopupMenuHook          00000000000012b8 f   Minisetup:HookAnchor.obj
 0001:0000100c       BbsBootHook                00000000000012cc f   Minisetup:HookAnchor.obj
 0001:00001020       LoadSetupDefaultsHook      00000000000012e0 f   Minisetup:HookAnchor.obj
 0001:00001038       PreSystemResetHookHook     00000000000012f8 f   Minisetup:HookAnchor.obj
 0001:0000104c       MapControlMouseActionHook  000000000000130c f   Minisetup:HookAnchor.obj
 0001:000010c0       ProcessProceedToBootNowHook 0000000000001380 f   Minisetup:HookAnchor.obj
 0001:000010d4       ProcessConOutAvailableHook 0000000000001394 f   Minisetup:HookAnchor.obj
 0001:000010e8       ProcessUIInitHookHook      00000000000013a8 f   Minisetup:HookAnchor.obj
 0001:000010fc       AfterInitPostScreenHook    00000000000013bc f   Minisetup:HookAnchor.obj
 0001:00001110       CheckForClickHook          00000000000013d0 f   Minisetup:HookAnchor.obj
 0001:00001128       SwitchToPostScreenHook     00000000000013e8 f   Minisetup:HookAnchor.obj
 0001:0000113c       SetupEntryHook             00000000000013fc f   Minisetup:HookAnchor.obj
 0001:00001194       BootFlowExitHookHook       0000000000001454 f   Minisetup:HookAnchor.obj
 0001:000011fc       ClearScreenWithoutFlush    00000000000014bc f   Minisetup:screen.obj
 0001:00001250       ClearLinesWithoutFlush     0000000000001510 f   Minisetup:screen.obj
 0001:000012d0       ClearScreen                0000000000001590 f   Minisetup:screen.obj
 0001:00001374       SaveScreen                 0000000000001634 f   Minisetup:screen.obj
 0001:000013bc       RestoreScreen              000000000000167c f   Minisetup:screen.obj
 0001:000014b4       SaveGraphicsScreen         0000000000001774 f   Minisetup:screen.obj
 0001:00001568       RestoreGraphicsScreen      0000000000001828 f   Minisetup:screen.obj
 0001:000015dc       InitializeScreenBuffer     000000000000189c f   Minisetup:buffer.obj
 0001:00001658       SlowFlushLines             0000000000001918 f   Minisetup:buffer.obj
 0001:00001730       DoRealFlushLines           00000000000019f0 f   Minisetup:buffer.obj
 0001:00001d74       SetDesiredTextMode         0000000000002034 f   Minisetup:buffer.obj
 0001:00001e70       atoi_base                  0000000000002130 f   Minisetup:string.obj
 0001:00001f74       StrZeroPad                 0000000000002234 f   Minisetup:string.obj
 0001:00001fac       StrDup                     000000000000226c f   Minisetup:string.obj
 0001:0000200c       DrawPostStringWithAttribute 00000000000022cc f   Minisetup:string.obj
 0001:000021bc       DrawStringWithAttribute    000000000000247c f   Minisetup:string.obj
 0001:00002314       DrawStringJustifiedWithAttribute 00000000000025d4 f   Minisetup:string.obj
 0001:000023f8       WriteCharWithAttribute     00000000000026b8 f   Minisetup:string.obj
 0001:0000243c       StringWrapText             00000000000026fc f   Minisetup:string.obj
 0001:00002720       ScrollPostScreenLine       00000000000029e0 f   Minisetup:string.obj
 0001:00002804       PrintPostMessage           0000000000002ac4 f   Minisetup:string.obj
 0001:0000295c       PreservePostMessages       0000000000002c1c f   Minisetup:string.obj
 0001:00002a5c       DisplayActivePostMsgs      0000000000002d1c f   Minisetup:string.obj
 0001:00002c18       StrDup8                    0000000000002ed8 f   Minisetup:string.obj
 0001:00002c64       StrDup8to16                0000000000002f24 f   Minisetup:string.obj
 0001:00002cc4       StrDup16to8                0000000000002f84 f   Minisetup:string.obj
 0001:00002d20       EfiAppendDevicePath        0000000000002fe0 f   Minisetup:EDKhelper.obj
 0001:00002dc0       EfiStrCat                  0000000000003080 f   Minisetup:EDKhelper.obj
 0001:00002df8       EfiStrnCmp                 00000000000030b8 f   Minisetup:EDKhelper.obj
 0001:00002e30       EfiFileDevicePath          00000000000030f0 f   Minisetup:EDKhelper.obj
 0001:00002f38       EfiLibNamedEventSignal     00000000000031f8 f   Minisetup:EDKhelper.obj
 0001:00002f84       HexStringToBuf             0000000000003244 f   Minisetup:EDKhelper.obj
 0001:0000308c       NameValueHexStringToBuf    000000000000334c f   Minisetup:EDKhelper.obj
 0001:000031b0       BufToHexString             0000000000003470 f   Minisetup:EDKhelper.obj
 0001:00003224       NameValueBufToHexString    00000000000034e4 f   Minisetup:EDKhelper.obj
 0001:00003418       UnicodeToConfigString      00000000000036d8 f   Minisetup:EDKhelper.obj
 0001:000034f4       BufferToHexString          00000000000037b4 f   Minisetup:EDKhelper.obj
 0001:000035f0       EfiStrStr                  00000000000038b0 f   Minisetup:EDKhelper.obj
 0001:00003630       _DrvHealthNotifyFunction   00000000000038f0 f   Minisetup:notify.obj
 0001:00003638       _UpdateGoPNotifyFunction   00000000000038f8 f   Minisetup:notify.obj
 0001:0000366c       RegisterNotification       000000000000392c f   Minisetup:notify.obj
 0001:00003804       NotificationFunction       0000000000003ac4 f   Minisetup:notify.obj
 0001:00003980       ActivateApplication        0000000000003c40 f   Minisetup:notify.obj
 0001:00003dac       ActivateInput              000000000000406c f   Minisetup:notify.obj
 0001:00003e28       UpdateGoPUgaDraw           00000000000040e8 f   Minisetup:notify.obj
 0001:00003ef0       VarGetNvramName            00000000000041b0 f   Minisetup:variable.obj
 0001:00003fb4       ClearGrphxScreen           0000000000004274 f   Minisetup:minisetupext.obj
 0001:00004014       DrawBootOnlyBbsPopupMenu   00000000000042d4 f   Minisetup:minisetupext.obj
 0001:00004394       BbsBoot                    0000000000004654 f   Minisetup:minisetupext.obj
 0001:00004400       BbsStrnCpy                 00000000000046c0 f   Minisetup:minisetupext.obj
 0001:0000446c       CheckStrings               000000000000472c f   Minisetup:minisetupext.obj
 0001:00004584       SetScrollPosition          0000000000004844 f   Minisetup:minisetupext.obj
 0001:00004684       UpDisplayList              0000000000004944 f   Minisetup:minisetupext.obj
 0001:00004830       DownDisplayList            0000000000004af0 f   Minisetup:minisetupext.obj
 0001:000049d4       HighLightLine              0000000000004c94 f   Minisetup:minisetupext.obj
 0001:00004b70       SavePostScreen             0000000000004e30 f   Minisetup:minisetupext.obj
 0001:00004c18       RestorePostScreen          0000000000004ed8 f   Minisetup:minisetupext.obj
 0001:00004d5c       RestorePasswordScreen      000000000000501c f   Minisetup:minisetupext.obj
 0001:00004e58       InitPostScreen             0000000000005118 f   Minisetup:postmgmt.obj
 0001:000050dc       InstallKeyHandlers         000000000000539c f   Minisetup:postmgmt.obj
 0001:00005134       InstallClickHandlers       00000000000053f4 f   Minisetup:postmgmt.obj
 0001:0000518c       FormBGRTTable              000000000000544c f   Minisetup:postmgmt.obj
 0001:00005310       AddImageDetailToACPI       00000000000055d0 f   Minisetup:postmgmt.obj
 0001:0000540c       MemFreePointer             00000000000056cc f   Minisetup:mem.obj
 0001:00005438       StringZeroFreeMemory       00000000000056f8 f   Minisetup:mem.obj
 0001:0000548c       MemReallocateZeroPool      000000000000574c f   Minisetup:mem.obj
 0001:00005504       InstallProtocol            00000000000057c4 f   Minisetup:protocol.obj
 0001:000055d0       SetBootTimeout             0000000000005890 f   Minisetup:protocol.obj
 0001:000055dc       AboartFastBootPath         000000000000589c f   Minisetup:protocol.obj
 0001:00005624       PostManagerHandshake       00000000000058e4 f   Minisetup:protocol.obj
 0001:00005f48       PostManagerDisplayPostMessage 0000000000006208 f   Minisetup:protocol.obj
 0001:00005f88       PostManagerDisplayPostMessageEx 0000000000006248 f   Minisetup:protocol.obj
 0001:00005fd0       PostManagerSwitchToPostScreen 0000000000006290 f   Minisetup:protocol.obj
 0001:00006068       PostManagerInitProgressBar 0000000000006328 f   Minisetup:protocol.obj
 0001:000061a4       PostManagerSetProgressBarPosition 0000000000006464 f   Minisetup:protocol.obj
 0001:000061cc       PostManagerSetCursorPosition 000000000000648c f   Minisetup:protocol.obj
 0001:000061fc       PostManagerGetCursorPosition 00000000000064bc f   Minisetup:protocol.obj
 0001:00006248       PostManagerDisplayMsgBox   0000000000006508 f   Minisetup:protocol.obj
 0001:000063a0       PostManagerDisplayQuietBootMessage 0000000000006660 f   Minisetup:protocol.obj
 0001:00006524       PostManagerGetPostStatus   00000000000067e4 f   Minisetup:protocol.obj
 0001:00006550       PostManagerDisplayInfoBox  0000000000006810 f   Minisetup:protocol.obj
 0001:0000660c       PostManagerSetAttribute    00000000000068cc f   Minisetup:protocol.obj
 0001:00006618       PostManagerGetAttribute    00000000000068d8 f   Minisetup:protocol.obj
 0001:00006624       PostManagerDisplayMsgBoxEx 00000000000068e4 f   Minisetup:protocol.obj
 0001:00006740       PostManagerDisplayProgress 0000000000006a00 f   Minisetup:protocol.obj
 0001:00006818       PostManagerDisplayMenu     0000000000006ad8 f   Minisetup:protocol.obj
 0001:00006904       PostManagerDisplayTextBox  0000000000006bc4 f   Minisetup:protocol.obj
 0001:00006a4c       StopClickEvent             0000000000006d0c f   Minisetup:protocol.obj
 0001:00006a7c       InvalidateBgrtStatusByProtocol 0000000000006d3c f   Minisetup:protocol.obj
 0001:00006a8c       ScreenMgmtSaveTseScreen    0000000000006d4c f   Minisetup:protocol.obj
 0001:00006aec       ScreenMgmtRestoreTseScreen 0000000000006dac f   Minisetup:protocol.obj
 0001:00006b6c       ScreenMgmtClearScreen      0000000000006e2c f   Minisetup:protocol.obj
 0001:00006b90       CleanUpLogo                0000000000006e50 f   Minisetup:logo.obj
 0001:00006bb8       SetScreenResolution        0000000000006e78 f   Minisetup:logo.obj
 0001:00006c3c       GOPSetScreenResolution     0000000000006efc f   Minisetup:logo.obj
 0001:00006d28       GetScreenResolution        0000000000006fe8 f   Minisetup:logo.obj
 0001:00006d58       DrawImage                  0000000000007018 f   Minisetup:logo.obj
 0001:00006eb8       DrawBltProgressBar         0000000000007178 f   Minisetup:logo.obj
 0001:00006fc4       DrawBlock                  0000000000007284 f   Minisetup:logo.obj
 0001:00007014       DrawBltBuffer              00000000000072d4 f   Minisetup:logo.obj
 0001:000073dc       ConvertBlt2Bmp             000000000000769c f   Minisetup:logo.obj
 0001:000075f4       SetGetBgrtCoordinates      00000000000078b4 f   Minisetup:logo.obj
 0001:000076d0       SetGraphicsResolution      0000000000007990 f   Minisetup:logo.obj
 0001:00007774       HiiFindStrPrintBoundary    0000000000007a34 f   Minisetup:hiistring.obj
 0001:00007824       IsCharWide                 0000000000007ae4 f   Minisetup:hiistring.obj
 0001:00007864       HiiAddString               0000000000007b24 f   Minisetup:hiistring.obj
 0001:00007948       FvReadResources            0000000000007c08 f   Minisetup:Resources.obj
 0001:00007ab0       BootGetBootOptions         0000000000007d70 f   Minisetup:boot.obj
 0001:00008390       BootLaunchBootOption       0000000000008650 f   Minisetup:boot.obj
 0001:0000847c       BootGetBootData            000000000000873c f   Minisetup:boot.obj
 0001:000084b4       DriverGetDriverData        0000000000008774 f   Minisetup:boot.obj
 0001:000084ec       BootGetOptionName          00000000000087ac f   Minisetup:boot.obj
 0001:00008514       BootGetBootNowName         00000000000087d4 f   Minisetup:boot.obj
 0001:00008734       GetPlatformBootLanguages   00000000000089f4 f   Minisetup:boot.obj
 0001:000089ec       BootLaunchBootNow          0000000000008cac f   Minisetup:boot.obj
 0001:00008c8c       BootLaunchGuid             0000000000008f4c f   Minisetup:boot.obj
 0001:00008e0c       BootLaunchFilename         00000000000090cc f   Minisetup:boot.obj
 0001:00008e78       FixHiddenOptions           0000000000009138 f   Minisetup:boot.obj
 0001:00008f3c       _BootSetBootManagerVariables 00000000000091fc f   Minisetup:boot.obj
 0001:00009190       _SetDriverManagerVariables 0000000000009450 f   Minisetup:boot.obj
 0001:00009498       _BootSetBootNowCount       0000000000009758 f   Minisetup:boot.obj
 0001:000094e0       _ShellClearScreen          00000000000097a0 f   Minisetup:boot.obj
 0001:0000958c       _RegisterShellGuid         000000000000984c f   Minisetup:boot.obj
 0001:000096bc       _BootLaunchDevicePath      000000000000997c f   Minisetup:boot.obj
 0001:0000a084       _DiscoverPartition         000000000000a344 f   Minisetup:boot.obj
 0001:0000a1e8       _BootBuildFileDevicePath   000000000000a4a8 f   Minisetup:boot.obj
 0001:0000a2a4       IsBootDeviceEnabled        000000000000a564 f   Minisetup:boot.obj
 0001:0000a500       BootGetOptionStatus        000000000000a7c0 f   Minisetup:boot.obj
 0001:0000a598       BootGetBBSOptionStatus     000000000000a858 f   Minisetup:boot.obj
 0001:0000a768       CheckDevSupShortFormPath   000000000000aa28 f   Minisetup:boot.obj
 0001:0000ac80       GetFileNameFromDevPath     000000000000af40 f   Minisetup:boot.obj
 0001:0000ad68       RecoveryGetRecoveryData    000000000000b028 f   Minisetup:boot.obj
 0001:0000ade4       TSEIsBootOptionValid       000000000000b0a4 f   Minisetup:boot.obj
 0001:0000aeb4       IsURIDevicePath            000000000000b174 f   Minisetup:boot.obj
 0001:0000af08       EfiHTTPSGetFullDevicePath  000000000000b1c8 f   Minisetup:boot.obj
 0001:0000b0f0       IsMediaFileDevicePath      000000000000b3b0 f   Minisetup:boot.obj
 0001:0000b144       DrawBorder                 000000000000b404 f   Minisetup:box.obj
 0001:0000b268       DrawWindow                 000000000000b528 f   Minisetup:box.obj
 0001:0000b2ec       DrawBox                    000000000000b5ac f   Minisetup:box.obj
 0001:0000b480       TimerCreateTimer           000000000000b740 f   Minisetup:timer.obj
 0001:0000b4f4       TimerStopTimer             000000000000b7b4 f   Minisetup:timer.obj
 0001:0000b520       _BBSInitProtocol           000000000000b7e0 f   Minisetup:bbs.obj
 0001:0000b570       MatchDevicePath            000000000000b830 f   Minisetup:bbs.obj
 0001:0000b6a4       RearrangeBBSOrder          000000000000b964 f   Minisetup:bbs.obj
 0001:0000b970       BBSGetDeviceList           000000000000bc30 f   Minisetup:bbs.obj
 0001:0000be64       BBSSetBootPriorities_BootOrder 000000000000c124 f   Minisetup:bbs.obj
 0001:0000c0b0       BBSSetBootPriorities       000000000000c370 f   Minisetup:bbs.obj
 0001:0000c264       _BBSSetDevicePriorities    000000000000c524 f   Minisetup:bbs.obj
 0001:0000c3ec       BBSSetBootNowPriority      000000000000c6ac f   Minisetup:bbs.obj
 0001:0000c5e8       _CreateDriveString         000000000000c8a8 f   Minisetup:bbs.obj
 0001:0000c6d4       _BBSCheckDisabled          000000000000c994 f   Minisetup:bbs.obj
 0001:0000c7f4       UpdatePlatformRecoveryLegacyData 000000000000cab4 f   Minisetup:bbs.obj
 0001:0000cadc       PasswordEncode             000000000000cd9c f   PasswordEncode:PasswordEncode.obj
 0001:0000cb98       MiniSetupEntry             000000000000ce58 f   TseLite:minisetupext.obj
 0001:0000cc90       MainSetupLoop              000000000000cf50 f   TseLite:minisetupext.obj
 0001:0000d2e8       DrawBbsPopupMenu           000000000000d5a8 f   TseLite:minisetupext.obj
 0001:0000d53c       InitGlobalPointers         000000000000d7fc f   TseLite:minisetupext.obj
 0001:0000d60c       _PostMenuUpdate            000000000000d8cc f   TseLite:minisetupext.obj
 0001:0000d7b0       _ProcessPostMenuChange     000000000000da70 f   TseLite:minisetupext.obj
 0001:0000d978       _PostMenuCallback          000000000000dc38 f   TseLite:minisetupext.obj
 0001:0000da24       ShowPostMenu               000000000000dce4 f   TseLite:minisetupext.obj
 0001:0000e108       _LoadPageDefaults          000000000000e3c8 f   TseLite:minisetupext.obj
 0001:0000e390       UIUpdateCallback           000000000000e650 f   TseLite:minisetupext.obj
 0001:0000e8fc       GetUpdatedControlData      000000000000ebbc f   TseLite:minisetupext.obj
 0001:0000e988       IsActiveControlPresent     000000000000ec48 f   TseLite:minisetupext.obj
 0001:0000e9e4       GetParentFormID            000000000000eca4 f   TseLite:minisetupext.obj
 0001:0000eaf4       SetParentFormID            000000000000edb4 f   TseLite:minisetupext.obj
 0001:0000ed10       _CompleteRedrawNotificationFunction 000000000000efd0 f   TseLite:minisetupext.obj
 0001:0000ed28       GetNvramVariableList       000000000000efe8 f   TseLite:variable.obj
 0001:0000eeac       CleanTempNvramVariableList 000000000000f16c f   TseLite:variable.obj
 0001:0000ef10       CleanNvramVariableList     000000000000f1d0 f   TseLite:variable.obj
 0001:0000ef64       VarLoadVariables           000000000000f224 f   TseLite:variable.obj
 0001:0000f19c       VarBuildDefaults           000000000000f45c f   TseLite:variable.obj
 0001:0000f458       VarGetNvram                000000000000f718 f   TseLite:variable.obj
 0001:0000f54c       VarSetNvram                000000000000f80c f   TseLite:variable.obj
 0001:0000f5e0       _VarGetData                000000000000f8a0 f   TseLite:variable.obj
 0001:0000f6c8       VarSetValue                000000000000f988 f   TseLite:variable.obj
 0001:0000f94c       _VarGetSetValue            000000000000fc0c f   TseLite:variable.obj
 0001:0000fab0       _VarUpdate                 000000000000fd70 f   TseLite:variable.obj
 0001:0000faf4       VarUpdateVariable          000000000000fdb4 f   TseLite:variable.obj
 0001:0000fb3c       VarGetVariable             000000000000fdfc f   TseLite:variable.obj
 0001:0000fbc8       BBSReOrderDefultLegacyDevOrder 000000000000fe88 f   TseLite:variable.obj
 0001:0000fce8       HelperGetVariable          000000000000ffa8 f   TseLite:variable.obj
 0001:0000fd1c       MiniSetupUIExit            000000000000ffdc f   TseLite:tselitecommon.obj
 0001:0000ff20       _GetPageInfo               00000000000101e0 f   TseLite:tselitecommon.obj
 0001:0000ff60       IsPageModal                0000000000010220 f   TseLite:tselitecommon.obj
 0001:0000ffb0       LoadPreviousValues         0000000000010270 f   TseLite:callback.obj
 0001:00010130       _LoadDefaults              00000000000103f0 f   TseLite:callback.obj
 0001:00010528       SaveAndReset               00000000000107e8 f   TseLite:callback.obj
 0001:00010558       _SaveValues                0000000000010818 f   TseLite:callback.obj
 0001:00010c34       SaveBBSOrder               0000000000010ef4 f   TseLite:callback.obj
 0001:0001113c       ExitApplication            00000000000113fc f   TseLite:callback.obj
 0001:00011184       FrameCreate                0000000000011444 f   TseLite:frame.obj
 0001:000111ec       FrameDestroy               00000000000114ac f   TseLite:frame.obj
 0001:0001128c       FrameInitialize            000000000001154c f   TseLite:frame.obj
 0001:0001130c       FrameDraw                  00000000000115cc f   TseLite:frame.obj
 0001:000119d0       CheckKeyinHotKeysList      0000000000011c90 f   TseLite:frame.obj
 0001:00011a6c       FrameHandleAction          0000000000011d2c f   TseLite:frame.obj
 0001:00011cd8       FrameAddControl            0000000000011f98 f   TseLite:frame.obj
 0001:00011f4c       _FrameScroll               000000000001220c f   TseLite:frame.obj
 0001:000121c8       _FrameSubmenuCallback      0000000000012488 f   TseLite:frame.obj
 0001:00012280       _FrameMenuCallback         0000000000012540 f   TseLite:frame.obj
 0001:000122f0       _FrameVariableCallback     00000000000125b0 f   TseLite:frame.obj
 0001:000123dc       _FramePasswordCallback     000000000001269c f   TseLite:frame.obj
 0001:00012490       _FrameSetControlFocus      0000000000012750 f   TseLite:frame.obj
 0001:00012520       _FrameAddControls          00000000000127e0 f   TseLite:frame.obj
 0001:000126c4       _FrameAddTitle             0000000000012984 f   TseLite:frame.obj
 0001:00012850       _PreviousFrame             0000000000012b10 f   TseLite:frame.obj
 0001:000128bc       _NextFrame                 0000000000012b7c f   TseLite:frame.obj
 0001:0001293c       PageCreate                 0000000000012bfc f   TseLite:page.obj
 0001:000129a4       PageDestroy                0000000000012c64 f   TseLite:page.obj
 0001:00012a50       PageInitialize             0000000000012d10 f   TseLite:page.obj
 0001:00012b34       PageDraw                   0000000000012df4 f   TseLite:page.obj
 0001:00012c98       PageHandleAction           0000000000012f58 f   TseLite:page.obj
 0001:00012f40       _PageUpdateMemo            0000000000013200 f   TseLite:page.obj
 0001:00012fa4       _PageUpdateHelp            0000000000013264 f   TseLite:page.obj
 0001:00013028       HotclickESCaction          00000000000132e8 f   TseLite:page.obj
 0001:0001314c       GetFocusItemCount          000000000001340c f   TseLite:ListBox.obj
 0001:00013194       ListBoxCreate              0000000000013454 f   TseLite:ListBox.obj
 0001:000131e4       ListBoxDestroy             00000000000134a4 f   TseLite:ListBox.obj
 0001:00013274       SetListBoxString           0000000000013534 f   TseLite:ListBox.obj
 0001:00013350       GetLineCount               0000000000013610 f   TseLite:ListBox.obj
 0001:00013410       SetListBoxCommonFields     00000000000136d0 f   TseLite:ListBox.obj
 0001:000134f4       ListBoxInitialize          00000000000137b4 f   TseLite:ListBox.obj
 0001:00013608       ListBoxInitializeBBSPopup  00000000000138c8 f   TseLite:ListBox.obj
 0001:000137d0       ListBoxDraw                0000000000013a90 f   TseLite:ListBox.obj
 0001:00013e58       ListBoxHandleAction        0000000000014118 f   TseLite:ListBox.obj
 0001:0001435c       MsgBoxSetFocus             000000000001461c f   TseLite:MessageBox.obj
 0001:0001435c       ListBoxSetFocus            000000000001461c f   TseLite:ListBox.obj
 0001:0001435c       PopupEditSetFocus          000000000001461c f   TseLite:PopupEdit.obj
 0001:00014364       TSEMouseListBoxScrollBarMove 0000000000014624 f   TseLite:ListBox.obj
 0001:00014400       ApplicationCreate          00000000000146c0 f   TseLite:application.obj
 0001:00014470       ApplicationDestroy         0000000000014730 f   TseLite:application.obj
 0001:00014588       ApplicationInitialize      0000000000014848 f   TseLite:application.obj
 0001:00014748       ApplicationHandleAction    0000000000014a08 f   TseLite:application.obj
 0001:000148b8       ApplicationAddPage         0000000000014b78 f   TseLite:application.obj
 0001:0001496c       ActionCreate               0000000000014c2c f   TseLite:Action.obj
 0001:000149e0       ActionDestroy              0000000000014ca0 f   TseLite:Action.obj
 0001:00014a0c       ActionGetAction            0000000000014ccc f   TseLite:Action.obj
 0001:00014ab0       ActionClearAction          0000000000014d70 f   TseLite:Action.obj
 0001:00014acc       _ActionTimer               0000000000014d8c f   TseLite:Action.obj
 0001:00014ad0       MsgBoxCreate               0000000000014d90 f   TseLite:MessageBox.obj
 0001:00014b40       MsgBoxDestroy              0000000000014e00 f   TseLite:MessageBox.obj
 0001:00014c4c       MsgBoxInitialize           0000000000014f0c f   TseLite:MessageBox.obj
 0001:00014f5c       _MsgBoxOptSize             000000000001521c f   TseLite:MessageBox.obj
 0001:00014fc4       _MsgBoxDrawOpts            0000000000015284 f   TseLite:MessageBox.obj
 0001:000156e0       MsgBoxDraw                 00000000000159a0 f   TseLite:MessageBox.obj
 0001:000158b0       MsgBoxHandleAction         0000000000015b70 f   TseLite:MessageBox.obj
 0001:00015a54       MsgBoxSetType              0000000000015d14 f   TseLite:MessageBox.obj
 0001:00015a68       CallbackShowMessageBox     0000000000015d28 f   TseLite:MessageBox.obj
 0001:00015b10       _CallbackMsgbox            0000000000015dd0 f   TseLite:MessageBox.obj
 0001:00015b28       _CallbackGetValue          0000000000015de8 f   TseLite:MessageBox.obj
 0001:00015be8       MemoCreate                 0000000000015ea8 f   TseLite:memo.obj
 0001:00015c38       MemoDestroy                0000000000015ef8 f   TseLite:memo.obj
 0001:00015c80       MemoInitialize             0000000000015f40 f   TseLite:memo.obj
 0001:00015d30       MemoDraw                   0000000000015ff0 f   TseLite:memo.obj
 0001:0001614c       MemoHandleAction           000000000001640c f   TseLite:memo.obj
 0001:00016218       MemoSetDimensions          00000000000164d8 f   TseLite:memo.obj
 0001:00016284       MemoSetJustify             0000000000016544 f   TseLite:memo.obj
 0001:0001629c       MemoGetControlHeight       000000000001655c f   TseLite:memo.obj
 0001:00016374       ObjectCreate               0000000000016634 f   TseLite:object.obj
 0001:000163b4       ObjectDestroy              0000000000016674 f   TseLite:object.obj
 0001:000163d4       ObjectSetCallback          0000000000016694 f   TseLite:object.obj
 0001:000163e4       _MSGToStr                  00000000000166a4 f   TseLite:AddBootOption.obj
 0001:0001688c       _MEDIAToStr                0000000000016b4c f   TseLite:AddBootOption.obj
 0001:00016b84       _DevicePathToStr           0000000000016e44 f   TseLite:AddBootOption.obj
 0001:00016da4       HotKeyCreate               0000000000017064 f   TseLite:hotkey.obj
 0001:00016e0c       HotKeyInitialize           00000000000170cc f   TseLite:hotkey.obj
 0001:00016e50       HotKeyHandleAction         0000000000017110 f   TseLite:hotkey.obj
 0001:00016ef4       HotClickSetCallback        00000000000171b4 f   TseLite:hotclick.obj
 0001:00016ef4       PageSetCallback            00000000000171b4 f   TseLite:page.obj
 0001:00016ef4       HotKeySetCallback          00000000000171b4 f   TseLite:hotkey.obj
 0001:00016ef4       ControlSetCallback         00000000000171b4 f   TseLite:control.obj
 0001:00016ef4       ApplicationSetCallback     00000000000171b4 f   TseLite:application.obj
 0001:00016ef4       FrameSetCallback           00000000000171b4 f   TseLite:frame.obj
 0001:00016efc       PopupCreate                00000000000171bc f   TseLite:popup.obj
 0001:00016f4c       PopupDestroy               000000000001720c f   TseLite:popup.obj
 0001:00016fb8       PopupInitialize            0000000000017278 f   TseLite:popup.obj
 0001:00016fdc       PopupDrawString            000000000001729c f   TseLite:popup.obj
 0001:00017120       PopupDraw                  00000000000173e0 f   TseLite:popup.obj
 0001:00017410       HotKeyEmptyMethod          00000000000176d0 f   TseLite:hotkey.obj
 0001:00017410       HotClickEmptyMethod        00000000000176d0 f   TseLite:hotclick.obj
 0001:00017410       PopupSetFocus              00000000000176d0 f   TseLite:popup.obj
 0001:00017410       OemKey3Hook                00000000000176d0 f   AMITSE:commonoem.obj
 0001:00017410       OemKey4Hook                00000000000176d0 f   AMITSE:commonoem.obj
 0001:00017410       ControlEmptyMethod         00000000000176d0 f   TseLite:control.obj
 0001:00017410       ApplicationEmptyMethod     00000000000176d0 f   TseLite:application.obj
 0001:00017410       OemKey2Hook                00000000000176d0 f   AMITSE:commonoem.obj
 0001:00017410       OemKey1Hook                00000000000176d0 f   AMITSE:commonoem.obj
 0001:00017410       ObjectInitialize           00000000000176d0 f   TseLite:object.obj
 0001:00017410       _PostEditCallback          00000000000176d0 f   TseAdvanced:TseAdvanced.obj
 0001:00017410       ObjectDraw                 00000000000176d0 f   TseLite:object.obj
 0001:00017414       ControlCreate              00000000000176d4 f   TseLite:control.obj
 0001:00017464       ControlDestroy             0000000000017724 f   TseLite:control.obj
 0001:00017494       ControlInitialize          0000000000017754 f   TseLite:control.obj
 0001:0001750c       ControlSetPosition         00000000000177cc f   TseLite:control.obj
 0001:00017518       ControlSetDimensions       00000000000177d8 f   TseLite:control.obj
 0001:00017524       ControlSetAttributes       00000000000177e4 f   TseLite:control.obj
 0001:00017538       HotClickCreate             00000000000177f8 f   TseLite:hotclick.obj
 0001:000175a0       HotClickDestroy            0000000000017860 f   TseLite:hotclick.obj
 0001:000175a0       HotKeyDestroy              0000000000017860 f   TseLite:hotkey.obj
 0001:000175cc       HotClickInitialize         000000000001788c f   TseLite:hotclick.obj
 0001:000175ec       HotClickHandleAction       00000000000178ac f   TseLite:hotclick.obj
 0001:00017684       UefiGetHelpField           0000000000017944 f   Uefi21:uefi21wapper.obj
 0001:000176d8       UefiGetPromptField         0000000000017998 f   Uefi21:uefi21wapper.obj
 0001:00017728       UefiGetFlagsField          00000000000179e8 f   Uefi21:uefi21wapper.obj
 0001:0001774c       UefiSetHelpField           0000000000017a0c f   Uefi21:uefi21wapper.obj
 0001:00017794       UefiGetMinValue            0000000000017a54 f   Uefi21:uefi21wapper.obj
 0001:000177e0       UefiGetMaxValue            0000000000017aa0 f   Uefi21:uefi21wapper.obj
 0001:0001782c       UefiGetWidth               0000000000017aec f   Uefi21:uefi21wapper.obj
 0001:00017898       UefiGetQuestionOffset      0000000000017b58 f   Uefi21:uefi21wapper.obj
 0001:00017964       UefiGetOneOfOptions        0000000000017c24 f   Uefi21:uefi21wapper.obj
 0001:00017ac0       _UefiGetValidOptions       0000000000017d80 f   Uefi21:uefi21wapper.obj
 0001:00017cec       UefiGetValidOptionType     0000000000017fac f   Uefi21:uefi21wapper.obj
 0001:00017e30       UefiTseLiteGetAmiCallbackIndex 00000000000180f0 f   Uefi21:uefi21wapper.obj
 0001:00017ea4       UefiVarGetNvram            0000000000018164 f   Uefi21:uefi21wapper.obj
 0001:00018228       UefiVarSetNvram            00000000000184e8 f   Uefi21:uefi21wapper.obj
 0001:00018584       _ConstructConfigHdr        0000000000018844 f   Uefi21:uefi21wapper.obj
 0001:000186e8       GetConfigHeader            00000000000189a8 f   Uefi21:uefi21wapper.obj
 0001:00018810       GetBlockName               0000000000018ad0 f   Uefi21:uefi21wapper.obj
 0001:0001894c       _VerifyResponseString      0000000000018c0c f   Uefi21:uefi21wapper.obj
 0001:00018a94       GetHexStringAsBuffer       0000000000018d54 f   Uefi21:uefi21wapper.obj
 0001:00018b20       NameValueGetHexStringAsBuffer 0000000000018de0 f   Uefi21:uefi21wapper.obj
 0001:00018bd8       HiiRemoveString            0000000000018e98 f   Uefi21:uefi21wapper.obj
 0001:00018c40       UefiIsEfiVariable          0000000000018f00 f   Uefi21:uefi21wapper.obj
 0001:00018cac       GetControlConditionVarId   0000000000018f6c f   Uefi21:uefi21wapper.obj
 0001:00018e04       ProcessActionQuestionConfiguration 00000000000190c4 f   Uefi21:uefi21wapper.obj
 0001:00018ee0       ProcessBrowserActionRequest 00000000000191a0 f   Uefi21:uefi21wapper.obj
 0001:00019088       UefiGetSpecialEqIDIfrPtr   0000000000019348 f   Uefi21:uefi21wapper.obj
 0001:0001922c       UefiGetSpecialEqIDValue    00000000000194ec f   Uefi21:uefi21wapper.obj
 0001:00019290       UefiCreateOneOfWithOptionsTemplate 0000000000019550 f   Uefi21:uefi21wapper.obj
 0001:00019320       UefiSpecialGuidCallback    00000000000195e0 f   Uefi21:uefi21wapper.obj
 0001:00019428       GetControlDataLength       00000000000196e8 f   Uefi21:uefi21wapper.obj
 0001:00019494       IsPasswordEncodeEnabled    0000000000019754 f   Uefi21:uefi21wapper.obj
 0001:00019598       UefiGetTime                0000000000019858 f   Uefi21:uefi21wapper.obj
 0001:000196f8       UefiSetTime                00000000000199b8 f   Uefi21:uefi21wapper.obj
 0001:000198b8       UpdateDestiantionQuestion  0000000000019b78 f   Uefi21:uefi21wapper.obj
 0001:000199ac       UefiRefershQuestionValueNvRAM 0000000000019c6c f   Uefi21:uefi21wapper.obj
 0001:00019cd4       FindDriverHealthDriverName 0000000000019f94 f   Uefi21:uefi21wapper.obj
 0001:0001a1c8       CtrlsSupportsHealthProtocol 000000000001a488 f   Uefi21:uefi21wapper.obj
 0001:0001a464       GetDrvHlthCtrlName         000000000001a724 f   Uefi21:uefi21wapper.obj
 0001:0001a66c       AddHandleIntoList          000000000001a92c f   Uefi21:uefi21wapper.obj
 0001:0001a6dc       SetDrvHealthHandleAndCtrlCount 000000000001a99c f   Uefi21:uefi21wapper.obj
 0001:0001a7a8       SetDriverHealthCount       000000000001aa68 f   Uefi21:uefi21wapper.obj
 0001:0001a9d8       DisplayMsgListMessageBox   000000000001ac98 f   Uefi21:uefi21wapper.obj
 0001:0001ac6c       DoDriverHealthOperation    000000000001af2c f   Uefi21:uefi21wapper.obj
 0001:0001b0c0       _GetControlInfo            000000000001b380 f   Uefi21:uefi21wapper.obj
 0001:0001b134       GetNumOfControls           000000000001b3f4 f   Uefi21:uefi21wapper.obj
 0001:0001b17c       _DestinationFormProcessed  000000000001b43c f   Uefi21:uefi21wapper.obj
 0001:0001b1ac       UefiVarsetnvramforCurrentform 000000000001b46c f   Uefi21:uefi21wapper.obj
 0001:0001b3f8       UefiLoadPreviousValuesforCurrentform 000000000001b6b8 f   Uefi21:uefi21wapper.obj
 0001:0001b5d4       GetCheckBoxStyle           000000000001b894 f   Uefi21:uefi21wapper.obj
 0001:0001b698       AddEntryIngProcessedForms  000000000001b958 f   Uefi21:uefi21wapper.obj
 0001:0001b708       GetMaxBasedOnClassCode     000000000001b9c8 f   Uefi21:uefi21wapper.obj
 0001:0001b8fc       SetCallBackControlInfo     000000000001bbbc f   Uefi21:FormBrowser2.obj
 0001:0001b984       UnInstallFormBrowserProtocol 000000000001bc44 f   Uefi21:FormBrowser2.obj
 0001:0001ba58       SendForm                   000000000001bd18 f   Uefi21:FormBrowser2.obj
 0001:0001be78       BrowserCallback            000000000001c138 f   Uefi21:FormBrowser2.obj
 0001:0001c2f4       _StorageToConfigResp       000000000001c5b4 f   Uefi21:FormBrowser2.obj
 0001:0001c410       _ConfigRespToStorage       000000000001c6d0 f   Uefi21:FormBrowser2.obj
 0001:0001c590       HiiGetForm                 000000000001c850 f   Uefi21:hii.obj
 0001:0001c718       _GetClassSubClassID        000000000001c9d8 f   Uefi21:hii.obj
 0001:0001c790       _MergePageIdListAndInfo    000000000001ca50 f   Uefi21:hii.obj
 0001:0001c880       _MergePageListAndInfo      000000000001cb40 f   Uefi21:hii.obj
 0001:0001ca2c       _MergeVariableListAndInfo  000000000001ccec f   Uefi21:hii.obj
 0001:0001cb9c       HiiExit                    000000000001ce5c f   Uefi21:hii.obj
 0001:0001cd78       HiiFixupData               000000000001d038 f   Uefi21:hii.obj
 0001:0001dc4c       _HiiLocateSetupHandles     000000000001df0c f   Uefi21:hii.obj
 0001:0001dd6c       _HiiGetLinkIndex           000000000001e02c f   Uefi21:hii.obj
 0001:0001debc       _HiiGetHandles             000000000001e17c f   Uefi21:hii.obj
 0001:0001df88       HiiLoadDefaults            000000000001e248 f   Uefi21:hii.obj
 0001:0001e0ec       HiiMyGetStringLength       000000000001e3ac f   Uefi21:hii.obj
 0001:0001e144       HiiMyGetMultiLineStringLength 000000000001e404 f   Uefi21:hii.obj
 0001:0001e224       HiiChangeString            000000000001e4e4 f   Uefi21:hii.obj
 0001:0001e2b4       HandleNewIFRPack           000000000001e574 f   Uefi21:hii.obj
 0001:0001e51c       HandleRemoveIFRPack        000000000001e7dc f   Uefi21:hii.obj
 0001:0001e8e8       HandleAddIFRPack           000000000001eba8 f   Uefi21:hii.obj
 0001:0001eac8       FixSetupData               000000000001ed88 f   Uefi21:hii.obj
 0001:0001eb64       _FxiupNotificationData     000000000001ee24 f   Uefi21:hii.obj
 0001:0001ebd8       _ReInitializeSetupdataPointers 000000000001ee98 f   Uefi21:hii.obj
 0001:0001ee48       UefiupdateResetButtonDefault 000000000001f108 f   Uefi21:hii.obj
 0001:0001ef88       GetDevPathFromHandle       000000000001f248 f   Uefi21:hii.obj
 0001:0001f000       GetStringFromDevPath       000000000001f2c0 f   Uefi21:hii.obj
 0001:0001f068       FixIFRRefXControl          000000000001f328 f   Uefi21:hii.obj
 0001:0001f0c0       UpdateIFRRefXControls      000000000001f380 f   Uefi21:hii.obj
 0001:0001f724       GetPageIdFromGuid          000000000001f9e4 f   Uefi21:hii.obj
 0001:0001f7fc       GetRWVariableID            000000000001fabc f   Uefi21:hii.obj
 0001:0001f84c       GetSetDefaultsFromControlPtr 000000000001fb0c f   Uefi21:hii.obj
 0001:0001fb64       CheckRefreshIDForPage      000000000001fe24 f   Uefi21:hii.obj
 0001:0001fc88       CheckControlCondition      000000000001ff48 f   Uefi21:CtrlCond.obj
 0001:00020094       CheckInconsistence         0000000000020354 f   Uefi21:CtrlCond.obj
 0001:00020254       CheckNoSubmitIf            0000000000020514 f   Uefi21:CtrlCond.obj
 0001:00020394       CheckOneOfOptionSuppressIf 0000000000020654 f   Uefi21:CtrlCond.obj
 0001:00020410       FormCallBack               00000000000206d0 f   Uefi21:HiiCallback.obj
 0001:0002055c       CallFormCallBack           000000000002081c f   Uefi21:HiiCallback.obj
 0001:00020bb8       UefiPreControlUpdate       0000000000020e78 f   Uefi21:HiiCallback.obj
 0001:00020c74       SavePswdString             0000000000020f34 f   Uefi21:HiiCallback.obj
 0001:00020d04       UEFICallSetupFormCallBack  0000000000020fc4 f   Uefi21:HiiCallback.obj
 0001:00020e00       UefiGetActionWapper        00000000000210c0 f   Uefi21:HiiCallback.obj
 0001:00020e4c       _DisplayErrorMessage       000000000002110c f   Uefi21:Parse.obj
 0001:00020ea0       _AddVariable               0000000000021160 f   Uefi21:Parse.obj
 0001:00021358       GetDefaultValue            0000000000021618 f   Uefi21:Parse.obj
 0001:000214f8       _GetPageIdIndex            00000000000217b8 f   Uefi21:Parse.obj
 0001:000215fc       _GetPageNumFromFormID      00000000000218bc f   Uefi21:Parse.obj
 0001:00021638       _GetVarNumFromVarID        00000000000218f8 f   Uefi21:Parse.obj
 0001:000217b8       _InitFormsetLinks          0000000000021a78 f   Uefi21:Parse.obj
 0001:00021d08       _IsVarGuidPresent          0000000000021fc8 f   Uefi21:Parse.obj
 0001:00021e00       _UpdateDefaults            00000000000220c0 f   Uefi21:Parse.obj
 0001:000226f0       GetValueFromOpCode         00000000000229b0 f   Uefi21:Parse.obj
 0001:00022a04       EvaluateReadWrite          0000000000022cc4 f   Uefi21:Parse.obj
 0001:00022ee4       _AddHpkControls            00000000000231a4 f   Uefi21:Parse.obj
 0001:00023c48       AddControlToList           0000000000023f08 f   Uefi21:Parse.obj
 0001:00023d0c       AddPageIdToList            0000000000023fcc f   Uefi21:Parse.obj
 0001:00023e88       AddPageToList              0000000000024148 f   Uefi21:Parse.obj
 0001:00024020       AddVariableToList          00000000000242e0 f   Uefi21:Parse.obj
 0001:00024198       CreatePage                 0000000000024458 f   Uefi21:Parse.obj
 0001:0002427c       ParseForm                  000000000002453c f   Uefi21:Parse.obj
 0001:00024c74       _AdvAddControlToList       0000000000024f34 f   Uefi21:Parse.obj
 0001:00024d28       _AdvAddPageToList          0000000000024fe8 f   Uefi21:Parse.obj
 0001:00024f3c       _ReplacePageWithNewPage    00000000000251fc f   Uefi21:Parse.obj
 0001:00025078       _InvalidateExistingPage    0000000000025338 f   Uefi21:Parse.obj
 0001:00025130       RefreshGroupOnCallBack     00000000000253f0 f   Uefi21:Parse.obj
 0001:0002519c       RefreshGroupOnCallBackForPage 000000000002545c f   Uefi21:Parse.obj
 0001:00025248       CreateEventforIFR          0000000000025508 f   Uefi21:Parse.obj
 0001:0002534c       CreateEventForPageRefresh  000000000002560c f   Uefi21:Parse.obj
 0001:0002545c       WriteOrderListDefaultsInNVRAM 000000000002571c f   Uefi21:Parse.obj
 0001:00025768       ValidateParseForm          0000000000025a28 f   Uefi21:Parse.obj
 0001:000258f8       PushScope                  0000000000025bb8 f   Uefi21:Expression.obj
 0001:00025964       PopScope                   0000000000025c24 f   Uefi21:Expression.obj
 0001:000259bc       PushExpression             0000000000025c7c f   Uefi21:Expression.obj
 0001:00025a24       PopExpression              0000000000025ce4 f   Uefi21:Expression.obj
 0001:00025a68       IfrToString                0000000000025d28 f   Uefi21:Expression.obj
 0001:00025b50       IfrToUint                  0000000000025e10 f   Uefi21:Expression.obj
 0001:00025c70       IfrCatenate                0000000000025f30 f   Uefi21:Expression.obj
 0001:00025df8       IfrMatch                   00000000000260b8 f   Uefi21:Expression.obj
 0001:00025ee0       IfrMatch2                  00000000000261a0 f   Uefi21:Expression.obj
 0001:000261fc       IfrFind                    00000000000264bc f   Uefi21:Expression.obj
 0001:000263a8       IfrMid                     0000000000026668 f   Uefi21:Expression.obj
 0001:00026500       IfrToken                   00000000000267c0 f   Uefi21:Expression.obj
 0001:00026694       IfrSpan                    0000000000026954 f   Uefi21:Expression.obj
 0001:0002684c       CompareHiiValue            0000000000026b0c f   Uefi21:Expression.obj
 0001:00026988       _GetValueFromQuestionId    0000000000026c48 f   Uefi21:Expression.obj
 0001:00026d38       _SetValueFromQuestionId    0000000000026ff8 f   Uefi21:Expression.obj
 0001:00026e88       GetpageIdFromGuid          0000000000027148 f   Uefi21:Expression.obj
 0001:00026f40       EvaluateExpression         0000000000027200 f   Uefi21:Expression.obj
 0001:00028230       _SkipExpression            00000000000284f0 f   Uefi21:Expression.obj
 0001:00028284       IFRChangeNotifyFn          0000000000028544 f   Uefi21:HiiNotificationHandler.obj
 0001:00028384       RemoveFromQueueByEntry     0000000000028644 f   Uefi21:HiiNotificationHandler.obj
 0001:00028434       RemoveNotifFromQueueByHandleType 00000000000286f4 f   Uefi21:HiiNotificationHandler.obj
 0001:0002854c       RemoveDuplicateIFRNotification 000000000002880c f   Uefi21:HiiNotificationHandler.obj
 0001:000286f8       DoReConnectPageHandles     00000000000289b8 f   Uefi21:HiiNotificationHandler.obj
 0001:000287b0       StyleInit                  0000000000028a70 f   Ezport:stylecommon.obj
 0001:00028888       StyleFrameSetControlPositions 0000000000028b48 f   Ezport:stylecommon.obj
 0001:0002894c       OverRideStyleDrawPageBorder 0000000000028c0c f   Ezport:ezport.obj
 0001:00028ce4       HandleEscKey               0000000000028fa4 f   Ezport:ezport.obj
 0001:00028d0c       HandleSaveExitKey          0000000000028fcc f   Ezport:ezport.obj
 0001:00028d38       HandlePrevValuesKey        0000000000028ff8 f   Ezport:ezport.obj
 0001:00028d58       HandleOptimalKey           0000000000029018 f   Ezport:ezport.obj
 0001:00028d88       HandleHelpKey              0000000000029048 f   Ezport:ezport.obj
 0001:00028da8       MainFrameHandlewithMouse   0000000000029068 f   Ezport:ezport.obj
 0001:00028dcc       NavFrameHandlewithMouse    000000000002908c f   Ezport:ezport.obj
 0001:00028eac       StyleInitRecalculateFrames 000000000002916c f   Ezport:ezport.obj
 0001:00029288       OverRideStyleInitializeFrame 0000000000029548 f   Ezport:style.obj
 0001:00029480       OverRideStyleUpdateVersionString 0000000000029740 f   Ezport:style.obj
 0001:00029704       _StyleAddControl           00000000000299c4 f   Ezport:style.obj
 0001:000297a0       HiiLibGetPlatformLanguageInternal 0000000000029a60 f   AmiDxeLib:HiiUtilities.obj
 0001:0002981c       StringToChar16             0000000000029adc f   AmiDxeLib:HiiUtilities.obj
 0001:000299c8       StringToBlock              0000000000029c88 f   AmiDxeLib:HiiUtilities.obj
 0001:0002a50c       HiiLibGetStringEx          000000000002a7cc f   AmiDxeLib:HiiUtilities.obj
 0001:0002a664       HiiLibGetBrowserData       000000000002a924 f   AmiDxeLib:HiiUtilities.obj
 0001:0002a7e8       HiiLibSetBrowserData       000000000002aaa8 f   AmiDxeLib:HiiUtilities.obj
 0001:0002a9f4       MemCmp                     000000000002acb4 f   AmiDxeLib:Memory.obj
 0001:0002aa6c       LibInitStatusCodePtr       000000000002ad2c f   AmiDxeLib:EfiLib.obj
 0001:0002aaf0       LibReportStatusCode        000000000002adb0 f   AmiDxeLib:EfiLib.obj
 0001:0002ab68       FindDeviceName             000000000002ae28 f   AmiDxeLib:EfiLib.obj
 0001:0002ada4       Malloc                     000000000002b064 f   AmiDxeLib:EfiLib.obj
 0001:0002add0       MallocZ                    000000000002b090 f   AmiDxeLib:EfiLib.obj
 0001:0002ae10       IsValidDevicePath          000000000002b0d0 f   AmiDxeLib:EfiLib.obj
 0001:0002ae78       DPLength                   000000000002b138 f   AmiDxeLib:EfiLib.obj
 0001:0002aebc       DPAddNode                  000000000002b17c f   AmiDxeLib:EfiLib.obj
 0001:0002af94       DPCopy                     000000000002b254 f   AmiDxeLib:EfiLib.obj
 0001:0002afdc       GetEfiVariable             000000000002b29c f   AmiDxeLib:EfiLib.obj
 0001:0002b09c       ItoaHelper                 000000000002b35c f   AmiDxeLib:StdLibC.obj
 0001:0002b110       StrtolEx                   000000000002b3d0 f   AmiDxeLib:StdLibC.obj
 0001:0002b1d8       GetStatusCodeString        000000000002b498 f   AmiDxeLib:StdLibC.obj
 0001:0002b2c0       Swprintf_s_va_list         000000000002b580 f   AmiDxeLib:StdLibC.obj
 0001:0002b714       SPrint                     000000000002b9d4 f   Minisetup:print.obj
 0001:0002b714       Swprintf_s                 000000000002b9d4 f   AmiDxeLib:StdLibC.obj
 0001:0002b734       _GetSupportedLanguages     000000000002b9f4 f   AMITSE:hiistring21.obj
 0001:0002b7cc       _GetNextLanguage           000000000002ba8c f   AMITSE:hiistring21.obj
 0001:0002b848       Uefi21HiiGetStringLanguage 000000000002bb08 f   AMITSE:hiistring21.obj
 0001:0002bbbc       UefiHiiTestPrintLength     000000000002be7c f   AMITSE:hiistring21.obj
 0001:0002bd60       HiiString2BltBuffer        000000000002c020 f   AMITSE:hiistring21.obj
 0001:0002bf28       FormHotBootKeys            000000000002c1e8 f   AMITSE:hiistring21.obj
 0001:0002c128       FindandSetHotKeys          000000000002c3e8 f   AMITSE:hiistring21.obj
 0001:0002c340       FindtheMatchUptoEndNode    000000000002c600 f   AMITSE:hiistring21.obj
 0001:0002c458       MatchDPHandleWithDrvHlthHndls 000000000002c718 f   AMITSE:hiistring21.obj
 0001:0002c624       CheckForDeviceNeedRepair   000000000002c8e4 f   AMITSE:hiistring21.obj
 0001:0002c888       ReInstallBgrtWrapper       000000000002cb48 f   AMITSE:hiistring21.obj
 0001:0002c938       EditGetControlHeight       000000000002cbf8 f   TseLite:edit.obj
 0001:0002c938       MemoSetFocus               000000000002cbf8 f   TseLite:memo.obj
 0001:0002c938       MsgBoxGetControlHight      000000000002cbf8 f   TseLite:MessageBox.obj
 0001:0002c938       MemoSetCallback            000000000002cbf8 f   TseLite:memo.obj
 0001:0002c938       PopupEditGetControlHeight  000000000002cbf8 f   TseLite:PopupEdit.obj
 0001:0002c938       ControlHandleAction        000000000002cbf8 f   TseLite:control.obj
 0001:0002c938       TimeSetCallback            000000000002cbf8 f   TseLite:time.obj
 0001:0002c938       ObjectHandleAction         000000000002cbf8 f   TseLite:object.obj
 0001:0002c938       ControlSetFocus            000000000002cbf8 f   TseLite:control.obj
 0001:0002c938       TextSetFocus               000000000002cbf8 f   TseLite:Text.obj
 0001:0002c938       MenuGetControlHight        000000000002cbf8 f   TseLite:Menu.obj
 0001:0002c938       BootFlowExitHook           000000000002cbf8 f   AMITSE:hiistring21.obj
 0001:0002c938       ListBoxGetControlHeight    000000000002cbf8 f   TseLite:ListBox.obj
 0001:0002c938       PopupGetControlHeight      000000000002cbf8 f   TseLite:popup.obj
 0001:0002c938       DateSetCallback            000000000002cbf8 f   TseLite:Date.obj
 0001:0002c938       PopupHandleAction          000000000002cbf8 f   TseLite:popup.obj
 0001:0002c944       HiiInitializeProtocol      000000000002cc04 f   AMITSE:CommonHelper.obj
 0001:0002ca08       HiiChangeStringLanguage    000000000002ccc8 f   AMITSE:CommonHelper.obj
 0001:0002cb24       InitUnicodeCollectionProtocol 000000000002cde4 f   AMITSE:CommonHelper.obj
 0001:0002cb6c       CsmBBSBootOptionName       000000000002ce2c f   AMITSE:CommonHelper.obj
 0001:0002cc50       CsmRearrangeBBSOrderVariable 000000000002cf10 f   AMITSE:CommonHelper.obj
 0001:0002cd40       CsmBBSUpdateOrder          000000000002d000 f   AMITSE:CommonHelper.obj
 0001:0002ceac       PasswordCheckInstalled     000000000002d16c f   AMITSE:CommonHelper.obj
 0001:0002cf5c       PasswordUpdate             000000000002d21c f   AMITSE:CommonHelper.obj
 0001:0002cfdc       PopupPasswordCheckInstalled 000000000002d29c f   AMITSE:CommonHelper.obj
 0001:0002d0a0       GetAMITSEVariable          000000000002d360 f   AMITSE:CommonHelper.obj
 0001:0002d100       BBSBuildName               000000000002d3c0 f   AMITSE:CommonHelper.obj
 0001:0002d2b0       GetAdvanceDeviceName       000000000002d570 f   AMITSE:CommonHelper.obj
 0001:0002d3f8       LaunchHotKeyBootOption     000000000002d6b8 f   AMITSE:CommonHelper.obj
 0001:0002d428       LegacyBootFailHook         000000000002d6e8 f   AMITSE:CommonHelper.obj
 0001:0002d504       UefiBootFailHook           000000000002d7c4 f   AMITSE:CommonHelper.obj
 0001:0002d614       GetGraphicsBitMapFromFV    000000000002d8d4 f   AMITSE:CommonHelper.obj
 0001:0002d6e8       InvalidateStatusInBgrtWrapper 000000000002d9a8 f   AMITSE:CommonHelper.obj
 0001:0002d7ac       UninstallBgrtWrapper       000000000002da6c f   AMITSE:CommonHelper.obj
 0001:0002d83c       CheckAdvShiftState         000000000002dafc f   AMITSE:CommonHelper.obj
 0001:0002d8c4       GetFormSetTitleAndHelpWrapper 000000000002db84 f   AMITSE:CommonHelper.obj
 0001:0002d948       OsUpdateCapsuleWrap        000000000002dc08 f   AMITSE:CommonHelper.obj
 0001:0002da94       ProcessPackNotificationHook 000000000002dd54 f   AMITSE:CommonHelper.obj
 0001:0002db98       MainSetupLoopInitHook      000000000002de58 f   AMITSE:CommonHelper.obj
 0001:0002dc40       DrawQuietBootLogo          000000000002df00 f   AMITSE:commonoem.obj
 0001:0002e0b8       ProcessConInAvailability   000000000002e378 f   AMITSE:commonoem.obj
 0001:0002e1c0       ProcessEnterSetup          000000000002e480 f   AMITSE:commonoem.obj
 0001:0002e260       MapControlKeys             000000000002e520 f   AMITSE:commonoem.obj
 0001:0002e350       SupportOSIndication        000000000002e610 f   AMITSE:commonoem.obj
 0001:0002e54c       MinisetupDriverEntryHook   000000000002e80c f   AMITSE:commonoem.obj
 0001:0002e58c       CheckOEMKeyCallback        000000000002e84c f   AMITSE:commonoem.obj
 0001:0002e630       CheckForKey                000000000002e8f0 f   AMITSE:commonoem.obj
 0001:0002e908       BeforeEfiBootLaunch        000000000002ebc8 f   AMITSE:commonoem.obj
 0001:0002e910       SetControlColors           000000000002ebd0 f   AMITSE:commonoem.obj
 0001:0002ea10       LoadSetupDefaults          000000000002ecd0 f   AMITSE:commonoem.obj
 0001:0002ea18       MapControlMouseAction      000000000002ecd8 f   AMITSE:commonoem.obj
 0001:0002ea5c       ProcessUIInitHook          000000000002ed1c f   AMITSE:commonoem.obj
 0001:0002ec84       TseUpdateRootPageOrder     000000000002ef44 f   AMITSE:commonoem.obj
 0001:0002ef5c       ShowClassGuidFormsets      000000000002f21c f   AMITSE:commonoem.obj
 0001:0002efbc       BootFlowManageEntry        000000000002f27c f   AMITSE:bootflow.obj
 0001:0002f220       BootFlowManageExit         000000000002f4e0 f   AMITSE:bootflow.obj
 0001:0002f3d0       SearchDevMapByType         000000000002f690 f   AMITSE:FixedBootOrderTse.obj
 0001:0002f40c       FixedBootOrderSetupEnter   000000000002f6cc f   AMITSE:FixedBootOrderTse.obj
 0001:0002f4a0       FixedBootOrderToBoot       000000000002f760 f   AMITSE:FixedBootOrderTse.obj
 0001:0002fbd4       SetBootVariable            000000000002fe94 f   AMITSE:FixedBootOrderTse.obj
 0001:0002fd28       AdjustLegacyDevOrder       000000000002ffe8 f   AMITSE:FixedBootOrderTse.obj
 0001:0002fe34       FixedBootOrderSaveChange   00000000000300f4 f   AMITSE:FixedBootOrderTse.obj
 0001:000304c0       PreserveFboSetting         0000000000030780 f   AMITSE:FixedBootOrderTse.obj
 0001:0003057c       FixedBootOrderLoadedConfigDefaults 000000000003083c f   AMITSE:FixedBootOrderTse.obj
 0001:00030678       FixedBootOrderLoadPreviousString 0000000000030938 f   AMITSE:FixedBootOrderTse.obj
 0001:000307b8       SetLegacyDevMap            0000000000030a78 f   AMITSE:FixedBootOrderTse.obj
 0001:000307c4       SetUefiDevMap              0000000000030a84 f   AMITSE:FixedBootOrderTse.obj
 0001:000307d0       SetDualDevMap              0000000000030a90 f   AMITSE:FixedBootOrderTse.obj
 0001:000307dc       GetLegacyDevMap            0000000000030a9c f   AMITSE:FixedBootOrderTse.obj
 0001:000307e4       GetUefiDevMap              0000000000030aa4 f   AMITSE:FixedBootOrderTse.obj
 0001:000307ec       GetDualDevMap              0000000000030aac f   AMITSE:FixedBootOrderTse.obj
 0001:000307f4       SetHiiMap                  0000000000030ab4 f   AMITSE:FixedBootOrderTse.obj
 0001:00030800       GetHiiMap                  0000000000030ac0 f   AMITSE:FixedBootOrderTse.obj
 0001:00030808       SetNewDescription          0000000000030ac8 f   AMITSE:FixedBootOrderTse.obj
 0001:00030834       GetNewDescription          0000000000030af4 f   AMITSE:FixedBootOrderTse.obj
 0001:0003083c       FBO_Protocol_install       0000000000030afc f   AMITSE:FixedBootOrderTse.obj
 0001:00030904       SyncUserDefaultsPriorities 0000000000030bc4 f   AMITSE:FixedBootOrderTse.obj
 0001:00030984       LoadedUserDefaults         0000000000030c44 f   AMITSE:commonoem.obj
 0001:00030984       CheckForClick              0000000000030c44 f   AMITSE:commonoem.obj
 0001:00030984       LoadedBuildDefaults        0000000000030c44 f   AMITSE:commonoem.obj
 0001:00030984       AmiTcgDummyTseFunction     0000000000030c44 f   AMITSE:AmiTcgPpiHandshake.obj
 0001:00030984       HelpFrameHandlewithMouse   0000000000030c44 f   Ezport:ezport.obj
 0001:00030984       EventNotifySignalAllNullEvent 0000000000030c44 f   Minisetup:EDKhelper.obj
 0001:00030984       SetupConfigModified        0000000000030c44 f   AMITSE:commonoem.obj
 0001:00030984       AfterInitPostScreen        0000000000030c44 f   AMITSE:commonoem.obj
 0001:00030984       LoadedConfigDefaults       0000000000030c44 f   AMITSE:commonoem.obj
 0001:00030984       SetupShowDebugScreen       0000000000030c44 f   Ezport:ezport.obj
 0001:00030984       ProcessProceedToBoot       0000000000030c44 f   AMITSE:commonoem.obj
 0001:00030984       LastTSEHook                0000000000030c44 f   Minisetup:HookAnchor.obj
 0001:00030984       StyleLabelCallback         0000000000030c44 f   Ezport:stylecommon.obj
 0001:00030984       LoadedPreviousValues       0000000000030c44 f   AMITSE:commonoem.obj
 0001:00030984       SwitchToPostScreen         0000000000030c44 f   AMITSE:commonoem.obj
 0001:00030984       TimeOutLoopHook            0000000000030c44 f   AMITSE:commonoem.obj
 0001:00030984       PostManagerHandShakeHook   0000000000030c44 f   AMITSE:commonoem.obj
 0001:00030984       AfterLegacyBootLaunch      0000000000030c44 f   AMITSE:commonoem.obj
 0001:00030984       InvalidActionHook          0000000000030c44 f   AMITSE:commonoem.obj
 0001:00030984       BeforeLegacyBootLaunch     0000000000030c44 f   AMITSE:commonoem.obj
 0001:00030984       ProcessProceedToBootNow    0000000000030c44 f   AMITSE:commonoem.obj
 0001:00030984       ProcessConOutAvailable     0000000000030c44 f   AMITSE:commonoem.obj
 0001:00030984       PreSystemResetHook         0000000000030c44 f   AMITSE:commonoem.obj
 0001:00030984       AfterEfiBootLaunch         0000000000030c44 f   AMITSE:commonoem.obj
 0001:00030984       SavedConfigChanges         0000000000030c44 f   AMITSE:commonoem.obj
 0001:00030988       ConsoleInCallback          0000000000030c48 f   AMITSE:AmiTcgPpiHandshake.obj
 0001:00030a04       AmiTcgInstallPpiGuid       0000000000030cc4 f   AMITSE:AmiTcgPpiHandshake.obj
 0001:00030a7c       TcgUpdateDefaultsHook      0000000000030d3c f   AMITSE:HandleLoadDefaultsSetup.obj
 0001:00030ca0       FboSceSaveVariable         0000000000030f60 f   AMITSE:FboSceTse.obj
 0001:00030da0       FboSceSaves                0000000000031060 f   AMITSE:FboSceTse.obj
 0001:00030f80       GetPhysicalBlockIoHandle   0000000000031240 f   AMITSE:EfiOsBootOptionNames.obj
 0001:00031118       ConstructBootOptionNameByHandle 00000000000313d8 f   AMITSE:EfiOsBootOptionNames.obj
 0001:000312b0       GetHDDPort                 0000000000031570 f   AMITSE:EfiOsBootOptionNames.obj
 0001:000313dc       CreateNameWithUefiOS       000000000003169c f   AMITSE:EfiOsBootOptionNames.obj
 0001:0003160c       ChangeUefiBootNames        00000000000318cc f   AMITSE:EfiOsBootOptionNames.obj
 0001:00031674       CopyMem                    0000000000031934 f   BaseMemoryLibRepStr:CopyMemWrapper.obj
 0001:00031694       UnicodeSPrint              0000000000031954 f   BasePrintLib:PrintLib.obj
 0001:000316c8       BasePrintLibFillBuffer     0000000000031988 f   BasePrintLib:PrintLibInternal.obj
 0001:000316fc       BasePrintLibSPrintMarker   00000000000319bc f   BasePrintLib:PrintLibInternal.obj
 0001:00032568       BasePrintLibSPrint         0000000000032828 f   BasePrintLib:PrintLibInternal.obj
 0001:0003258c       InternalAllocatePool       000000000003284c f   UefiMemoryAllocationLib:MemoryAllocationLib.obj
 0001:000325c0       SHA256_Init                0000000000032880 f   OpensslLib:sha256.obj
 0001:00032660       SHA256_Update              0000000000032920 f   OpensslLib:sha256.obj
 0001:000328a0       SHA256_Final               0000000000032b60 f   OpensslLib:sha256.obj
 0001:00033330       OPENSSL_cleanse            00000000000335f0 f   OpensslLib:mem_clr.obj
 0001:00033358       BootUpdateOrder            0000000000033618 f   TseAdvanced:TseAdvanced.obj
 0001:00033508       DriverUpdateOrder          00000000000337c8 f   TseAdvanced:TseAdvanced.obj
 0001:000336bc       HandleSaveAndExit          000000000003397c f   TseAdvanced:TseAdvanced.obj
 0001:000336ec       HandleExitApplication      00000000000339ac f   TseAdvanced:TseAdvanced.obj
 0001:00033704       HandleSaveAndReset         00000000000339c4 f   TseAdvanced:TseAdvanced.obj
 0001:0003371c       HandleResetSys             00000000000339dc f   TseAdvanced:TseAdvanced.obj
 0001:00033754       HandleSaveWithoutExit      0000000000033a14 f   TseAdvanced:TseAdvanced.obj
 0001:00033788       HandleLoadPreviousValues   0000000000033a48 f   TseAdvanced:TseAdvanced.obj
 0001:000337a0       HandleLoadOptimalDefaults  0000000000033a60 f   TseAdvanced:TseAdvanced.obj
 0001:000337c0       HandleSaveUserDefaults     0000000000033a80 f   TseAdvanced:TseAdvanced.obj
 0001:000337e0       HandleRestoreUserDefaults  0000000000033aa0 f   TseAdvanced:TseAdvanced.obj
 0001:00033800       _SubMenuHandleSpecialOp    0000000000033ac0 f   TseAdvanced:TseAdvanced.obj
 0001:00033e5c       InitApplicationData        000000000003411c f   TseAdvanced:TseAdvanced.obj
 0001:00033edc       LoadUserDefaultsSilently   000000000003419c f   TseAdvanced:TseAdvanced.obj
 0001:000340b4       SaveUserDefaultsSilently   0000000000034374 f   TseAdvanced:TseAdvanced.obj
 0001:0003428c       SkipEscCode                000000000003454c f   TseAdvanced:TseAdvanced.obj
 0001:00034310       _CallbackMsgboxEx          00000000000345d0 f   TseAdvanced:TseAdvanced.obj
 0001:00034328       ShowPostMsgBoxEx           00000000000345e8 f   TseAdvanced:TseAdvanced.obj
 0001:0003473c       ShowPostProgress           00000000000349fc f   TseAdvanced:TseAdvanced.obj
 0001:000349c0       ShowPostMsgBox             0000000000034c80 f   TseAdvanced:TseAdvanced.obj
 0001:00034a88       _PostPopupEditDraw         0000000000034d48 f   TseAdvanced:TseAdvanced.obj
 0001:00034d78       _PostPopupEditGetValues    0000000000035038 f   TseAdvanced:TseAdvanced.obj
 0001:000351a4       ShowPostTextBox            0000000000035464 f   TseAdvanced:TseAdvanced.obj
 0001:00035888       _DisplayInfoCancelTimer    0000000000035b48 f   TseAdvanced:TseAdvanced.obj
 0001:000358c4       ShowInfoBox                0000000000035b84 f   TseAdvanced:TseAdvanced.obj
 0001:00035a68       ActionReadKey              0000000000035d28 f   TseAdvanced:TseAdvanced.obj
 0001:00035bbc       UpdateNVDefautls           0000000000035e7c f   TseAdvanced:TseAdvanced.obj
 0001:00035d4c       TseVarBuildAMIDefaults     000000000003600c f   TseAdvanced:TseAdvanced.obj
 0001:0003639c       GetBusStr                  000000000003665c f   TseAdvanced:Bbs.obj
 0001:00036824       _SpecialAddControl         0000000000036ae4 f   TseAdvanced:special.obj
 0001:0003690c       _SpecialAddMultipleControls 0000000000036bcc f   TseAdvanced:special.obj
 0001:00036f68       _SpecialFixupLanguages     0000000000037228 f   TseAdvanced:special.obj
 0001:0003710c       GetSpecialBootoptionToken  00000000000373cc f   TseAdvanced:special.obj
 0001:0003730c       _GetSpecialDriveroptionToken 00000000000375cc f   TseAdvanced:special.obj
 0001:000374c4       _SpecialFixupBootOrder     0000000000037784 f   TseAdvanced:special.obj
 0001:00037698       _SpecialFixupDriverOrder   0000000000037958 f   TseAdvanced:special.obj
 0001:0003786c       _SpecialFixupBBSOrder      0000000000037b2c f   TseAdvanced:special.obj
 0001:00037a90       _SpecialExplodeControl     0000000000037d50 f   TseAdvanced:special.obj
 0001:00037af4       _SpecialControlExtras      0000000000037db4 f   TseAdvanced:special.obj
 0001:00038150       FreeControlConditionPtr    0000000000038410 f   TseAdvanced:special.obj
 0001:00038318       SpecialUpdatePageControls  00000000000385d8 f   TseAdvanced:special.obj
 0001:00038654       _BootFlowCancelTimer       0000000000038914 f   TseAdvanced:bootflowLib.obj
 0001:00038688       _BootFlowSetActivePage     0000000000038948 f   TseAdvanced:bootflowLib.obj
 0001:0003870c       ConvertBmpToUgaBlt         00000000000389cc f   Minisetup:dobmpmgr.obj
 0001:00038970       SetPasswordType            0000000000038c30 f   Minisetup:postmgmtext.obj
 0001:00038a00       CheckSystemPassword        0000000000038cc0 f   Minisetup:postmgmtext.obj
 0001:00039038       _DrawPasswordWindow        00000000000392f8 f   Minisetup:postmgmtext.obj
 0001:00039318       _ReportInBox               00000000000395d8 f   Minisetup:postmgmtext.obj
 0001:000394bc       _GetPassword               000000000003977c f   Minisetup:postmgmtext.obj
 0001:0003989c       OrdListBoxCreate           0000000000039b5c f   TseLite:ordlistbox.obj
 0001:000398ec       OrdListBoxDestroy          0000000000039bac f   TseLite:ordlistbox.obj
 0001:00039938       OrdListBoxInitialize       0000000000039bf8 f   TseLite:ordlistbox.obj
 0001:00039960       OrdListBoxDraw             0000000000039c20 f   TseLite:ordlistbox.obj
 0001:00039968       DoOrdListCallBack          0000000000039c28 f   TseLite:ordlistbox.obj
 0001:00039b6c       OrdListBoxHandleAction     0000000000039e2c f   TseLite:ordlistbox.obj
 0001:00039f84       OrdListBoxSetCallback      000000000003a244 f   TseLite:ordlistbox.obj
 0001:00039f8c       OrdListBoxSetFocus         000000000003a24c f   TseLite:ordlistbox.obj
 0001:00039f94       OrdListBoxSetPosition      000000000003a254 f   TseLite:ordlistbox.obj
 0001:00039f9c       OrdListBoxSetDimensions    000000000003a25c f   TseLite:ordlistbox.obj
 0001:00039fa4       OrdListBoxSetAttributes    000000000003a264 f   TseLite:ordlistbox.obj
 0001:00039fac       _OrdListBoxCallback        000000000003a26c f   TseLite:ordlistbox.obj
 0001:00039fc4       _OrdListBoxShift           000000000003a284 f   TseLite:ordlistbox.obj
 0001:0003a168       _OrdListMultiLIneDraw      000000000003a428 f   TseLite:ordlistbox.obj
 0001:0003a500       _OrdListGetSelection       000000000003a7c0 f   TseLite:ordlistbox.obj
 0001:0003a698       ResetButtonCreate          000000000003a958 f   TseLite:ResetButton.obj
 0001:0003a6e8       ResetButtonInitialize      000000000003a9a8 f   TseLite:ResetButton.obj
 0001:0003a790       ResetButtonDraw            000000000003aa50 f   TseLite:ResetButton.obj
 0001:0003a8dc       ResetButtonHandleAction    000000000003ab9c f   TseLite:ResetButton.obj
 0001:0003a998       LabelCreate                000000000003ac58 f   TseLite:Label.obj
 0001:0003a9e8       LabelInitialize            000000000003aca8 f   TseLite:Label.obj
 0001:0003aa6c       LabelDraw                  000000000003ad2c f   TseLite:Label.obj
 0001:0003abfc       LabelHandleAction          000000000003aebc f   TseLite:Label.obj
 0001:0003ac64       NumericGetControlHeight    000000000003af24 f   TseLite:numeric.obj
 0001:0003ac64       OrdListBoxGetControlHeight 000000000003af24 f   TseLite:ordlistbox.obj
 0001:0003ac64       PopupSelGetControlHeight   000000000003af24 f   TseLite:PopupSel.obj
 0001:0003ac64       TextGetControlHeight       000000000003af24 f   TseLite:Text.obj
 0001:0003ac64       TimeGetControlHeight       000000000003af24 f   TseLite:time.obj
 0001:0003ac64       PopupPasswordGetControlHeight 000000000003af24 f   TseLite:PopupPassword.obj
 0001:0003ac64       LabelGetControlHeight      000000000003af24 f   TseLite:Label.obj
 0001:0003ac64       PopupStringGetControlHeight 000000000003af24 f   TseLite:PopupString.obj
 0001:0003ac64       SubMenuGetControlHeight    000000000003af24 f   TseLite:SubMenu.obj
 0001:0003ac64       DateGetControlHeight       000000000003af24 f   TseLite:Date.obj
 0001:0003ac70       MenuCreate                 000000000003af30 f   TseLite:Menu.obj
 0001:0003acc0       MenuDestroy                000000000003af80 f   TseLite:Menu.obj
 0001:0003acc0       TimeDestroy                000000000003af80 f   TseLite:time.obj
 0001:0003ad0c       MenuInitialize             000000000003afcc f   TseLite:Menu.obj
 0001:0003b288       MenuDraw                   000000000003b548 f   TseLite:Menu.obj
 0001:0003b7d0       _MenuCallCallback          000000000003ba90 f   TseLite:Menu.obj
 0001:0003b818       MenuHandleAction           000000000003bad8 f   TseLite:Menu.obj
 0001:0003b914       MenuSetFocus               000000000003bbd4 f   TseLite:Menu.obj
 0001:0003b924       MenuSetDimensions          000000000003bbe4 f   TseLite:Menu.obj
 0001:0003b938       MenuSetWidth               000000000003bbf8 f   TseLite:Menu.obj
 0001:0003b944       SubMenuCreate              000000000003bc04 f   TseLite:SubMenu.obj
 0001:0003b994       SubMenuDestroy             000000000003bc54 f   TseLite:SubMenu.obj
 0001:0003b994       DateDestroy                000000000003bc54 f   TseLite:Date.obj
 0001:0003b9c4       SubMenuInitialize          000000000003bc84 f   TseLite:SubMenu.obj
 0001:0003ba8c       SubMenuDraw                000000000003bd4c f   TseLite:SubMenu.obj
 0001:0003be74       SubMenuHandleAction        000000000003c134 f   TseLite:SubMenu.obj
 0001:0003c05c       _TimeDecrease              000000000003c31c f   TseLite:time.obj
 0001:0003c170       _TimeIncrease              000000000003c430 f   TseLite:time.obj
 0001:0003c26c       TimeCreate                 000000000003c52c f   TseLite:time.obj
 0001:0003c2bc       TimeInitialize             000000000003c57c f   TseLite:time.obj
 0001:0003c3a0       TimeDraw                   000000000003c660 f   TseLite:time.obj
 0001:0003c6e0       TimeHandleAction           000000000003c9a0 f   TseLite:time.obj
 0001:0003c764       _TimeHandleActionKeyMouse  000000000003ca24 f   TseLite:time.obj
 0001:0003caa8       TimeSetFocus               000000000003cd68 f   TseLite:time.obj
 0001:0003cb10       _TimeUpdateEntry           000000000003cdd0 f   TseLite:time.obj
 0001:0003cc20       NumericCreate              000000000003cee0 f   TseLite:numeric.obj
 0001:0003cc70       NumericDestroy             000000000003cf30 f   TseLite:numeric.obj
 0001:0003ccb8       CheckForRange              000000000003cf78 f   TseLite:numeric.obj
 0001:0003cd48       CheckForRangefromsetup     000000000003d008 f   TseLite:numeric.obj
 0001:0003cdd8       NumericInitialize          000000000003d098 f   TseLite:numeric.obj
 0001:0003cf90       NumericDraw                000000000003d250 f   TseLite:numeric.obj
 0001:0003d0b8       NumericSetCallback         000000000003d378 f   TseLite:numeric.obj
 0001:0003d0c0       NumericHandleAction        000000000003d380 f   TseLite:numeric.obj
 0001:0003d14c       CheckforIncrementandDecreament 000000000003d40c f   TseLite:numeric.obj
 0001:0003d2b8       NumericHandleActionKeyMouse 000000000003d578 f   TseLite:numeric.obj
 0001:0003d840       SubMenuSetFocus            000000000003db00 f   TseLite:SubMenu.obj
 0001:0003d840       PopupStringSetFocus        000000000003db00 f   TseLite:PopupString.obj
 0001:0003d840       PopupPasswordSetFocus      000000000003db00 f   TseLite:PopupPassword.obj
 0001:0003d840       PopupSelSetFocus           000000000003db00 f   TseLite:PopupSel.obj
 0001:0003d840       LabelSetFocus              000000000003db00 f   TseLite:Label.obj
 0001:0003d840       NumericSetFocus            000000000003db00 f   TseLite:numeric.obj
 0001:0003d890       NumericSetPosition         000000000003db50 f   TseLite:numeric.obj
 0001:0003d898       NumericSetDimensions       000000000003db58 f   TseLite:numeric.obj
 0001:0003d8a0       NumericSetAttributes       000000000003db60 f   TseLite:numeric.obj
 0001:0003d8a8       NumSPrint                  000000000003db68 f   TseLite:numeric.obj
 0001:0003d94c       TextCreate                 000000000003dc0c f   TseLite:Text.obj
 0001:0003d99c       TextDestroy                000000000003dc5c f   TseLite:Text.obj
 0001:0003d9f0       TextInitialize             000000000003dcb0 f   TseLite:Text.obj
 0001:0003db0c       TextDraw                   000000000003ddcc f   TseLite:Text.obj
 0001:0003dd80       TextHandleAction           000000000003e040 f   TseLite:Text.obj
 0001:0003ddbc       TextSetText                000000000003e07c f   TseLite:Text.obj
 0001:0003de2c       PopupPasswordCreate        000000000003e0ec f   TseLite:PopupPassword.obj
 0001:0003de7c       LabelDestroy               000000000003e13c f   TseLite:Label.obj
 0001:0003de7c       PopupPasswordDestroy       000000000003e13c f   TseLite:PopupPassword.obj
 0001:0003dec4       PopupPasswordInitialize    000000000003e184 f   TseLite:PopupPassword.obj
 0001:0003df4c       PopupPasswordDraw          000000000003e20c f   TseLite:PopupPassword.obj
 0001:0003e0ac       PopupPasswordAuthenticateLocal 000000000003e36c f   TseLite:PopupPassword.obj
 0001:0003e260       HandleESCOnInteractivePassword 000000000003e520 f   TseLite:PopupPassword.obj
 0001:0003e388       _PopupPasswordActivate     000000000003e648 f   TseLite:PopupPassword.obj
 0001:0003e9f0       PopupPasswordHandleAction  000000000003ecb0 f   TseLite:PopupPassword.obj
 0001:0003eabc       _CBPopupStringEdit         000000000003ed7c f   TseLite:PopupString.obj
 0001:0003eabc       _CBPopupEdit               000000000003ed7c f   TseLite:PopupPassword.obj
 0001:0003eacc       _PopupEditGetValue         000000000003ed8c f   TseLite:PopupPassword.obj
 0001:0003eacc       _PopupStringEditGetValue   000000000003ed8c f   TseLite:PopupString.obj
 0001:0003ec0c       _DoPopupEdit               000000000003eecc f   TseLite:PopupPassword.obj
 0001:0003edc4       PopupSelCreate             000000000003f084 f   TseLite:PopupSel.obj
 0001:0003ee14       PopupSelDestroy            000000000003f0d4 f   TseLite:PopupSel.obj
 0001:0003ee80       PopupSelInitialize         000000000003f140 f   TseLite:PopupSel.obj
 0001:0003f080       PopupSelDraw               000000000003f340 f   TseLite:PopupSel.obj
 0001:0003f4a0       DoPopupSelCallBack         000000000003f760 f   TseLite:PopupSel.obj
 0001:0003f59c       _PopupSelHandleActionKeyMouse 000000000003f85c f   TseLite:PopupSel.obj
 0001:0003f7b8       PopupSelHandleAction       000000000003fa78 f   TseLite:PopupSel.obj
 0001:0003f918       MsgBoxSetDimensions        000000000003fbd8 f   TseLite:MessageBox.obj
 0001:0003f918       PopupStringSetDimensions   000000000003fbd8 f   TseLite:PopupString.obj
 0001:0003f918       TextSetDimensions          000000000003fbd8 f   TseLite:Text.obj
 0001:0003f918       PopupSetDimensions         000000000003fbd8 f   TseLite:popup.obj
 0001:0003f918       PopupSelSetDimensions      000000000003fbd8 f   TseLite:PopupSel.obj
 0001:0003f918       PopupPasswordSetDimensions 000000000003fbd8 f   TseLite:PopupPassword.obj
 0001:0003f918       LabelSetDimensions         000000000003fbd8 f   TseLite:Label.obj
 0001:0003f918       ListBoxSetDimensions       000000000003fbd8 f   TseLite:ListBox.obj
 0001:0003f918       EditSetDimensions          000000000003fbd8 f   TseLite:edit.obj
 0001:0003f918       DateSetDimensions          000000000003fbd8 f   TseLite:Date.obj
 0001:0003f918       TimeSetDimensions          000000000003fbd8 f   TseLite:time.obj
 0001:0003f918       SubMenuSetDimensions       000000000003fbd8 f   TseLite:SubMenu.obj
 0001:0003f920       _PopupSelCallback          000000000003fbe0 f   TseLite:PopupSel.obj
 0001:0003f940       _PopupSelGetSelection      000000000003fc00 f   TseLite:PopupSel.obj
 0001:0003fb78       RearrangeBootDriverOrderVariable 000000000003fe38 f   TseLite:PopupSel.obj
 0001:0003fcd8       UefiActionCreate           000000000003ff98 f   TseLite:UefiAction.obj
 0001:0003fd28       UefiActionInitialize       000000000003ffe8 f   TseLite:UefiAction.obj
 0001:0003fdd8       UefiActionDraw             0000000000040098 f   TseLite:UefiAction.obj
 0001:0003ff6c       UefiActionHandleAction     000000000004022c f   TseLite:UefiAction.obj
 0001:000400bc       _ProcessActionCallback     000000000004037c f   TseLite:UefiAction.obj
 0001:00040188       DateCreate                 0000000000040448 f   TseLite:Date.obj
 0001:000401d8       DateInitialize             0000000000040498 f   TseLite:Date.obj
 0001:0004029c       DateDraw                   000000000004055c f   TseLite:Date.obj
 0001:000406fc       DateHandleAction           00000000000409bc f   TseLite:Date.obj
 0001:00040780       _DateHandleActionKeyMouse  0000000000040a40 f   TseLite:Date.obj
 0001:00040a88       DateSetFocus               0000000000040d48 f   TseLite:Date.obj
 0001:00040ad8       PopupEditSetAttributes     0000000000040d98 f   TseLite:PopupEdit.obj
 0001:00040ad8       PopupSelSetAttributes      0000000000040d98 f   TseLite:PopupSel.obj
 0001:00040ad8       LabelSetAttributes         0000000000040d98 f   TseLite:Label.obj
 0001:00040ad8       DateSetAttributes          0000000000040d98 f   TseLite:Date.obj
 0001:00040ad8       MsgBoxSetAttributes        0000000000040d98 f   TseLite:MessageBox.obj
 0001:00040ad8       PopupStringSetAttributes   0000000000040d98 f   TseLite:PopupString.obj
 0001:00040ad8       MemoSetAttributes          0000000000040d98 f   TseLite:memo.obj
 0001:00040ad8       ListBoxSetAttributes       0000000000040d98 f   TseLite:ListBox.obj
 0001:00040ad8       TimeSetAttributes          0000000000040d98 f   TseLite:time.obj
 0001:00040ad8       PopupSetAttributes         0000000000040d98 f   TseLite:popup.obj
 0001:00040ad8       SubMenuSetAttributes       0000000000040d98 f   TseLite:SubMenu.obj
 0001:00040ad8       MenuSetAttributes          0000000000040d98 f   TseLite:Menu.obj
 0001:00040ad8       PopupPasswordSetAttributes 0000000000040d98 f   TseLite:PopupPassword.obj
 0001:00040ad8       TextSetAttributes          0000000000040d98 f   TseLite:Text.obj
 0001:00040ad8       EditSetAttributes          0000000000040d98 f   TseLite:edit.obj
 0001:00040ae0       _DateGetWeekDay            0000000000040da0 f   TseLite:Date.obj
[...]
 0002:00005536       gLaunchOtherSetup          0000000000048eb6     Minisetup:protocol.obj
 0002:00005537       gDrawQuietBootMessage      0000000000048eb7     Minisetup:protocol.obj
 0002:00005538       pOSRecoveryOrder           0000000000048eb8     Minisetup:protocol.obj
 0002:00005540       gRecoveryBootingType       0000000000048ec0     Minisetup:protocol.obj
 0002:00005541       GifImageFlag               0000000000048ec1     Minisetup:logo.obj
 0002:00005542       gAddBgrtResolutions        0000000000048ec2     Minisetup:logo.obj
 0002:00005543       gBrowserCallbackEnabled    0000000000048ec3     Minisetup:boot.obj
 0002:00005544       gGifSrcX                   0000000000048ec4     Minisetup:logo.obj
 0002:00005546       gFileParsed                0000000000048ec6     Minisetup:boot.obj
 0002:00005547       gWatchDogTimerSet          0000000000048ec7     Minisetup:boot.obj
 0002:00005558       gGifSrcY                   0000000000048ed8     Minisetup:logo.obj
 0002:0000555a       IsSoftKbdDeActivateNotificationInstalled 0000000000048eda     TseLite:minisetupext.obj
 0002:0000555b       gSetupUpdated              0000000000048edb     TseLite:variable.obj
 0002:0000555c       gGifDestX                  0000000000048edc     Minisetup:logo.obj
 0002:0000555e       gTseCacheUpdated           0000000000048ede     TseLite:variable.obj
 0002:0000555f       gVariableChanged           0000000000048edf     TseLite:tselitecommon.obj
 0002:00005560       gGifDestY                  0000000000048ee0     Minisetup:logo.obj
 0002:00005562       gResetRequired             0000000000048ee2     TseLite:tselitecommon.obj
 0002:00005563       gUserTseCacheUpdated       0000000000048ee3     TseLite:tselitecommon.obj
 0002:00005564       gPostMenuLevel             0000000000048ee4     TseLite:minisetupext.obj
 0002:00005566       lButtonOnListBoxScroll     0000000000048ee6     TseLite:ListBox.obj
 0002:00005567       ScrollBarMoveAction        0000000000048ee7     TseLite:ListBox.obj
 0002:00005588       gCurrentBootHandle         0000000000048f08     Minisetup:boot.obj
 0002:00005590       gShellLaunchEvent          0000000000048f10     Minisetup:boot.obj
 0002:00005598       gShell20LaunchEvent        0000000000048f18     Minisetup:boot.obj
 0002:000055a8       gPostMenuData              0000000000048f28     TseLite:minisetupext.obj
 0002:000055b0       gDynamicParentPage         0000000000048f30     TseLite:minisetupext.obj
 0002:000055b3       gRequireSysReboot          0000000000048f33     Uefi21:FormBrowser2.obj
 0002:000055b4       gPageNavCount              0000000000048f34     TseLite:minisetupext.obj
 0002:000055b8       gNavStartPage              0000000000048f38     TseLite:minisetupext.obj
 0002:000055be       gHiiFormNotFound           0000000000048f3e     Uefi21:FormBrowser2.obj
 0002:000055bf       BrowserActionDiscard       0000000000048f3f     Uefi21:HiiCallback.obj
 0002:000055c0       NavPageStack               0000000000048f40     TseLite:minisetupext.obj
 0002:000055c8       NavPageStackSize           0000000000048f48     TseLite:minisetupext.obj
 0002:000055cc       gStartPage                 0000000000048f4c     TseLite:tselitecommon.obj
 0002:000055d0       gCurrNvramVarList          0000000000048f50     TseLite:variable.obj
 0002:000055d8       gCurrNvramVarCount         0000000000048f58     TseLite:variable.obj
 0002:000055e0       gPrevLangSize              0000000000048f60     TseLite:variable.obj
 0002:000055e8       gActiveFrame               0000000000048f68     TseLite:tselitecommon.obj
 0002:000055f0       gApp                       0000000000048f70     TseLite:tselitecommon.obj
 0002:00005600       gPageTitle                 0000000000048f80     TseLite:page.obj
 0002:00005610       gMsgBoxType                0000000000048f90     TseLite:MessageBox.obj
 0002:00005614       gSelIdx                    0000000000048f94     TseLite:AddBootOption.obj
 0002:00005616       Inconsistant               0000000000048f96     Uefi21:Parse.obj
 0002:00005617       NoSubmitIf                 0000000000048f97     Uefi21:Parse.obj
 0002:00005618       gFs                        0000000000048f98     TseLite:AddBootOption.obj
 0002:00005620       mPostMgr                   0000000000048fa0     TseLite:AddBootOption.obj
 0002:00005630       gDrvHandle                 0000000000048fb0     Uefi21:uefi21wapper.obj
 0002:00005638       gDrvHealthInstance         0000000000048fb8     Uefi21:uefi21wapper.obj
 0002:00005640       gDrvHealthHandlesHead      0000000000048fc0     Uefi21:uefi21wapper.obj
 0002:00005648       gProFormOffset             0000000000048fc8     Uefi21:uefi21wapper.obj
 0002:0000564c       gProFormOffsetAllocCount   0000000000048fcc     Uefi21:uefi21wapper.obj
 0002:00005650       gCurrLoadVarBuf            0000000000048fd0     Uefi21:uefi21wapper.obj
 0002:00005658       gFSetGuid                  0000000000048fd8     Uefi21:FormBrowser2.obj
 0002:00005660       gBrowserCallbackAction     0000000000048fe0     Uefi21:FormBrowser2.obj
 0002:00005688       gDevPathToTextProtocol     0000000000049008     Uefi21:hii.obj
 0002:00005690       gSetupCount                0000000000049010     Uefi21:hii.obj
 0002:00005698       gGuidDump                  0000000000049018     Uefi21:hii.obj
 0002:000056a0       gGuidDumpCount             0000000000049020     Uefi21:hii.obj
 0002:000056a8       gRefData                   0000000000049028     Uefi21:hii.obj
 0002:000056c0       IsRecursive                0000000000049040     Uefi21:Parse.obj
 0002:000056c1       gWarningIf                 0000000000049041     Uefi21:Parse.obj
 0002:000056c2       DefaultStoreCount          0000000000049042     Uefi21:Parse.obj
 0002:000056c3       gConditionOverForm         0000000000049043     Uefi21:Parse.obj
 0002:000056c4       CtrlVar                    0000000000049044     Uefi21:Parse.obj
 0002:000056c8       gnewCtrlVar                0000000000049048     Uefi21:Parse.obj
 0002:000056cc       gRefreshIdCount            000000000004904c     Uefi21:Parse.obj
 0002:000056d0       gDynamicPageCount          0000000000049050     Uefi21:Parse.obj
 0002:000056d8       gDynamicPageGroupCount     0000000000049058     Uefi21:Parse.obj
 0002:000056e0       gConditionalOverFormPtr    0000000000049060     Uefi21:Parse.obj
 0002:000056e8       gRefreshIdInfo             0000000000049068     Uefi21:Parse.obj
 0002:000056f0       gDynamicPageGroup          0000000000049070     Uefi21:Parse.obj
 0002:000056f8       gCurrDynamicPageGroup      0000000000049078     Uefi21:Parse.obj
 0002:000056fa       gIFRChangeNotify           000000000004907a     Uefi21:HiiNotificationHandler.obj
 0002:000056fb       gEnableProcessPack         000000000004907b     Uefi21:HiiNotificationHandler.obj
 0002:000056fc       gPackUpdatePending         000000000004907c     Uefi21:HiiNotificationHandler.obj
 0002:00005700       mOpCodeScopeStack          0000000000049080     Uefi21:Expression.obj
 0002:00005708       mOpCodeScopeStackEnd       0000000000049088     Uefi21:Expression.obj
 0002:00005710       mOpCodeScopeStackPointer   0000000000049090     Uefi21:Expression.obj
 0002:00005718       mExpressionEvaluationStack 0000000000049098     Uefi21:Expression.obj
 0002:00005720       mExpressionEvaluationStackEnd 00000000000490a0     Uefi21:Expression.obj
 0002:00005728       mExpressionEvaluationStackPointer 00000000000490a8     Uefi21:Expression.obj
 0002:00005730       gInconsistCondPtr          00000000000490b0     Uefi21:Expression.obj
 0002:00005738       mUnicodeCollation          00000000000490b8     Uefi21:Expression.obj
 0002:00005740       gRemovedHandle             00000000000490c0     Uefi21:HiiNotificationHandler.obj
 0002:00005748       gReconnectPageHandles      00000000000490c8     Uefi21:HiiNotificationHandler.obj
 0002:00005750       gNotificationQueue         00000000000490d0     Uefi21:HiiNotificationHandler.obj
 0002:000057c8       gHotKeysDetails            0000000000049148     AMITSE:hiistring21.obj
 0002:000057d0       gHotKeysCount              0000000000049150     AMITSE:hiistring21.obj
 0002:000057d8       gAllocateKeysCount         0000000000049158     AMITSE:hiistring21.obj
 0002:000057e0       gSkipEscCode               0000000000049160     AMITSE:hiistring21.obj
 0002:000057e8       GlyphWidthCache            0000000000049168     AMITSE:hiistring21.obj
 0002:000057f0       gEnableDrvNotification     0000000000049170     AMITSE:hiistring21.obj
 0002:000057f1       gPopupMenuShowAllBbsDev    0000000000049171     AMITSE:CommonHelper.obj
 0002:000057f2       gShowAllBbsDev             0000000000049172     AMITSE:CommonHelper.obj
 0002:000057f3       gIsSaveDisabledBBSDevicePath 0000000000049173     AMITSE:CommonHelper.obj
 0002:000057f4       gSetupHideDisableBootOptions 0000000000049174     AMITSE:CommonHelper.obj
 0002:000057f5       gPopupMenuHideDisableBootOptions 0000000000049175     AMITSE:CommonHelper.obj
 0002:000057f7       gIsRootPageOrderPresent    0000000000049177     AMITSE:commonoem.obj
 0002:000057f8       gEsaInterfaceForTSE        0000000000049178     AMITSE:hiistring21.obj
 0002:00005800       gPasswordEncodeList        0000000000049180     AMITSE:CommonHelper.obj
 0002:00005818       gSuppressDynamicFormsetList 0000000000049198     AMITSE:commonoem.obj
 0002:00005828       gRootPageOrderIndex        00000000000491a8     AMITSE:commonoem.obj
 0002:0000582a       LoadedDefault              00000000000491aa     AMITSE:FixedBootOrderTse.obj
 0002:0000582c       gTseSkipFBOModule          00000000000491ac     AMITSE:FixedBootOrderTse.obj
 0002:0000582d       FBO_EnterSetup             00000000000491ad     AMITSE:FixedBootOrderTse.obj
 0002:0000582f       FirstDownEvent             00000000000491af     TseLite:ordlistbox.obj
 0002:00005830       OemKeyCheckFnList          00000000000491b0     AMITSE:commonoem.obj
 0002:00005838       pFBOLegacyDevMap           00000000000491b8     AMITSE:FixedBootOrderTse.obj
 0002:00005840       pFBOUefiDevMap             00000000000491c0     AMITSE:FixedBootOrderTse.obj
 0002:00005848       pFBODualDevMap             00000000000491c8     AMITSE:FixedBootOrderTse.obj
 0002:00005850       pFBOHiiMap                 00000000000491d0     AMITSE:FixedBootOrderTse.obj
 0002:00005858       pFBONewDevDescription      00000000000491d8     AMITSE:FixedBootOrderTse.obj
 0002:00005860       IfrNvDataSubMenu           00000000000491e0     AMITSE:FixedBootOrderTse.obj
 0002:00005868       FixedBootGroup             00000000000491e8     AMITSE:FixedBootOrderTse.obj
 0002:00005870       gInfoBox                   00000000000491f0     TseAdvanced:TseAdvanced.obj
 0002:00005878       gPostLabelMargin           00000000000491f8     TseAdvanced:TseAdvanced.obj
 0002:0000587a       Flag                       00000000000491fa     TseLite:Text.obj
 0002:0000587b       IsMouseActionForSoftKbd    00000000000491fb     TseLite:PopupPassword.obj
 0002:00005880       gDriverPageHandle          0000000000049200     TseAdvanced:special.obj
 0002:00005898       pST                        0000000000049218     AmiDxeLib:EfiLib.obj
 0002:000058a0       pBS                        0000000000049220     AmiDxeLib:EfiLib.obj
 0002:000058a8       pRS                        0000000000049228     AmiDxeLib:EfiLib.obj
 0002:000058b0       pSmst                      0000000000049230     AmiDxeLib:EfiLib.obj
 0002:000058b8       TheImageHandle             0000000000049238     AmiDxeLib:EfiLib.obj
 0002:000058c0       gCursorTop                 0000000000049240     <common>
 0002:000058c8       gCursorLeft                0000000000049248     <common>
 0002:000058d0       DateTempNum                0000000000049250     <common>
 0002:000058e0       TimeTempNum                0000000000049260     <common>
 0002:000058e6       gOrderlistcount            0000000000049266     <common>
 0002:000058e8       gBootOptionTokenArray      0000000000049268     <common>
 0002:000058f0       gDriverOptionTokenArray    0000000000049270     <common>
 0002:000058f8       gDriverOptionTokenCount    0000000000049278     <common>
 0002:00005900       gBootOptionTokenCount      0000000000049280     <common>
 0002:00005908       TimerEnabled               0000000000049288     <common>
 0002:0000590c       gtempCurrentPage           000000000004928c     <common>
 0002:00005920       OriginalFixedBootPrioritiesBuffer 00000000000492a0     <common>
 0002:00005950       CurrentScreenresolutionX   00000000000492d0     <common>
 0002:00005958       CurrentScreenresolutionY   00000000000492d8     <common>
 0002:00005960       gRootPageOrder             00000000000492e0     <common>
 0002:00005980       gPlatformLang              0000000000049300     <common>
 0002:000059a8       gHiiFont                   0000000000049328     <common>
 0002:000059b0       gHiiString                 0000000000049330     <common>
 0002:000059b8       gHiiDatabase               0000000000049338     <common>
 0002:000059c0       VarKeyTable                0000000000049340     <common>
 0002:000059e0       RefreshEventGroupId        0000000000049360     <common>
 0002:000059f0       PageOffset                 0000000000049370     <common>
 0002:00005a00       RefreshEventPageGroupId    0000000000049380     <common>
 0002:00005a10       PageIdInfoPtr              0000000000049390     <common>
 0002:00005a18       PageIdInfoOffset           0000000000049398     <common>
 0002:00005a1c       FirstPageOffset            000000000004939c     <common>
 0002:00005a20       VariableListSize           00000000000493a0     <common>
 0002:00005a24       PageInfoOffset             00000000000493a4     <common>
 0002:00005a28       PageInfoPtr                00000000000493a8     <common>
 0002:00005a30       VariableListOffset         00000000000493b0     <common>
 0002:00005a34       PageListOffset             00000000000493b4     <common>
 0002:00005a38       VariableInfoSize           00000000000493b8     <common>
 0002:00005a40       PageIdListPtr              00000000000493c0     <common>
 0002:00005a48       TotalRootPages             00000000000493c8     <common>
 0002:00005a50       PageListPtr                00000000000493d0     <common>
 0002:00005a58       ControlListOffset          00000000000493d8     <common>
 0002:00005a60       VariableListPtr            00000000000493e0     <common>
 0002:00005a68       PageListSize               00000000000493e8     <common>
 0002:00005a6c       ControlListSize            00000000000493ec     <common>
 0002:00005a70       VariableInfoPtr            00000000000493f0     <common>
 0002:00005a78       PageIdListOffset           00000000000493f8     <common>
 0002:00005a7c       AllocatedFirstPageSize     00000000000493fc     <common>
 0002:00005a80       PageIdInfoSize             0000000000049400     <common>
 0002:00005a84       PageInfoSize               0000000000049404     <common>
 0002:00005a88       FirstPage                  0000000000049408     <common>
 0002:00005a90       VariableInfoOffset         0000000000049410     <common>
 0002:00005a94       PageIdListSize             0000000000049414     <common>
 0002:00005a98       NewPageInfo                0000000000049418     <common>
 0002:00005aa0       gSfNvMap                   0000000000049420     <common>
 0002:00005aa8       gSfHandleCount             0000000000049428     <common>
 0002:00005ab0       gSfHandles                 0000000000049430     <common>
 0002:00005ab8       gProcessedForms            0000000000049438     <common>
 0002:00005ac0       gHiiConfigRouting          0000000000049440     <common>
 0002:00005ac8       gCurrDynamicPageGroupClass 0000000000049448     <common>
 0002:00005ad0       gMsgBoxAction              0000000000049450     <common>
 0002:00005ad8       gToolPageIdList            0000000000049458     <common>
 0002:00005ae0       gGuidList                  0000000000049460     <common>
 0002:00005ae8       gToolControlInfo           0000000000049468     <common>
 0002:00005af0       gToolPages                 0000000000049470     <common>
 0002:00005af8       gToolVariables             0000000000049478     <common>
 0002:00005b00       gToolPageIdInfo            0000000000049480     <common>
 0002:00005b08       gPages                     0000000000049488     <common>
 0002:00005b10       gControlInfo               0000000000049490     <common>
 0002:00005b18       gSetupPkg                  0000000000049498     <common>
 0002:00005b20       gVariables                 00000000000494a0     <common>
 0002:00005b28       gScreen                    00000000000494a8     <common>
 0002:00005b30       gHpkInfoLength             00000000000494b0     <common>
 0002:00005b38       gPageIdInfo                00000000000494b8     <common>
 0002:00005b40       gHpkInfo                   00000000000494c0     <common>
 0002:00005b48       gPageIdList                00000000000494c8     <common>
 0002:00005b50       gPrevLanguage              00000000000494d0     <common>
 0002:00005b60       orgContext                 00000000000494e0     <common>
 0002:00005c28       gCurrLegacyBootData        00000000000495a8     <common>
 0002:00005c30       DISABLED_DRIVER_OPTION     00000000000495b0     <common>
 0002:00005c38       gPlatformRecoveryOpCount   00000000000495b8     <common>
 0002:00005c40       gBootOptionCount           00000000000495c0     <common>
 0002:00005c48       gPlatformRecoveryData      00000000000495c8     <common>
 0002:00005c50       gDriverData                00000000000495d0     <common>
 0002:00005c58       gBootData                  00000000000495d8     <common>
 0002:00005c60       gOSRecoveryData            00000000000495e0     <common>
 0002:00005c68       gLanguages                 00000000000495e8     <common>
 0002:00005c70       gLangCount                 00000000000495f0     <common>
 0002:00005c78       gDriverOptionCount         00000000000495f8     <common>
 0002:00005c80       DISABLED_BOOT_OPTION       0000000000049600     <common>
 0002:00005c88       gOSRecoveryOptionCount     0000000000049608     <common>
 0002:00005c90       gDevNames                  0000000000049610     <common>
 0002:00005c98       gBBSPopupSel               0000000000049618     <common>
 0002:00005ca0       gActiveBuffer              0000000000049620     <common>
 0002:00005ca8       gMaxBufY                   0000000000049628     <common>
 0002:00005cb0       gMaxBufX                   0000000000049630     <common>
 0002:00005cb8       gHiiHandle                 0000000000049638     <common>
 0002:00005cc0       gApplicationData           0000000000049640     <common>
 0002:00005cc8       gFlushBuffer               0000000000049648     <common>
 0002:00005cd0       gProgress                  0000000000049650     <common>
 0002:00005cd8       gPostscreenwithlogo        0000000000049658     <common>

 entry point at        0001:00000000

 Static symbols

 0001:000257e4       GrowStack                  0000000000025aa4 f    CIL library: CIL module
 0001:00029a48       FindDeviceHandle           0000000000029d08 f    CIL library: CIL module
 0001:00029bc0       StripValuePattern          0000000000029e80 f    CIL library: CIL module
 0001:00029c98       HiiAccessExtractConfig     0000000000029f58 f    CIL library: CIL module
 0001:00029fe0       HiiAccessRouteConfig       000000000002a2a0 f    CIL library: CIL module
 0001:0002a268       FindBestLanguage           000000000002a528 f    CIL library: CIL module
 0001:0002a398       GetSupportedLanguages      000000000002a658 f    CIL library: CIL module
 0001:0002a458       GetAnyLanguageString       000000000002a718 f    CIL library: CIL module
 0001:0002c938       HiiAccessFormCallback      000000000002cbf8 f    CIL library: CIL module
 0001:00032d60       sha256_block_data_order    0000000000033020 f    CIL library: CIL module
