 RuntimeDxe

 Timestamp is 6448e7ed (Wed Apr 26 16:59:25 2023)

 Preferred load address is 0000000000000000

 Start         Length     Name                   Class
 0001:00000000 00000a93H .text                   CODE
 0002:00000000 000000b0H .data                   DATA
 0002:000000b0 00000004H .rdata                  DATA
 0002:000000c0 000004b8H .bss                    DATA
 0003:00000000 0000009cH .pdata                  DATA
 0004:00000000 00000068H .xdata                  DATA

  Address         Publics by Value              Rva+Base               Lib:Object

 0000:00000000       __ImageBase                0000000000000000     <linker-defined>
 0001:00000000       _ModuleEntryPoint          0000000000001000 f   UefiDriverEntryPoint:DriverEntryPoint.obj
 0001:0000004c       ProcessLibraryConstructorList 000000000000104c f   RuntimeDxe:AutoGen.obj
 0001:000001d0       ProcessLibraryDestructorList 00000000000011d0 f   RuntimeDxe:AutoGen.obj
 0001:00000240       ProcessModuleEntryPointList 0000000000001240 f   RuntimeDxe:AutoGen.obj
 0001:00000364       RuntimeDriverConvertPointer 0000000000001364 f   RuntimeDxe:Runtime.obj
 0001:00000404       RuntimeDriverSetVirtualAddressMap 0000000000001404 f   RuntimeDxe:Runtime.obj
 0001:00000658       RuntimeDriverCalculateCrc32 0000000000001658 f   RuntimeDxe:Crc32.obj
 0001:000006c0       AmiDebugLibExitBsNotifyEvent 00000000000016c0 f   RuntimeAmiDebugLib:RuntimeAmiDebugLib.obj
 0001:000006cc       AmiDebugLibVirtualNotifyEvent 00000000000016cc f   RuntimeAmiDebugLib:RuntimeAmiDebugLib.obj
 0001:000006f4       RuntimeLibExitBootServicesEvent 00000000000016f4 f   UefiRuntimeLib:RuntimeLib.obj
 0001:000006fc       RuntimeLibVirtualNotifyEvent 00000000000016fc f   UefiRuntimeLib:RuntimeLib.obj
 0001:00000720       PeCoffLoaderRelocateImageForRuntime 0000000000001720 f   BasePeCoffLib:BasePeCoff.obj
 0001:00000898       InternalGetReportStatusCode 0000000000001898 f   RuntimeDxeReportStatusCodeLib:ReportStatusCodeLib.obj
 0001:000008f8       ReportStatusCodeLibVirtualAddressChange 00000000000018f8 f   RuntimeDxeReportStatusCodeLib:ReportStatusCodeLib.obj
 0001:00000920       ReportStatusCodeLibExitBootServices 0000000000001920 f   RuntimeDxeReportStatusCodeLib:ReportStatusCodeLib.obj
 0001:00000938       ReportStatusCode           0000000000001938 f   RuntimeDxeReportStatusCodeLib:ReportStatusCodeLib.obj
 0001:00000980       InternalMemSetMem          0000000000001980     BaseMemoryLibRepStr:SetMem.obj
 0001:000009a0       InternalMemCopyMem         00000000000019a0     BaseMemoryLibRepStr:CopyMem.obj
 0001:000009e0       InternalMemZeroMem         00000000000019e0     BaseMemoryLibRepStr:ZeroMem.obj
 0001:00000a00       InternalMemSetMem32        0000000000001a00     BaseMemoryLibRepStr:SetMem32.obj
 0001:00000a20       InternalMemSetMem64        0000000000001a20     BaseMemoryLibRepStr:SetMem64.obj
 0001:00000a40       AsmInvd                    0000000000001a40     BaseLib:Invd.obj
 0001:00000a50       AsmFlushCacheLine          0000000000001a50     BaseLib:FlushCacheLine.obj
 0001:00000a60       AsmCpuid                   0000000000001a60     BaseLib:CpuId.obj
 0001:00000a90       AsmWbinvd                  0000000000001a90     BaseLib:Wbinvd.obj
 0002:00000000       gEfiCallerIdGuid           0000000000002000     RuntimeDxe:AutoGen.obj
 0002:00000010       gEfiEventExitBootServicesGuid 0000000000002010     RuntimeDxe:AutoGen.obj
 0002:00000020       gEfiEventVirtualAddressChangeGuid 0000000000002020     RuntimeDxe:AutoGen.obj
 0002:00000030       gEfiRuntimeArchProtocolGuid 0000000000002030     RuntimeDxe:AutoGen.obj
 0002:00000040       gEfiLoadedImageProtocolGuid 0000000000002040     RuntimeDxe:AutoGen.obj
 0002:00000050       gEfiStatusCodeRuntimeProtocolGuid 0000000000002050     RuntimeDxe:AutoGen.obj
 0002:00000060       mRuntime                   0000000000002060     RuntimeDxe:Runtime.obj
 0002:000000b0       _gUefiDriverRevision       00000000000020b0     RuntimeDxe:AutoGen.obj
 0002:000000c0       mVirtualMap                00000000000020c0     RuntimeDxe:Runtime.obj
 0002:000000c8       mRuntimeHandle             00000000000020c8     RuntimeDxe:Runtime.obj
 0002:000000d0       gImageHandle               00000000000020d0     UefiBootServicesTableLib:UefiBootServicesTableLib.obj
 0002:000000d8       gST                        00000000000020d8     UefiBootServicesTableLib:UefiBootServicesTableLib.obj
 0002:000000e0       gBS                        00000000000020e0     UefiBootServicesTableLib:UefiBootServicesTableLib.obj
 0002:000000e8       gRT                        00000000000020e8     UefiRuntimeServicesTableLib:UefiRuntimeServicesTableLib.obj
 0002:00000118       mEfiGoneVirtual            0000000000002118     UefiRuntimeLib:RuntimeLib.obj
 0002:00000119       mEfiAtRuntime              0000000000002119     UefiRuntimeLib:RuntimeLib.obj
 0002:0000011a       mHaveExitedBootServices    000000000000211a     RuntimeDxeReportStatusCodeLib:ReportStatusCodeLib.obj
 0002:00000120       mReportStatusCodeLibStatusCodeProtocol 0000000000002120     RuntimeDxeReportStatusCodeLib:ReportStatusCodeLib.obj
 0002:00000128       mReportStatusCodeLibExitBootServicesEvent 0000000000002128     <common>
 0002:00000130       mReportStatusCodeLibVirtualAddressChangeEvent 0000000000002130     <common>
 0002:00000138       mInternalRT                0000000000002138     <common>
 0002:00000140       mEfiVirtualNotifyEvent     0000000000002140     <common>
 0002:00000148       mEfiExitBootServicesEvent  0000000000002148     <common>
 0002:00000160       mCrcTable                  0000000000002160     <common>
 0002:00000560       mVirtualMapDescriptorSize  0000000000002560     <common>
 0002:00000568       mMyImageBase               0000000000002568     <common>
 0002:00000570       mVirtualMapMaxIndex        0000000000002570     <common>

 entry point at        0001:00000000

 Static symbols

