 IdeRecovery

 Timestamp is 6448e7d0 (Wed Apr 26 16:58:56 2023)

 Preferred load address is 00000000

 Start         Length     Name                   Class
 0001:00000000 00001142H .text                   CODE
 0002:00000000 000000b0H .data                   DATA
 0002:000000b0 00000000H .rdata                  DATA
 0002:000000b0 00000014H .bss                    DATA

  Address         Publics by Value              Rva+Base       Lib:Object

 0001:00000000       __ModuleEntryPoint         00000240 f   PeimEntryPoint:PeimEntryPoint.obj
 0001:00000013       _Atapi_RecoveryPeimEntry   00000253 f   IdeRecovery:IdeRecovery.obj
 0001:0000008c       _Ata_RecoveryPeimEntry     000002cc f   IdeRecovery:IdeRecovery.obj
 0001:00000105       _AtaAtapiCommonInit        00000345 f   IdeRecovery:IdeRecovery.obj
 0001:0000040b       _Atapi_GetNumberOfBlockDevices 0000064b f   IdeRecovery:IdeRecovery.obj
 0001:00000445       _Atapi_GetBlockDeviceMediaInfo 00000685 f   IdeRecovery:IdeRecovery.obj
 0001:000004b1       _Atapi_ReadBlocks          000006f1 f   IdeRecovery:IdeRecovery.obj
 0001:0000055d       _Ata_GetNumberOfBlockDevices 0000079d f   IdeRecovery:IdeRecovery.obj
 0001:0000058e       _Ata_GetBlockDeviceMediaInfo 000007ce f   IdeRecovery:IdeRecovery.obj
 0001:000005e5       _Ata_ReadBlocks            00000825 f   IdeRecovery:IdeRecovery.obj
 0001:000006ce       _EnumerateDevices          0000090e f   IdeRecovery:IdeRecovery.obj
 0001:00000844       _Atapi_DiscoverDevice      00000a84 f   IdeRecovery:IdeRecovery.obj
 0001:000008ad       _Ata_DiscoverDevice        00000aed f   IdeRecovery:IdeRecovery.obj
 0001:0000095e       _AtapiPacketCommandIn      00000b9e f   IdeRecovery:IdeRecovery.obj
 0001:00000b52       _Inquiry                   00000d92 f   IdeRecovery:IdeRecovery.obj
 0001:00000bb8       _Atapi_DetectMedia         00000df8 f   IdeRecovery:IdeRecovery.obj
 0001:00000c78       _RequestSense              00000eb8 f   IdeRecovery:IdeRecovery.obj
 0001:00000cf5       _ReadCapacity              00000f35 f   IdeRecovery:IdeRecovery.obj
 0001:00000d78       _Atapi_ReadSectors         00000fb8 f   IdeRecovery:IdeRecovery.obj
 0001:00000e1a       _AtaPioDataIn              0000105a f   IdeRecovery:IdeRecovery.obj
 0001:00000f69       _Ata_ReadSectors           000011a9 f   IdeRecovery:IdeRecovery.obj
 0001:00000ff5       _WaitForBitsToClear        00001235 f   IdeRecovery:IdeRecovery.obj
 0001:0000103f       _WaitForBSYClear           0000127f f   IdeRecovery:IdeRecovery.obj
 0001:00001055       _DRQClear2                 00001295 f   IdeRecovery:IdeRecovery.obj
 0001:0000106b       _DRQReadyHelper            000012ab f   IdeRecovery:IdeRecovery.obj
 0001:000010f0       _memset                    00001330     AmiPeiLib:MemSet.obj
 0001:000010fa       _MemSetAsm                 0000133a f   AmiPeiLib:MemSet.obj
 0002:00000000       _gEfiPeiVirtualBlockIoPpiGuid 000013a0     IdeRecovery:AutoGen.obj
 0002:00000010       _gEfiPeiStallPpiGuid       000013b0     IdeRecovery:AutoGen.obj
 0002:00000020       _gPeiAtaControllerPpiGuid  000013c0     IdeRecovery:AutoGen.obj
 0002:00000030       _gIdeRecoveryNativeModePpiGuid 000013d0     IdeRecovery:IdeRecovery.obj
 0002:00000040       _PrimaryChannelLegacyIdeIoPortRegisters 000013e0     IdeRecovery:IdeRecovery.obj
 0002:00000054       _SecondaryChannelLegacyIdeIoPortRegisters 000013f4     IdeRecovery:IdeRecovery.obj
 0002:00000068       _PrimaryChannelNativeIdeIoPortRegisters 00001408     IdeRecovery:IdeRecovery.obj
 0002:0000007c       _SecondaryChannelNativeIdeIoPortRegisters 0000141c     IdeRecovery:IdeRecovery.obj
 0002:00000090       _Atapi_PpiDescriptor       00001430     IdeRecovery:IdeRecovery.obj
 0002:0000009c       _Ata_PpiDescriptor         0000143c     IdeRecovery:IdeRecovery.obj
 0002:000000b0       _gHaveCalledAtaAtapiCommonInit 00001450     IdeRecovery:IdeRecovery.obj
 0002:000000b1       _gIdeRecoveryNativeModeSupport 00001451     IdeRecovery:IdeRecovery.obj
 0002:000000b2       _gNativeIdeCount           00001452     IdeRecovery:IdeRecovery.obj
 0002:000000bc       _gNativeModePortRegsiters  0000145c     <common>
 0002:000000c0       _ThisPeiServices           00001460     <common>

 entry point at        0001:00000000

 Static symbols

 0001:000010d0       _ZeroMem                   00001310 f    CIL library: CIL module
