 NvramPei

 Timestamp is 6448e7d0 (Wed Apr 26 16:58:56 2023)

 Preferred load address is 00000000

 Start         Length     Name                   Class
 0001:00000000 0000141dH .text                   CODE
 0002:00000000 000005a0H .data                   DATA
 0002:000005a0 00000074H .rdata                  DATA
 0002:00000614 00000018H .bss                    DATA

  Address         Publics by Value              Rva+Base       Lib:Object

 0001:00000000       __ModuleEntryPoint         00000240 f   PeimEntryPoint:PeimEntryPoint.obj
 0001:0000000b       _PeiNvramDataCompatiblityChecker 0000024b f   NvramPei:NvramPei.obj
 0001:00000046       _VarPpiGetVariable         00000286 f   NvramPei:NvramPei.obj
 0001:00000080       _VarPpiGetNextVariableName 000002c0 f   NvramPei:NvramPei.obj
 0001:000000b5       _VarPpi2GetVariable        000002f5 f   NvramPei:NvramPei.obj
 0001:0000011a       _VarPpi2GetNextVariableName 0000035a f   NvramPei:NvramPei.obj
 0001:00000178       _GetNvramLocation          000003b8 f   NvramPei:NvramPei.obj
 0001:000001c0       _GetDefaultsInfoFromFvBb   00000400 f   NvramPei:NvramPei.obj
 0001:0000024f       _PeiGetStdDefaultsInfo     0000048f f   NvramPei:NvramPei.obj
 0001:00000271       _PeiInitNvram              000004b1 f   NvramPei:NvramPei.obj
 0001:00000569       _NvGetGuid                 000007a9 f   NvramPei:NvramRead.obj
 0001:00000584       _NvCalculateNvarChecksum   000007c4 f   NvramPei:NvramRead.obj
 0001:000005d2       _NvGetData                 00000812 f   NvramPei:NvramRead.obj
 0001:00000669       _NvIsVariable              000008a9 f   NvramPei:NvramRead.obj
 0001:000006e9       _NvGetNextValid            00000929 f   NvramPei:NvramRead.obj
 0001:00000764       _NvGetFirstValid           000009a4 f   NvramPei:NvramRead.obj
 0001:00000792       _NvarEqNvar                000009d2 f   NvramPei:NvramRead.obj
 0001:00000855       _NvVarEq                   00000a95 f   NvramPei:NvramRead.obj
 0001:000008f8       _NvFindVariable            00000b38 f   NvramPei:NvramRead.obj
 0001:00000932       _NvGetAttributesFromNvar   00000b72 f   NvramPei:NvramRead.obj
 0001:0000098d       _NvGetVariableFromNvar     00000bcd f   NvramPei:NvramRead.obj
 0001:000009f3       _NvGetVariable             00000c33 f   NvramPei:NvramRead.obj
 0001:00000a46       _NvGetNameFromNvar         00000c86 f   NvramPei:NvramRead.obj
 0001:00000b12       _NvGetNextVariableNvar     00000d52 f   NvramPei:NvramRead.obj
 0001:00000b9f       _NvInitInfoBuffer          00000ddf f   NvramPei:NvramRead.obj
 0001:00000bf5       _NvGetDefaultsInfo         00000e35 f   NvramPei:NvramRead.obj
 0001:00000c41       _NvGetVariable2            00000e81 f   NvramPei:NvramRead.obj
 0001:00000ca4       _NvGetNextVariableName2    00000ee4 f   NvramPei:NvramRead.obj
 0001:00000e36       _GetFvHeaderSize           00001076 f   NvramPei:NvramRead.obj
 0001:00000e87       _GetNvramFfsFileState      000010c7 f   NvramPei:NvramRead.obj
 0001:00000ea5       _IsMainNvramStoreValid     000010e5 f   NvramPei:NvramRead.obj
 0001:00000f0f       _GetPeiServicesTablePointer 0000114f f   PeiServicesTablePointerLibIdt:PeiServicesTablePointer.obj
 0001:00000f29       _CopyMem                   00001169 f   BaseMemoryLibRepStr:CopyMemWrapper.obj
 0001:00000f48       _MemCmp                    00001188 f   AmiPeiLib:Memory.obj
 0001:00000fa3       _SbIsDefaultConfigMode     000011e3 f   AmiCspLibPei:SbGeneric.obj
 0001:000010bb       _AmiGetFirstRomArea        000012fb f   PeiAmiRomLayoutLib:PeiAmiRomLayoutLib.obj
 0001:000010dc       _AmiGetNextRomArea         0000131c f   PeiAmiRomLayoutLib:PeiAmiRomLayoutLib.obj
 0001:0000111c       _AmiGetFirstRomAreaByGuid  0000135c f   PeiAmiRomLayoutLib:PeiAmiRomLayoutLib.obj
 0001:0000114e       _GetHobList                0000138e f   PeiHobLib:HobLib.obj
 0001:00001168       _GetNextHob                000013a8 f   PeiHobLib:HobLib.obj
 0001:00001195       _GetFirstGuidHob           000013d5 f   PeiHobLib:HobLib.obj
 0001:000011c3       _InternalPeiCreateHob      00001403 f   PeiHobLib:HobLib.obj
 0001:000011eb       _BuildGuidHob              0000142b f   PeiHobLib:HobLib.obj
 0001:00001208       _CopyGuid                  00001448 f   BaseMemoryLibRepStr:MemLibGuid.obj
 0001:0000122c       _CompareGuid               0000146c f   BaseMemoryLibRepStr:MemLibGuid.obj
 0001:00001250       _InternalMemCopyMem        00001490     BaseMemoryLibRepStr:CopyMem.obj
 0001:00001290       _memset                    000014d0     AmiPeiLib:MemSet.obj
 0001:0000129a       _MemSetAsm                 000014da f   AmiPeiLib:MemSet.obj
 0001:000012f0       _MemCpy32                  00001530     AmiPeiLib:MemCpy.obj
 0001:000012f0       _MemCpyAsm                 00001530 f   AmiPeiLib:MemCpy.obj
 0001:000012f0       _memcpy                    00001530     AmiPeiLib:MemCpy.obj
 0001:00001390       _EnableLongMode            000015d0 f   AmiPeiLib:EnableLongMode.obj
 0001:00001400       _InternalMemZeroMem        00001640     BaseMemoryLibRepStr:ZeroMem.obj
 0002:00000000       _gAmiNvramMainRomAreaGuid  00001660     NvramPei:AutoGen.obj
 0002:00000010       _gAmiNvramBackupRomAreaGuid 00001670     NvramPei:AutoGen.obj
 0002:00000020       _gAmiRomLayoutFfsFileGuid  00001680     NvramPei:AutoGen.obj
 0002:00000030       _gAmiRomLayoutGuid         00001690     NvramPei:AutoGen.obj
 0002:00000040       _gEfiPeiReadOnlyVariable2PpiGuid 000016a0     NvramPei:AutoGen.obj
 0002:00000050       _gEfiPeiReadOnlyVariablePpiGuid 000016b0     NvramPei:AutoGen.obj
 0002:00000060       _gPirqRegistersSave        000016c0     AmiCspLibPei:SbGeneric.obj
 0002:00000080       _RRegs                     000016e0     AmiCspLibPei:SbGeneric.obj
 0002:00000090       _EfiErrorStatus            000016f0     AmiPeiLib:StdLibC.obj
 0002:000003d0       _PiErrorStatus             00001a30     AmiPeiLib:StdLibC.obj
 0002:0000041c       _AmiErrorStatus            00001a7c     AmiPeiLib:StdLibC.obj
 0002:00000450       _EfiWarningStatus          00001ab0     AmiPeiLib:StdLibC.obj
 0002:000004b8       _PiWarningStatus           00001b18     AmiPeiLib:StdLibC.obj
 0002:00000500       _EfiUnknown                00001b60     AmiPeiLib:StdLibC.obj
 0002:0000054c       _IsResetConfigModeList     00001bac     NvramPei:NvramPei.obj
 0002:00000554       _CompatibilityChecker      00001bb4     NvramPei:NvramPei.obj
 0002:00000568       _VariablePpi               00001bc8     NvramPei:NvramPei.obj
 0002:00000570       _Variable2Ppi              00001bd0     NvramPei:NvramPei.obj
 0002:00000578       _VariablePpiListTemplate   00001bd8     NvramPei:NvramPei.obj
 0002:000005a0       ??_C@_1M@OAMLNNNM@?$AAS?$AAe?$AAt?$AAu?$AAp?$AA?$AA@ 00001c00     NvramPei:NvramPei.obj
 0002:000005ac       _FlashEmpty                00001c0c     AmiPeiLib:Tokens.obj
 0002:000005b0       _FlashEmptyNext            00001c10     AmiPeiLib:Tokens.obj
 0002:000005b4       _NvramAddress              00001c14     AmiPeiLib:Tokens.obj
 0002:000005b8       _NvramBackupAddress        00001c18     AmiPeiLib:Tokens.obj
 0002:000005bc       _NvramSize                 00001c1c     AmiPeiLib:Tokens.obj
 0002:000005c0       _NvSimulation              00001c20     AmiPeiLib:Tokens.obj
 0002:000005c4       _AmiDefaultsVariableGuid   00001c24     NvramPei:NvramRead.obj
 0002:000005d4       _MfgDefaults               00001c34     NvramPei:NvramRead.obj
 0002:000005ec       _StdDefaults               00001c4c     NvramPei:NvramRead.obj
 0002:00000604       _AmiNvramHobGuid           00001c64     NvramPei:NvramRead.obj
 0002:00000614       _PeiGetVariableHookList    00001c74     NvramPei:NvramPei.obj
 0002:00000618       _PeiGetNextVarNameHookList 00001c78     NvramPei:NvramPei.obj
 0002:0000061c       _IsMfgModeList             00001c7c     NvramPei:NvramPei.obj
 0002:00000620       _IsDefaultConfigModeList   00001c80     NvramPei:NvramPei.obj

 entry point at        0001:00000000

 Static symbols

 0001:00000fde       _GetAmiRomLayoutHeader     0000121e f    CIL library: CIL module
